Archive member included because of file (symbol)

/usr/lib/libc_nonshared.a(elf-init.oS)
                              /usr/lib/gcc/x86_64-linux-gnu/4.3.2/../../../../lib/crt1.o (__libc_csu_fini)

Discarded input sections

 .note.GNU-stack
                0x0000000000000000        0x0 /usr/lib/gcc/x86_64-linux-gnu/4.3.2/../../../../lib/crt1.o
 .note.GNU-stack
                0x0000000000000000        0x0 /usr/lib/gcc/x86_64-linux-gnu/4.3.2/../../../../lib/crti.o
 .note.GNU-stack
                0x0000000000000000        0x0 /usr/lib/gcc/x86_64-linux-gnu/4.3.2/crtbegin.o
 QMatrix::~QMatrix()
                0x0000000000000000        0x0 libsvm/libsvm-2.91/svm.o
 Kernel::swap_index(int, int) const
                0x0000000000000000        0x0 libsvm/libsvm-2.91/svm.o
 Kernel::kernel_precomputed(int, int) const
                0x0000000000000000        0x0 libsvm/libsvm-2.91/svm.o
 Kernel::kernel_poly(int, int) const
                0x0000000000000000        0x0 libsvm/libsvm-2.91/svm.o
 Kernel::kernel_linear(int, int) const
                0x0000000000000000        0x0 libsvm/libsvm-2.91/svm.o
 Solver::~Solver()
                0x0000000000000000        0x0 libsvm/libsvm-2.91/svm.o
 SVC_Q::get_QD() const
                0x0000000000000000        0x0 libsvm/libsvm-2.91/svm.o
 ONE_CLASS_Q::get_QD() const
                0x0000000000000000        0x0 libsvm/libsvm-2.91/svm.o
 SVR_Q::swap_index(int, int) const
                0x0000000000000000        0x0 libsvm/libsvm-2.91/svm.o
 SVR_Q::get_QD() const
                0x0000000000000000        0x0 libsvm/libsvm-2.91/svm.o
 Solver_NU::~Solver_NU()
                0x0000000000000000        0x0 libsvm/libsvm-2.91/svm.o
 Solver::~Solver()
                0x0000000000000000        0x0 libsvm/libsvm-2.91/svm.o
 Solver_NU::~Solver_NU()
                0x0000000000000000        0x0 libsvm/libsvm-2.91/svm.o
 QMatrix::~QMatrix()
                0x0000000000000000        0x0 libsvm/libsvm-2.91/svm.o
 SVC_Q::swap_index(int, int) const
                0x0000000000000000        0x0 libsvm/libsvm-2.91/svm.o
 ONE_CLASS_Q::swap_index(int, int) const
                0x0000000000000000        0x0 libsvm/libsvm-2.91/svm.o
 SVC_Q::get_Q(int, int) const
                0x0000000000000000        0x0 libsvm/libsvm-2.91/svm.o
 ONE_CLASS_Q::get_Q(int, int) const
                0x0000000000000000        0x0 libsvm/libsvm-2.91/svm.o
 SVR_Q::get_Q(int, int) const
                0x0000000000000000        0x0 libsvm/libsvm-2.91/svm.o
 Kernel::kernel_rbf(int, int) const
                0x0000000000000000        0x0 libsvm/libsvm-2.91/svm.o
 SVC_Q::~SVC_Q() 0x0000000000000000        0x0 libsvm/libsvm-2.91/svm.o
 SVC_Q::~SVC_Q() 0x0000000000000000        0x0 libsvm/libsvm-2.91/svm.o
 ONE_CLASS_Q::~ONE_CLASS_Q()
                0x0000000000000000        0x0 libsvm/libsvm-2.91/svm.o
 ONE_CLASS_Q::~ONE_CLASS_Q()
                0x0000000000000000        0x0 libsvm/libsvm-2.91/svm.o
 SVR_Q::~SVR_Q() 0x0000000000000000        0x0 libsvm/libsvm-2.91/svm.o
 SVR_Q::~SVR_Q() 0x0000000000000000        0x0 libsvm/libsvm-2.91/svm.o
 Kernel::kernel_sigmoid(int, int) const
                0x0000000000000000        0x0 libsvm/libsvm-2.91/svm.o
 vtable for Solver_NU
                0x0000000000000000        0x0 libsvm/libsvm-2.91/svm.o
 vtable for Solver 0x0000000000000000        0x0 libsvm/libsvm-2.91/svm.o
 vtable for Kernel 0x0000000000000000        0x0 libsvm/libsvm-2.91/svm.o
 typeinfo name for Solver_NU
                0x0000000000000000        0x0 libsvm/libsvm-2.91/svm.o
 typeinfo for Solver_NU
                0x0000000000000000        0x0 libsvm/libsvm-2.91/svm.o
 typeinfo name for Solver 0x0000000000000000        0x0 libsvm/libsvm-2.91/svm.o
 typeinfo for Solver 0x0000000000000000        0x0 libsvm/libsvm-2.91/svm.o
 typeinfo name for Kernel 0x0000000000000000        0x0 libsvm/libsvm-2.91/svm.o
 typeinfo for Kernel 0x0000000000000000        0x0 libsvm/libsvm-2.91/svm.o
 typeinfo for QMatrix 0x0000000000000000        0x0 libsvm/libsvm-2.91/svm.o
 typeinfo name for QMatrix 0x0000000000000000        0x0 libsvm/libsvm-2.91/svm.o
 vtable for SVC_Q 0x0000000000000000        0x0 libsvm/libsvm-2.91/svm.o
 typeinfo for SVC_Q 0x0000000000000000        0x0 libsvm/libsvm-2.91/svm.o
 typeinfo name for SVC_Q 0x0000000000000000        0x0 libsvm/libsvm-2.91/svm.o
 vtable for ONE_CLASS_Q
                0x0000000000000000        0x0 libsvm/libsvm-2.91/svm.o
 typeinfo for ONE_CLASS_Q
                0x0000000000000000        0x0 libsvm/libsvm-2.91/svm.o
 typeinfo name for ONE_CLASS_Q
                0x0000000000000000        0x0 libsvm/libsvm-2.91/svm.o
 vtable for SVR_Q 0x0000000000000000        0x0 libsvm/libsvm-2.91/svm.o
 typeinfo for SVR_Q 0x0000000000000000        0x0 libsvm/libsvm-2.91/svm.o
 typeinfo name for SVR_Q 0x0000000000000000        0x0 libsvm/libsvm-2.91/svm.o
 vtable for QMatrix 0x0000000000000000        0x0 libsvm/libsvm-2.91/svm.o
 DW.ref.__gxx_personality_v0
[...]
Memory Configuration

Name             Origin             Length             Attributes
*default*        0x0000000000000000 0xffffffffffffffff

Linker script and memory map

LOAD /usr/lib/gcc/x86_64-linux-gnu/4.3.2/../../../../lib/crt1.o
LOAD /usr/lib/gcc/x86_64-linux-gnu/4.3.2/../../../../lib/crti.o
LOAD /usr/lib/gcc/x86_64-linux-gnu/4.3.2/crtbegin.o
LOAD libsvm/libsvm-2.91/svm.o
LOAD connectLibsvm.o
LOAD libcrm114.a
LOAD /usr/lib/gcc/x86_64-linux-gnu/4.3.2/../../../../lib/libtre.so
LOAD /usr/lib/gcc/x86_64-linux-gnu/4.3.2/../../../../lib/libm.so
LOAD /usr/lib/gcc/x86_64-linux-gnu/4.3.2/libgcc.a
LOAD /usr/lib/gcc/x86_64-linux-gnu/4.3.2/libgcc_s.so
LOAD /usr/lib/gcc/x86_64-linux-gnu/4.3.2/../../../../lib/libc.so
START GROUP
LOAD /lib/libc.so.6
LOAD /usr/lib/libc_nonshared.a
LOAD /lib/ld-linux-x86-64.so.2
END GROUP
LOAD /usr/lib/gcc/x86_64-linux-gnu/4.3.2/libgcc.a
LOAD /usr/lib/gcc/x86_64-linux-gnu/4.3.2/libgcc_s.so
LOAD /usr/lib/gcc/x86_64-linux-gnu/4.3.2/crtend.o
LOAD /usr/lib/gcc/x86_64-linux-gnu/4.3.2/../../../../lib/crtn.o
                0x0000000000400000                PROVIDE (__executable_start, 0x400000)
                0x0000000000400238                . = (0x400000 + SIZEOF_HEADERS)

.interp         0x0000000000400238       0x1c
 *(.interp)
 .interp        0x0000000000400238       0x1c /usr/lib/gcc/x86_64-linux-gnu/4.3.2/../../../../lib/crt1.o

.note.ABI-tag   0x0000000000400254       0x20
 .note.ABI-tag  0x0000000000400254       0x20 /usr/lib/gcc/x86_64-linux-gnu/4.3.2/../../../../lib/crt1.o

.note.gnu.build-id
 *(.note.gnu.build-id)

.hash           0x0000000000400278      0x190
 *(.hash)
 .hash          0x0000000000400278      0x190 /usr/lib/gcc/x86_64-linux-gnu/4.3.2/../../../../lib/crt1.o

.gnu.hash       0x0000000000400408       0xa8
 *(.gnu.hash)
 .gnu.hash      0x0000000000400408       0xa8 /usr/lib/gcc/x86_64-linux-gnu/4.3.2/../../../../lib/crt1.o

.dynsym         0x00000000004004b0      0x5b8
 *(.dynsym)
 .dynsym        0x00000000004004b0      0x5b8 /usr/lib/gcc/x86_64-linux-gnu/4.3.2/../../../../lib/crt1.o

.dynstr         0x0000000000400a68      0x2c5
 *(.dynstr)
 .dynstr        0x0000000000400a68      0x2c5 /usr/lib/gcc/x86_64-linux-gnu/4.3.2/../../../../lib/crt1.o

.gnu.version    0x0000000000400d2e       0x7a
 *(.gnu.version)
 .gnu.version   0x0000000000400d2e       0x7a /usr/lib/gcc/x86_64-linux-gnu/4.3.2/../../../../lib/crt1.o

.gnu.version_d  0x0000000000400da8        0x0
 *(.gnu.version_d)
 .gnu.version_d
                0x0000000000000000        0x0 /usr/lib/gcc/x86_64-linux-gnu/4.3.2/../../../../lib/crt1.o

.gnu.version_r  0x0000000000400da8       0x80
 *(.gnu.version_r)
 .gnu.version_r
                0x0000000000400da8       0x80 /usr/lib/gcc/x86_64-linux-gnu/4.3.2/../../../../lib/crt1.o

.rel.dyn
 *(.rel.init)
 *(.rel.text .rel.text.* .rel.gnu.linkonce.t.*)
 *(.rel.fini)
 *(.rel.rodata .rel.rodata.* .rel.gnu.linkonce.r.*)
 *(.rel.data.rel.ro* .rel.gnu.linkonce.d.rel.ro.*)
 *(.rel.data .rel.data.* .rel.gnu.linkonce.d.*)
 *(.rel.tdata .rel.tdata.* .rel.gnu.linkonce.td.*)
 *(.rel.tbss .rel.tbss.* .rel.gnu.linkonce.tb.*)
 *(.rel.ctors)
 *(.rel.dtors)
 *(.rel.got)
 *(.rel.bss .rel.bss.* .rel.gnu.linkonce.b.*)
 *(.rel.ldata .rel.ldata.* .rel.gnu.linkonce.l.*)
 *(.rel.lbss .rel.lbss.* .rel.gnu.linkonce.lb.*)
 *(.rel.lrodata .rel.lrodata.* .rel.gnu.linkonce.lr.*)

.rela.dyn       0x0000000000400e28      0x168
 *(.rela.init)
 *(.rela.text .rela.text.* .rela.gnu.linkonce.t.*)
 .rela.text     0x0000000000000000        0x0 /usr/lib/gcc/x86_64-linux-gnu/4.3.2/../../../../lib/crt1.o
 *(.rela.fini)
 *(.rela.rodata .rela.rodata.* .rela.gnu.linkonce.r.*)
 *(.rela.data .rela.data.* .rela.gnu.linkonce.d.*)
 .rela.data.rel.ro._ZTV9Solver_NU
                0x0000000000000000        0x0 /usr/lib/gcc/x86_64-linux-gnu/4.3.2/../../../../lib/crt1.o
 .rela.data.rel.ro._ZTV6Solver
                0x0000000000000000        0x0 /usr/lib/gcc/x86_64-linux-gnu/4.3.2/../../../../lib/crt1.o
 .rela.data.rel.ro._ZTV6Kernel
                0x0000000000000000        0x0 /usr/lib/gcc/x86_64-linux-gnu/4.3.2/../../../../lib/crt1.o
 .rela.data.rel.ro._ZTI9Solver_NU
                0x0000000000000000        0x0 /usr/lib/gcc/x86_64-linux-gnu/4.3.2/../../../../lib/crt1.o
 .rela.data.rel.ro._ZTI6Solver
                0x0000000000000000        0x0 /usr/lib/gcc/x86_64-linux-gnu/4.3.2/../../../../lib/crt1.o
 .rela.data.rel.ro._ZTI6Kernel
                0x0000000000000000        0x0 /usr/lib/gcc/x86_64-linux-gnu/4.3.2/../../../../lib/crt1.o
 .rela.data.rel.ro._ZTI7QMatrix
                0x0000000000000000        0x0 /usr/lib/gcc/x86_64-linux-gnu/4.3.2/../../../../lib/crt1.o
 .rela.data.rel.ro._ZTV5SVC_Q
                0x0000000000000000        0x0 /usr/lib/gcc/x86_64-linux-gnu/4.3.2/../../../../lib/crt1.o
 .rela.data.rel.ro._ZTI5SVC_Q
                0x0000000000000000        0x0 /usr/lib/gcc/x86_64-linux-gnu/4.3.2/../../../../lib/crt1.o
 .rela.data.rel.ro._ZTV11ONE_CLASS_Q
                0x0000000000000000        0x0 /usr/lib/gcc/x86_64-linux-gnu/4.3.2/../../../../lib/crt1.o
 .rela.data.rel.ro._ZTI11ONE_CLASS_Q
                0x0000000000000000        0x0 /usr/lib/gcc/x86_64-linux-gnu/4.3.2/../../../../lib/crt1.o
 .rela.data.rel.ro._ZTV5SVR_Q
                0x0000000000000000        0x0 /usr/lib/gcc/x86_64-linux-gnu/4.3.2/../../../../lib/crt1.o
 .rela.data.rel.ro._ZTI5SVR_Q
                0x0000000000000000        0x0 /usr/lib/gcc/x86_64-linux-gnu/4.3.2/../../../../lib/crt1.o
 .rela.data.rel.ro._ZTV7QMatrix
                0x0000000000000000        0x0 /usr/lib/gcc/x86_64-linux-gnu/4.3.2/../../../../lib/crt1.o
 .rela.data.DW.ref.__gxx_personality_v0
                0x0000000000000000        0x0 /usr/lib/gcc/x86_64-linux-gnu/4.3.2/../../../../lib/crt1.o
 *(.rela.tdata .rela.tdata.* .rela.gnu.linkonce.td.*)
 *(.rela.tbss .rela.tbss.* .rela.gnu.linkonce.tb.*)
 *(.rela.ctors)
 *(.rela.dtors)
 *(.rela.got)
 .rela.got      0x0000000000400e28      0x168 /usr/lib/gcc/x86_64-linux-gnu/4.3.2/../../../../lib/crt1.o
 *(.rela.bss .rela.bss.* .rela.gnu.linkonce.b.*)
 .rela.bss      0x0000000000000000        0x0 /usr/lib/gcc/x86_64-linux-gnu/4.3.2/../../../../lib/crt1.o
 *(.rela.ldata .rela.ldata.* .rela.gnu.linkonce.l.*)
 *(.rela.lbss .rela.lbss.* .rela.gnu.linkonce.lb.*)
 *(.rela.lrodata .rela.lrodata.* .rela.gnu.linkonce.lr.*)
 .rela.eh_frame
                0x0000000000000000        0x0 /usr/lib/gcc/x86_64-linux-gnu/4.3.2/../../../../lib/crt1.o

.rel.plt
 *(.rel.plt)

.rela.plt       0x0000000000400f90      0x3a8
 *(.rela.plt)
 .rela.plt      0x0000000000400f90      0x3a8 /usr/lib/gcc/x86_64-linux-gnu/4.3.2/../../../../lib/crt1.o

.init           0x0000000000401338       0x18
 *(.init)
 .init          0x0000000000401338        0x9 /usr/lib/gcc/x86_64-linux-gnu/4.3.2/../../../../lib/crti.o
                0x0000000000401338                _init
 .init          0x0000000000401341        0x5 /usr/lib/gcc/x86_64-linux-gnu/4.3.2/crtbegin.o
 .init          0x0000000000401346        0x5 /usr/lib/gcc/x86_64-linux-gnu/4.3.2/crtend.o
 .init          0x000000000040134b        0x5 /usr/lib/gcc/x86_64-linux-gnu/4.3.2/../../../../lib/crtn.o

.plt            0x0000000000401350      0x280
 *(.plt)
 .plt           0x0000000000401350      0x280 /usr/lib/gcc/x86_64-linux-gnu/4.3.2/../../../../lib/crt1.o
                0x0000000000401360                exp@@GLIBC_2.2.5
                0x0000000000401370                printf@@GLIBC_2.2.5
                0x0000000000401380                tanh@@GLIBC_2.2.5
                0x0000000000401390                ftell@@GLIBC_2.2.5
                0x00000000004013b0                __fprintf_chk@@GLIBC_2.3.4
                0x00000000004013d0                puts@@GLIBC_2.2.5
                0x00000000004013e0                fseek@@GLIBC_2.2.5
                0x00000000004013f0                malloc@@GLIBC_2.2.5
                0x0000000000401400                fopen@@GLIBC_2.2.5
                0x0000000000401410                __libc_start_main@@GLIBC_2.2.5
                0x0000000000401430                fgets@@GLIBC_2.2.5
                0x0000000000401450                fputc@@GLIBC_2.2.5
                0x0000000000401460                free@@GLIBC_2.2.5
                0x0000000000401470                _IO_getc@@GLIBC_2.2.5
                0x0000000000401480                strlen@@GLIBC_2.2.5
                0x0000000000401490                ferror@@GLIBC_2.2.5
                0x00000000004014a0                __vsprintf_chk@@GLIBC_2.3.4
                0x00000000004014b0                strrchr@@GLIBC_2.2.5
                0x00000000004014c0                fputs@@GLIBC_2.2.5
                0x00000000004014d0                strtol@@GLIBC_2.2.5
                0x00000000004014e0                memcpy@@GLIBC_2.2.5
                0x00000000004014f0                __stack_chk_fail@@GLIBC_2.4
                0x0000000000401500                strcmp@@GLIBC_2.2.5
                0x0000000000401510                strtok@@GLIBC_2.2.5
                0x0000000000401520                calloc@@GLIBC_2.2.5
                0x0000000000401530                fclose@@GLIBC_2.2.5
                0x0000000000401540                fscanf@@GLIBC_2.2.5
                0x0000000000401550                fwrite@@GLIBC_2.2.5
                0x0000000000401560                realloc@@GLIBC_2.2.5
                0x0000000000401570                rand@@GLIBC_2.2.5
                0x0000000000401580                _Unwind_Resume@@GCC_3.0
                0x0000000000401590                sqrt@@GLIBC_2.2.5
                0x00000000004015a0                log@@GLIBC_2.2.5
                0x00000000004015b0                strtod@@GLIBC_2.2.5
                0x00000000004015c0                fflush@@GLIBC_2.2.5

.text           0x00000000004015d0     0x9b88
 *(.text .stub .text.* .gnu.linkonce.t.*)
 .text          0x00000000004015d0       0x2c /usr/lib/gcc/x86_64-linux-gnu/4.3.2/../../../../lib/crt1.o
                0x00000000004015d0                _start
 .text          0x00000000004015fc       0x17 /usr/lib/gcc/x86_64-linux-gnu/4.3.2/../../../../lib/crti.o
 *fill*         0x0000000000401613        0xd 90909090
 .text          0x0000000000401620       0x9a /usr/lib/gcc/x86_64-linux-gnu/4.3.2/crtbegin.o
 *fill*         0x00000000004016ba        0x6 90909090
 .text          0x00000000004016c0     0x8f7e libsvm/libsvm-2.91/svm.o
                0x0000000000405990                svm_predict
                0x0000000000409e10                svm_cross_validation
                0x00000000004033c0                svm_get_svr_probability
                0x0000000000401780                Solver::swap_index(int, int)
                0x0000000000402400                svm_check_probability_model
                0x00000000004023c0                svm_get_labels
                0x0000000000402e50                Cache::~Cache()
                0x00000000004052a0                test()
                0x00000000004042b0                Solver::do_shrinking()
                0x0000000000402ed0                svm_save_model
                0x00000000004061a0                Cache::Cache(int, long)
                0x00000000004023b0                svm_get_nr_class
                0x00000000004034c0                svm_load_model
                0x0000000000402d70                Cache::get_data(int, float**, int)
                0x00000000004020f0                Solver_NU::be_shrunk(int, double, double, double, double)
                0x00000000004016e0                Cache::lru_insert(Cache::head_t*)
                0x00000000004045d0                Solver::Solve(int, QMatrix const&, double const*, signed char const*, double*, double, double, double, Solver::SolutionInfo*, int)
                0x0000000000402830                svm_destroy_param
                0x0000000000404590                Kernel::~Kernel()
                0x0000000000401d10                Solver_NU::select_working_set(int&, int&)
                0x0000000000402e90                Cache::~Cache()
                0x0000000000405a20                svm_predict_probability
                0x00000000004023a0                svm_get_svm_type
                0x00000000004016c0                Cache::lru_delete(Cache::head_t*)
                0x0000000000401850                Solver::select_working_set(int&, int&)
                0x0000000000402490                svm_check_parameter
                0x0000000000405110                Kernel::Kernel(int, svm_node* const*, svm_parameter const&)
                0x0000000000401b90                Solver::be_shrunk(int, double, double)
                0x0000000000401c40                Solver::calculate_rho()
                0x0000000000405490                svm_predict_values
                0x00000000004021a0                Solver_NU::calculate_rho()
                0x0000000000404500                Kernel::~Kernel()
                0x0000000000403e60                Solver::reconstruct_gradient()
                0x0000000000402b80                Cache::swap_index(int, int)
                0x0000000000402450                svm_set_print_string_function
                0x0000000000406150                Cache::Cache(int, long)
                0x0000000000404550                Kernel::~Kernel()
                0x0000000000402850                svm_destroy_model
                0x00000000004052b0                Kernel::k_function(svm_node const*, svm_node const*, svm_parameter const&)
                0x00000000004061f0                Kernel::Kernel(int, svm_node* const*, svm_parameter const&)
                0x0000000000404060                Solver_NU::do_shrinking()
                0x0000000000401700                Kernel::dot(svm_node const*, svm_node const*)
                0x0000000000407ed0                svm_train
 *fill*         0x000000000040a63e        0x2 90909090
 .text._ZN7QMatrixD1Ev
                0x000000000040a640        0xf libsvm/libsvm-2.91/svm.o
                0x000000000040a640                QMatrix::~QMatrix()
 *fill*         0x000000000040a64f        0x1 90909090
 .text._ZNK6Kernel10swap_indexEii
                0x000000000040a650       0x4c libsvm/libsvm-2.91/svm.o
                0x000000000040a650                Kernel::swap_index(int, int) const
 *fill*         0x000000000040a69c        0x4 90909090
 .text._ZNK6Kernel18kernel_precomputedEii
                0x000000000040a6a0       0x28 libsvm/libsvm-2.91/svm.o
                0x000000000040a6a0                Kernel::kernel_precomputed(int, int) const
 *fill*         0x000000000040a6c8        0x8 90909090
 .text._ZNK6Kernel11kernel_polyEii
                0x000000000040a6d0       0x7b libsvm/libsvm-2.91/svm.o
                0x000000000040a6d0                Kernel::kernel_poly(int, int) const
 *fill*         0x000000000040a74b        0x5 90909090
 .text._ZNK6Kernel13kernel_linearEii
                0x000000000040a750       0x1a libsvm/libsvm-2.91/svm.o
                0x000000000040a750                Kernel::kernel_linear(int, int) const
 *fill*         0x000000000040a76a        0x6 90909090
 .text._ZN6SolverD1Ev
                0x000000000040a770        0xf libsvm/libsvm-2.91/svm.o
                0x000000000040a770                Solver::~Solver()
 *fill*         0x000000000040a77f        0x1 90909090
 .text._ZNK5SVC_Q6get_QDEv
                0x000000000040a780        0x5 libsvm/libsvm-2.91/svm.o
                0x000000000040a780                SVC_Q::get_QD() const
 *fill*         0x000000000040a785        0xb 90909090
 .text._ZNK11ONE_CLASS_Q6get_QDEv
                0x000000000040a790        0x5 libsvm/libsvm-2.91/svm.o
                0x000000000040a790                ONE_CLASS_Q::get_QD() const
 *fill*         0x000000000040a795        0xb 90909090
 .text._ZNK5SVR_Q10swap_indexEii
                0x000000000040a7a0       0x50 libsvm/libsvm-2.91/svm.o
                0x000000000040a7a0                SVR_Q::swap_index(int, int) const
 .text._ZNK5SVR_Q6get_QDEv
                0x000000000040a7f0        0x5 libsvm/libsvm-2.91/svm.o
                0x000000000040a7f0                SVR_Q::get_QD() const
 *fill*         0x000000000040a7f5        0xb 90909090
 .text._ZN9Solver_NUD1Ev
                0x000000000040a800        0xf libsvm/libsvm-2.91/svm.o
                0x000000000040a800                Solver_NU::~Solver_NU()
 *fill*         0x000000000040a80f        0x1 90909090
 .text._ZN6SolverD0Ev
                0x000000000040a810       0x13 libsvm/libsvm-2.91/svm.o
                0x000000000040a810                Solver::~Solver()
 *fill*         0x000000000040a823        0xd 90909090
 .text._ZN9Solver_NUD0Ev
                0x000000000040a830       0x13 libsvm/libsvm-2.91/svm.o
                0x000000000040a830                Solver_NU::~Solver_NU()
 *fill*         0x000000000040a843        0xd 90909090
 .text._ZN7QMatrixD0Ev
                0x000000000040a850       0x13 libsvm/libsvm-2.91/svm.o
                0x000000000040a850                QMatrix::~QMatrix()
 *fill*         0x000000000040a863        0xd 90909090
 .text._ZNK5SVC_Q10swap_indexEii
                0x000000000040a870       0x8d libsvm/libsvm-2.91/svm.o
                0x000000000040a870                SVC_Q::swap_index(int, int) const
 *fill*         0x000000000040a8fd        0x3 90909090
 .text._ZNK11ONE_CLASS_Q10swap_indexEii
                0x000000000040a900       0x95 libsvm/libsvm-2.91/svm.o
                0x000000000040a900                ONE_CLASS_Q::swap_index(int, int) const
 *fill*         0x000000000040a995        0xb 90909090
 .text._ZNK5SVC_Q5get_QEii
                0x000000000040a9a0       0xe4 libsvm/libsvm-2.91/svm.o
                0x000000000040a9a0                SVC_Q::get_Q(int, int) const
 *fill*         0x000000000040aa84        0xc 90909090
 .text._ZNK11ONE_CLASS_Q5get_QEii
                0x000000000040aa90       0xa4 libsvm/libsvm-2.91/svm.o
                0x000000000040aa90                ONE_CLASS_Q::get_Q(int, int) const
 *fill*         0x000000000040ab34        0xc 90909090
 .text._ZNK5SVR_Q5get_QEii
                0x000000000040ab40      0x118 libsvm/libsvm-2.91/svm.o
                0x000000000040ab40                SVR_Q::get_Q(int, int) const
 *fill*         0x000000000040ac58        0x8 90909090
 .text._ZNK6Kernel10kernel_rbfEii
                0x000000000040ac60       0x75 libsvm/libsvm-2.91/svm.o
                0x000000000040ac60                Kernel::kernel_rbf(int, int) const
 *fill*         0x000000000040acd5        0xb 90909090
 .text._ZN5SVC_QD0Ev
                0x000000000040ace0       0x75 libsvm/libsvm-2.91/svm.o
                0x000000000040ace0                SVC_Q::~SVC_Q()
 *fill*         0x000000000040ad55        0xb 90909090
 .text._ZN5SVC_QD1Ev
                0x000000000040ad60       0x6d libsvm/libsvm-2.91/svm.o
                0x000000000040ad60                SVC_Q::~SVC_Q()
 *fill*         0x000000000040adcd        0x3 90909090
 .text._ZN11ONE_CLASS_QD0Ev
                0x000000000040add0       0x77 libsvm/libsvm-2.91/svm.o
                0x000000000040add0                ONE_CLASS_Q::~ONE_CLASS_Q()
 *fill*         0x000000000040ae47        0x9 90909090
 .text._ZN11ONE_CLASS_QD1Ev
                0x000000000040ae50       0x6f libsvm/libsvm-2.91/svm.o
                0x000000000040ae50                ONE_CLASS_Q::~ONE_CLASS_Q()
 *fill*         0x000000000040aebf        0x1 90909090
 .text._ZN5SVR_QD0Ev
                0x000000000040aec0       0x9f libsvm/libsvm-2.91/svm.o
                0x000000000040aec0                SVR_Q::~SVR_Q()
 *fill*         0x000000000040af5f        0x1 90909090
 .text._ZN5SVR_QD1Ev
                0x000000000040af60       0x97 libsvm/libsvm-2.91/svm.o
                0x000000000040af60                SVR_Q::~SVR_Q()
 *fill*         0x000000000040aff7        0x9 90909090
 .text._ZNK6Kernel14kernel_sigmoidEii
                0x000000000040b000       0x48 libsvm/libsvm-2.91/svm.o
                0x000000000040b000                Kernel::kernel_sigmoid(int, int) const
 .text          0x000000000040b048       0x33 connectLibsvm.o
                0x000000000040b048                main
 *fill*         0x000000000040b07b        0x5 90909090
 .text          0x000000000040b080       0x99 /usr/lib/libc_nonshared.a(elf-init.oS)
                0x000000000040b080                __libc_csu_fini
                0x000000000040b090                __libc_csu_init
 *fill*         0x000000000040b119        0x7 90909090
 .text          0x000000000040b120       0x36 /usr/lib/gcc/x86_64-linux-gnu/4.3.2/crtend.o
 *fill*         0x000000000040b156        0x2 90909090
 .text          0x000000000040b158        0x0 /usr/lib/gcc/x86_64-linux-gnu/4.3.2/../../../../lib/crtn.o
 *(.gnu.warning)

.fini           0x000000000040b158        0xe
 *(.fini)
 .fini          0x000000000040b158        0x4 /usr/lib/gcc/x86_64-linux-gnu/4.3.2/../../../../lib/crti.o
                0x000000000040b158                _fini
 .fini          0x000000000040b15c        0x5 /usr/lib/gcc/x86_64-linux-gnu/4.3.2/crtbegin.o
 .fini          0x000000000040b161        0x5 /usr/lib/gcc/x86_64-linux-gnu/4.3.2/../../../../lib/crtn.o
                0x000000000040b166                PROVIDE (__etext, .)
                0x000000000040b166                PROVIDE (_etext, .)
                0x000000000040b166                PROVIDE (etext, .)

.rodata         0x000000000040b180    0x16fa1
 *(.rodata .rodata.* .gnu.linkonce.r.*)
 .rodata.cst4   0x000000000040b180        0x4 /usr/lib/gcc/x86_64-linux-gnu/4.3.2/../../../../lib/crt1.o
                0x000000000040b180                _IO_stdin_used
 .rodata.str1.1
                0x000000000040b184      0x25a libsvm/libsvm-2.91/svm.o
                                        0x25d (size before relaxing)
 *fill*         0x000000000040b3de        0x2 00
 .rodata.str1.8
                0x000000000040b3e0      0x2c8 libsvm/libsvm-2.91/svm.o
 .rodata        0x000000000040b6a8       0x50 libsvm/libsvm-2.91/svm.o
 .rodata._ZTS9Solver_NU
                0x000000000040b6f8        0xb libsvm/libsvm-2.91/svm.o
                0x000000000040b6f8                typeinfo name for Solver_NU
 .rodata._ZTS6Solver
                0x000000000040b703        0x8 libsvm/libsvm-2.91/svm.o
                0x000000000040b703                typeinfo name for Solver
 .rodata._ZTS6Kernel
                0x000000000040b70b        0x8 libsvm/libsvm-2.91/svm.o
                0x000000000040b70b                typeinfo name for Kernel
 .rodata._ZTS7QMatrix
                0x000000000040b713        0x9 libsvm/libsvm-2.91/svm.o
                0x000000000040b713                typeinfo name for QMatrix
 .rodata._ZTS5SVC_Q
                0x000000000040b71c        0x7 libsvm/libsvm-2.91/svm.o
                0x000000000040b71c                typeinfo name for SVC_Q
 .rodata._ZTS11ONE_CLASS_Q
                0x000000000040b723        0xe libsvm/libsvm-2.91/svm.o
                0x000000000040b723                typeinfo name for ONE_CLASS_Q
 .rodata._ZTS5SVR_Q
                0x000000000040b731        0x7 libsvm/libsvm-2.91/svm.o
                0x000000000040b731                typeinfo name for SVR_Q
 .rodata.cst8   0x000000000040b738       0x98 libsvm/libsvm-2.91/svm.o
 .rodata.cst16  0x000000000040b7d0       0x50 libsvm/libsvm-2.91/svm.o
 .rodata.cst4   0x000000000040b820        0x4 libsvm/libsvm-2.91/svm.o
 *fill*         0x000000000040b824       0x1c 00
 .rodata        0x000000000040b840    0x168e1 connectLibsvm.o

.rodata1
 *(.rodata1)

.eh_frame_hdr   0x0000000000422124      0x27c
 *(.eh_frame_hdr)
 .eh_frame_hdr  0x0000000000422124      0x27c libsvm/libsvm-2.91/svm.o

.eh_frame       0x00000000004223a0      0xb54
 *(.eh_frame)
 .eh_frame      0x00000000004223a0      0xac0 libsvm/libsvm-2.91/svm.o
 .eh_frame      0x0000000000422e60       0x38 connectLibsvm.o
 .eh_frame      0x0000000000422e98       0x58 /usr/lib/libc_nonshared.a(elf-init.oS)
 .eh_frame      0x0000000000422ef0        0x4 /usr/lib/gcc/x86_64-linux-gnu/4.3.2/crtend.o

.gcc_except_table
                0x0000000000422ef4      0x191
 *(.gcc_except_table .gcc_except_table.*)
 .gcc_except_table
                0x0000000000422ef4      0x191 libsvm/libsvm-2.91/svm.o
                0x0000000000423085                . = (ALIGN (0x200000) - ((0x200000 - .) & 0x1fffff))
                0x0000000000623a6d                . = (0x200000 DATA_SEGMENT_ALIGN 0x1000)

.eh_frame
 *(.eh_frame)

.gcc_except_table
 *(.gcc_except_table .gcc_except_table.*)

.tdata
 *(.tdata .tdata.* .gnu.linkonce.td.*)

.tbss
 *(.tbss .tbss.* .gnu.linkonce.tb.*)
 *(.tcommon)

.preinit_array  0x0000000000623a6d        0x0
                0x0000000000623a6d                PROVIDE (__preinit_array_start, .)
 *(.preinit_array)
                0x0000000000623a6d                PROVIDE (__preinit_array_end, .)

.init_array     0x0000000000623a6d        0x0
                0x0000000000623a6d                PROVIDE (__init_array_start, .)
 *(SORT(.init_array.*))
 *(.init_array)
                0x0000000000623a6d                PROVIDE (__init_array_end, .)

.fini_array     0x0000000000623a6d        0x0
                0x0000000000623a6d                PROVIDE (__fini_array_start, .)
 *(.fini_array)
 *(SORT(.fini_array.*))
                0x0000000000623a6d                PROVIDE (__fini_array_end, .)

.ctors          0x0000000000623a70       0x10
 *crtbegin.o(.ctors)
 .ctors         0x0000000000623a70        0x8 /usr/lib/gcc/x86_64-linux-gnu/4.3.2/crtbegin.o
 *crtbegin?.o(.ctors)
 *(EXCLUDE_FILE(*crtend?.o *crtend.o) .ctors)
 *(SORT(.ctors.*))
 *(.ctors)
 .ctors         0x0000000000623a78        0x8 /usr/lib/gcc/x86_64-linux-gnu/4.3.2/crtend.o

.dtors          0x0000000000623a80       0x10
 *crtbegin.o(.dtors)
 .dtors         0x0000000000623a80        0x8 /usr/lib/gcc/x86_64-linux-gnu/4.3.2/crtbegin.o
 *crtbegin?.o(.dtors)
 *(EXCLUDE_FILE(*crtend?.o *crtend.o) .dtors)
 *(SORT(.dtors.*))
 *(.dtors)
 .dtors         0x0000000000623a88        0x8 /usr/lib/gcc/x86_64-linux-gnu/4.3.2/crtend.o
                0x0000000000623a88                __DTOR_END__

.jcr            0x0000000000623a90        0x8
 *(.jcr)
 .jcr           0x0000000000623a90        0x0 /usr/lib/gcc/x86_64-linux-gnu/4.3.2/crtbegin.o
 .jcr           0x0000000000623a90        0x8 /usr/lib/gcc/x86_64-linux-gnu/4.3.2/crtend.o

.data.rel.ro    0x0000000000623aa0      0x2f8
 *(.data.rel.ro.local* .gnu.linkonce.d.rel.ro.local.*)
 .data.rel.ro.local
                0x0000000000623aa0       0x70 libsvm/libsvm-2.91/svm.o
 *(.data.rel.ro* .gnu.linkonce.d.rel.ro.*)
 *fill*         0x0000000000623b10       0x10 00
 .data.rel.ro._ZTV9Solver_NU
                0x0000000000623b20       0x38 libsvm/libsvm-2.91/svm.o
                0x0000000000623b20                vtable for Solver_NU
 *fill*         0x0000000000623b58        0x8 00
 .data.rel.ro._ZTV6Solver
                0x0000000000623b60       0x38 libsvm/libsvm-2.91/svm.o
                0x0000000000623b60                vtable for Solver
 *fill*         0x0000000000623b98        0x8 00
 .data.rel.ro._ZTV6Kernel
                0x0000000000623ba0       0x38 libsvm/libsvm-2.91/svm.o
                0x0000000000623ba0                vtable for Kernel
 *fill*         0x0000000000623bd8        0x8 00
 .data.rel.ro._ZTI9Solver_NU
                0x0000000000623be0       0x18 libsvm/libsvm-2.91/svm.o
                0x0000000000623be0                typeinfo for Solver_NU
 *fill*         0x0000000000623bf8        0x8 00
 .data.rel.ro._ZTI6Solver
                0x0000000000623c00       0x10 libsvm/libsvm-2.91/svm.o
                0x0000000000623c00                typeinfo for Solver
 .data.rel.ro._ZTI6Kernel
                0x0000000000623c10       0x18 libsvm/libsvm-2.91/svm.o
                0x0000000000623c10                typeinfo for Kernel
 *fill*         0x0000000000623c28        0x8 00
 .data.rel.ro._ZTI7QMatrix
                0x0000000000623c30       0x10 libsvm/libsvm-2.91/svm.o
                0x0000000000623c30                typeinfo for QMatrix
 .data.rel.ro._ZTV5SVC_Q
                0x0000000000623c40       0x38 libsvm/libsvm-2.91/svm.o
                0x0000000000623c40                vtable for SVC_Q
 *fill*         0x0000000000623c78        0x8 00
 .data.rel.ro._ZTI5SVC_Q
                0x0000000000623c80       0x18 libsvm/libsvm-2.91/svm.o
                0x0000000000623c80                typeinfo for SVC_Q
 *fill*         0x0000000000623c98        0x8 00
 .data.rel.ro._ZTV11ONE_CLASS_Q
                0x0000000000623ca0       0x38 libsvm/libsvm-2.91/svm.o
                0x0000000000623ca0                vtable for ONE_CLASS_Q
 *fill*         0x0000000000623cd8        0x8 00
 .data.rel.ro._ZTI11ONE_CLASS_Q
                0x0000000000623ce0       0x18 libsvm/libsvm-2.91/svm.o
                0x0000000000623ce0                typeinfo for ONE_CLASS_Q
 *fill*         0x0000000000623cf8        0x8 00
 .data.rel.ro._ZTV5SVR_Q
                0x0000000000623d00       0x38 libsvm/libsvm-2.91/svm.o
                0x0000000000623d00                vtable for SVR_Q
 *fill*         0x0000000000623d38        0x8 00
 .data.rel.ro._ZTI5SVR_Q
                0x0000000000623d40       0x18 libsvm/libsvm-2.91/svm.o
                0x0000000000623d40                typeinfo for SVR_Q
 *fill*         0x0000000000623d58        0x8 00
 .data.rel.ro._ZTV7QMatrix
                0x0000000000623d60       0x38 libsvm/libsvm-2.91/svm.o
                0x0000000000623d60                vtable for QMatrix

.dynamic        0x0000000000623d98      0x1d0
 *(.dynamic)
 .dynamic       0x0000000000623d98      0x1d0 /usr/lib/gcc/x86_64-linux-gnu/4.3.2/../../../../lib/crt1.o
                0x0000000000623d98                _DYNAMIC

.got            0x0000000000623f68       0x78
 *(.got)
 .got           0x0000000000623f68       0x78 /usr/lib/gcc/x86_64-linux-gnu/4.3.2/../../../../lib/crt1.o
                0x0000000000623fe8                . = (. DATA_SEGMENT_RELRO_END 0x18)

.got.plt        0x0000000000623fe8      0x150
 *(.got.plt)
 .got.plt       0x0000000000623fe8      0x150 /usr/lib/gcc/x86_64-linux-gnu/4.3.2/../../../../lib/crt1.o
                0x0000000000623fe8                _GLOBAL_OFFSET_TABLE_

.data           0x0000000000624138       0x28
 *(.data .data.* .gnu.linkonce.d.*)
 .data          0x0000000000624138        0x4 /usr/lib/gcc/x86_64-linux-gnu/4.3.2/../../../../lib/crt1.o
                0x0000000000624138                data_start
                0x0000000000624138                __data_start
 .data          0x000000000062413c        0x0 /usr/lib/gcc/x86_64-linux-gnu/4.3.2/../../../../lib/crti.o
 *fill*         0x000000000062413c        0x4 00
 .data          0x0000000000624140        0x8 /usr/lib/gcc/x86_64-linux-gnu/4.3.2/crtbegin.o
                0x0000000000624140                __dso_handle
 .data          0x0000000000624148        0x4 libsvm/libsvm-2.91/svm.o
                0x0000000000624148                libsvm_version
 *fill*         0x000000000062414c        0x4 00
 .data.rel.local
                0x0000000000624150        0x8 libsvm/libsvm-2.91/svm.o
 .data.DW.ref.__gxx_personality_v0
                0x0000000000624158        0x8 libsvm/libsvm-2.91/svm.o
                0x0000000000624158                DW.ref.__gxx_personality_v0
 .data          0x0000000000624160        0x0 connectLibsvm.o
 .data          0x0000000000624160        0x0 /usr/lib/libc_nonshared.a(elf-init.oS)
 .data          0x0000000000624160        0x0 /usr/lib/gcc/x86_64-linux-gnu/4.3.2/crtend.o
 .data          0x0000000000624160        0x0 /usr/lib/gcc/x86_64-linux-gnu/4.3.2/../../../../lib/crtn.o

.data1
 *(.data1)
                0x0000000000624160                _edata = .
                0x0000000000624160                PROVIDE (edata, .)
                0x0000000000624160                __bss_start = .

.bss            0x0000000000624160       0x20
 *(.dynbss)
 .dynbss        0x0000000000000000        0x0 /usr/lib/gcc/x86_64-linux-gnu/4.3.2/../../../../lib/crt1.o
 *(.bss .bss.* .gnu.linkonce.b.*)
 .bss           0x0000000000624160        0x0 /usr/lib/gcc/x86_64-linux-gnu/4.3.2/../../../../lib/crt1.o
 .bss           0x0000000000624160        0x0 /usr/lib/gcc/x86_64-linux-gnu/4.3.2/../../../../lib/crti.o
 .bss           0x0000000000624160       0x10 /usr/lib/gcc/x86_64-linux-gnu/4.3.2/crtbegin.o
 .bss           0x0000000000624170       0x10 libsvm/libsvm-2.91/svm.o
 .bss           0x0000000000624180        0x0 connectLibsvm.o
 .bss           0x0000000000624180        0x0 /usr/lib/libc_nonshared.a(elf-init.oS)
 .bss           0x0000000000624180        0x0 /usr/lib/gcc/x86_64-linux-gnu/4.3.2/crtend.o
 .bss           0x0000000000624180        0x0 /usr/lib/gcc/x86_64-linux-gnu/4.3.2/../../../../lib/crtn.o
 *(COMMON)
                0x0000000000624180                . = ALIGN ((. != 0x0)?0x8:0x1)

.lbss
 *(.dynlbss)
 *(.lbss .lbss.* .gnu.linkonce.lb.*)
 *(LARGE_COMMON)
                0x0000000000624180                . = ALIGN (0x8)

.lrodata
 *(.lrodata .lrodata.* .gnu.linkonce.lr.*)

.ldata          0x0000000000a24180        0x0
 *(.ldata .ldata.* .gnu.linkonce.l.*)
                0x0000000000a24180                . = ALIGN ((. != 0x0)?0x8:0x1)
                0x0000000000a24180                . = ALIGN (0x8)
                0x0000000000a24180                _end = .
                0x0000000000a24180                PROVIDE (end, .)
                0x0000000000a24180                . = DATA_SEGMENT_END (.)

.stab
 *(.stab)

.stabstr
 *(.stabstr)

.stab.excl
 *(.stab.excl)

.stab.exclstr
 *(.stab.exclstr)

.stab.index
 *(.stab.index)

.stab.indexstr
 *(.stab.indexstr)

.comment        0x0000000000000000      0x128
 *(.comment)
 .comment       0x0000000000000000       0x25 /usr/lib/gcc/x86_64-linux-gnu/4.3.2/../../../../lib/crt1.o
 .comment       0x0000000000000025       0x25 /usr/lib/gcc/x86_64-linux-gnu/4.3.2/../../../../lib/crti.o
 .comment       0x000000000000004a       0x25 /usr/lib/gcc/x86_64-linux-gnu/4.3.2/crtbegin.o
 .comment       0x000000000000006f       0x25 libsvm/libsvm-2.91/svm.o
 .comment       0x0000000000000094       0x25 connectLibsvm.o
 .comment       0x00000000000000b9       0x25 /usr/lib/libc_nonshared.a(elf-init.oS)
 .comment       0x00000000000000de       0x25 /usr/lib/gcc/x86_64-linux-gnu/4.3.2/crtend.o
 .comment       0x0000000000000103       0x25 /usr/lib/gcc/x86_64-linux-gnu/4.3.2/../../../../lib/crtn.o

.debug
 *(.debug)

.line
 *(.line)

.debug_srcinfo
 *(.debug_srcinfo)

.debug_sfnames
 *(.debug_sfnames)

.debug_aranges  0x0000000000000000       0xc0
 *(.debug_aranges)
 .debug_aranges
                0x0000000000000000       0x50 /usr/lib/gcc/x86_64-linux-gnu/4.3.2/../../../../lib/crti.o
 .debug_aranges
                0x0000000000000050       0x30 connectLibsvm.o
 .debug_aranges
                0x0000000000000080       0x40 /usr/lib/gcc/x86_64-linux-gnu/4.3.2/../../../../lib/crtn.o

.debug_pubnames
                0x0000000000000000       0x40
 *(.debug_pubnames)
 .debug_pubnames
                0x0000000000000000       0x25 /usr/lib/gcc/x86_64-linux-gnu/4.3.2/../../../../lib/crt1.o
 .debug_pubnames
                0x0000000000000025       0x1b connectLibsvm.o

.debug_info     0x0000000000000000      0x325
 *(.debug_info .gnu.linkonce.wi.*)
 .debug_info    0x0000000000000000       0x8b /usr/lib/gcc/x86_64-linux-gnu/4.3.2/../../../../lib/crt1.o
 .debug_info    0x000000000000008b       0xa6 /usr/lib/gcc/x86_64-linux-gnu/4.3.2/../../../../lib/crti.o
 .debug_info    0x0000000000000131      0x14e connectLibsvm.o
 .debug_info    0x000000000000027f       0xa6 /usr/lib/gcc/x86_64-linux-gnu/4.3.2/../../../../lib/crtn.o

.debug_abbrev   0x0000000000000000       0xf0
 *(.debug_abbrev)
 .debug_abbrev  0x0000000000000000       0x4b /usr/lib/gcc/x86_64-linux-gnu/4.3.2/../../../../lib/crt1.o
 .debug_abbrev  0x000000000000004b       0x12 /usr/lib/gcc/x86_64-linux-gnu/4.3.2/../../../../lib/crti.o
 .debug_abbrev  0x000000000000005d       0x81 connectLibsvm.o
 .debug_abbrev  0x00000000000000de       0x12 /usr/lib/gcc/x86_64-linux-gnu/4.3.2/../../../../lib/crtn.o

.debug_line     0x0000000000000000      0x1a5
 *(.debug_line)
 .debug_line    0x0000000000000000       0x27 /usr/lib/gcc/x86_64-linux-gnu/4.3.2/../../../../lib/crt1.o
 .debug_line    0x0000000000000027       0xa2 /usr/lib/gcc/x86_64-linux-gnu/4.3.2/../../../../lib/crti.o
 .debug_line    0x00000000000000c9       0x54 connectLibsvm.o
 .debug_line    0x000000000000011d       0x88 /usr/lib/gcc/x86_64-linux-gnu/4.3.2/../../../../lib/crtn.o

.debug_frame    0x0000000000000000       0x38
 *(.debug_frame)
 .debug_frame   0x0000000000000000       0x38 connectLibsvm.o

.debug_str      0x0000000000000000      0x10d
 *(.debug_str)
 .debug_str     0x0000000000000000       0x9e /usr/lib/gcc/x86_64-linux-gnu/4.3.2/../../../../lib/crt1.o
                                         0xc5 (size before relaxing)
 .debug_str     0x000000000000009e       0x6f connectLibsvm.o
                                         0xdf (size before relaxing)

.debug_loc      0x0000000000000000       0x4c
 *(.debug_loc)
 .debug_loc     0x0000000000000000       0x4c connectLibsvm.o

.debug_macinfo
 *(.debug_macinfo)

.debug_weaknames
 *(.debug_weaknames)

.debug_funcnames
 *(.debug_funcnames)

.debug_typenames
 *(.debug_typenames)

.debug_varnames
 *(.debug_varnames)

.debug_pubtypes
 *(.debug_pubtypes)

.debug_ranges   0x0000000000000000       0x90
 *(.debug_ranges)
 .debug_ranges  0x0000000000000000       0x50 /usr/lib/gcc/x86_64-linux-gnu/4.3.2/../../../../lib/crti.o
 .debug_ranges  0x0000000000000050       0x40 /usr/lib/gcc/x86_64-linux-gnu/4.3.2/../../../../lib/crtn.o

.gnu.attributes
 *(.gnu.attributes)

/DISCARD/
 *(.note.GNU-stack)
 *(.gnu_debuglink)
OUTPUT(connectLibsvm elf64-x86-64)

Cross Reference Table

Symbol                                            File
Cache::Cache(int, long)                           libsvm/libsvm-2.91/svm.o
Cache::Cache(int, long)                           libsvm/libsvm-2.91/svm.o
Cache::get_data(int, float**, int)                libsvm/libsvm-2.91/svm.o
Cache::lru_delete(Cache::head_t*)                 libsvm/libsvm-2.91/svm.o
Cache::lru_insert(Cache::head_t*)                 libsvm/libsvm-2.91/svm.o
Cache::swap_index(int, int)                       libsvm/libsvm-2.91/svm.o
Cache::~Cache()                                   libsvm/libsvm-2.91/svm.o
Cache::~Cache()                                   libsvm/libsvm-2.91/svm.o
DW.ref.__gxx_personality_v0                       libsvm/libsvm-2.91/svm.o
GCC_3.0                                           /usr/lib/gcc/x86_64-linux-gnu/4.3.2/libgcc_s.so
GCC_3.3                                           /usr/lib/gcc/x86_64-linux-gnu/4.3.2/libgcc_s.so
GCC_3.3.1                                         /usr/lib/gcc/x86_64-linux-gnu/4.3.2/libgcc_s.so
GCC_3.4                                           /usr/lib/gcc/x86_64-linux-gnu/4.3.2/libgcc_s.so
GCC_3.4.2                                         /usr/lib/gcc/x86_64-linux-gnu/4.3.2/libgcc_s.so
GCC_3.4.4                                         /usr/lib/gcc/x86_64-linux-gnu/4.3.2/libgcc_s.so
GCC_4.0.0                                         /usr/lib/gcc/x86_64-linux-gnu/4.3.2/libgcc_s.so
GCC_4.2.0                                         /usr/lib/gcc/x86_64-linux-gnu/4.3.2/libgcc_s.so
GCC_4.3.0                                         /usr/lib/gcc/x86_64-linux-gnu/4.3.2/libgcc_s.so
GLIBC_2.2.5                                       /usr/lib/gcc/x86_64-linux-gnu/4.3.2/../../../../lib/libm.so
                                                  /lib/ld-linux-x86-64.so.2
                                                  /lib/libc.so.6
GLIBC_2.2.6                                       /lib/libc.so.6
GLIBC_2.3                                         /lib/libc.so.6
                                                  /lib/ld-linux-x86-64.so.2
GLIBC_2.3.2                                       /lib/libc.so.6
GLIBC_2.3.3                                       /lib/libc.so.6
GLIBC_2.3.4                                       /lib/libc.so.6
GLIBC_2.4                                         /usr/lib/gcc/x86_64-linux-gnu/4.3.2/../../../../lib/libm.so
                                                  /lib/ld-linux-x86-64.so.2
                                                  /lib/libc.so.6
GLIBC_2.5                                         /lib/libc.so.6
GLIBC_2.6                                         /lib/libc.so.6
GLIBC_2.7                                         /lib/libc.so.6
GLIBC_2.8                                         /lib/libc.so.6
GLIBC_PRIVATE                                     /lib/libc.so.6
                                                  /lib/ld-linux-x86-64.so.2
Kernel::Kernel(int, svm_node* const*, svm_parameter const&) libsvm/libsvm-2.91/svm.o
Kernel::Kernel(int, svm_node* const*, svm_parameter const&) libsvm/libsvm-2.91/svm.o
Kernel::dot(svm_node const*, svm_node const*)     libsvm/libsvm-2.91/svm.o
Kernel::k_function(svm_node const*, svm_node const*, svm_parameter const&) libsvm/libsvm-2.91/svm.o
Kernel::kernel_linear(int, int) const             libsvm/libsvm-2.91/svm.o
Kernel::kernel_poly(int, int) const               libsvm/libsvm-2.91/svm.o
Kernel::kernel_precomputed(int, int) const        libsvm/libsvm-2.91/svm.o
Kernel::kernel_rbf(int, int) const                libsvm/libsvm-2.91/svm.o
Kernel::kernel_sigmoid(int, int) const            libsvm/libsvm-2.91/svm.o
Kernel::swap_index(int, int) const                libsvm/libsvm-2.91/svm.o
Kernel::~Kernel()                                 libsvm/libsvm-2.91/svm.o
Kernel::~Kernel()                                 libsvm/libsvm-2.91/svm.o
Kernel::~Kernel()                                 libsvm/libsvm-2.91/svm.o
ONE_CLASS_Q::get_Q(int, int) const                libsvm/libsvm-2.91/svm.o
ONE_CLASS_Q::get_QD() const                       libsvm/libsvm-2.91/svm.o
ONE_CLASS_Q::swap_index(int, int) const           libsvm/libsvm-2.91/svm.o
ONE_CLASS_Q::~ONE_CLASS_Q()                       libsvm/libsvm-2.91/svm.o
ONE_CLASS_Q::~ONE_CLASS_Q()                       libsvm/libsvm-2.91/svm.o
QMatrix::~QMatrix()                               libsvm/libsvm-2.91/svm.o
QMatrix::~QMatrix()                               libsvm/libsvm-2.91/svm.o
SVC_Q::get_Q(int, int) const                      libsvm/libsvm-2.91/svm.o
SVC_Q::get_QD() const                             libsvm/libsvm-2.91/svm.o
SVC_Q::swap_index(int, int) const                 libsvm/libsvm-2.91/svm.o
SVC_Q::~SVC_Q()                                   libsvm/libsvm-2.91/svm.o
SVC_Q::~SVC_Q()                                   libsvm/libsvm-2.91/svm.o
SVR_Q::get_Q(int, int) const                      libsvm/libsvm-2.91/svm.o
SVR_Q::get_QD() const                             libsvm/libsvm-2.91/svm.o
SVR_Q::swap_index(int, int) const                 libsvm/libsvm-2.91/svm.o
SVR_Q::~SVR_Q()                                   libsvm/libsvm-2.91/svm.o
SVR_Q::~SVR_Q()                                   libsvm/libsvm-2.91/svm.o
Solver::Solve(int, QMatrix const&, double const*, signed char const*, double*, double, double, double, Solver::SolutionInfo*, int) libsvm/libsvm-2.91/svm.o
Solver::be_shrunk(int, double, double)            libsvm/libsvm-2.91/svm.o
Solver::calculate_rho()                           libsvm/libsvm-2.91/svm.o
Solver::do_shrinking()                            libsvm/libsvm-2.91/svm.o
Solver::reconstruct_gradient()                    libsvm/libsvm-2.91/svm.o
Solver::select_working_set(int&, int&)            libsvm/libsvm-2.91/svm.o
Solver::swap_index(int, int)                      libsvm/libsvm-2.91/svm.o
Solver::~Solver()                                 libsvm/libsvm-2.91/svm.o
Solver::~Solver()                                 libsvm/libsvm-2.91/svm.o
Solver_NU::be_shrunk(int, double, double, double, double) libsvm/libsvm-2.91/svm.o
Solver_NU::calculate_rho()                        libsvm/libsvm-2.91/svm.o
Solver_NU::do_shrinking()                         libsvm/libsvm-2.91/svm.o
Solver_NU::select_working_set(int&, int&)         libsvm/libsvm-2.91/svm.o
Solver_NU::~Solver_NU()                           libsvm/libsvm-2.91/svm.o
Solver_NU::~Solver_NU()                           libsvm/libsvm-2.91/svm.o
_DYNAMIC                                          /usr/lib/gcc/x86_64-linux-gnu/4.3.2/../../../../lib/crt1.o
_Exit                                             /lib/libc.so.6
_Exit@@GLIBC_2.2.5                                /lib/libc.so.6
_Exit@GLIBC_2.2.5                                 /lib/libc.so.6
_GLOBAL_OFFSET_TABLE_                             /usr/lib/gcc/x86_64-linux-gnu/4.3.2/../../../../lib/crt1.o
                                                  /usr/lib/libc_nonshared.a(elf-init.oS)
                                                  libsvm/libsvm-2.91/svm.o
                                                  /usr/lib/gcc/x86_64-linux-gnu/4.3.2/../../../../lib/crti.o
_IO_fprintf                                       /lib/libc.so.6
_IO_fprintf@@GLIBC_2.2.5                          /lib/libc.so.6
_IO_fprintf@GLIBC_2.2.5                           /lib/libc.so.6
_IO_getc                                          /lib/libc.so.6
                                                  libsvm/libsvm-2.91/svm.o
_IO_getc@@GLIBC_2.2.5                             /lib/libc.so.6
_IO_getc@GLIBC_2.2.5                              /lib/libc.so.6
_IO_stdin_used                                    /usr/lib/gcc/x86_64-linux-gnu/4.3.2/../../../../lib/crt1.o
_Jv_RegisterClasses                               /usr/lib/gcc/x86_64-linux-gnu/4.3.2/libgcc_s.so
                                                  /usr/lib/gcc/x86_64-linux-gnu/4.3.2/../../../../lib/libm.so
                                                  /usr/lib/gcc/x86_64-linux-gnu/4.3.2/../../../../lib/libtre.so
                                                  /usr/lib/gcc/x86_64-linux-gnu/4.3.2/crtbegin.o
_Unwind_Resume                                    /usr/lib/gcc/x86_64-linux-gnu/4.3.2/libgcc_s.so
                                                  libsvm/libsvm-2.91/svm.o
_Unwind_Resume@@GCC_3.0                           /usr/lib/gcc/x86_64-linux-gnu/4.3.2/libgcc_s.so
_Unwind_Resume@GCC_3.0                            /usr/lib/gcc/x86_64-linux-gnu/4.3.2/libgcc_s.so
__DTOR_END__                                      /usr/lib/gcc/x86_64-linux-gnu/4.3.2/crtend.o
                                                  /usr/lib/gcc/x86_64-linux-gnu/4.3.2/crtbegin.o
__after_morecore_hook                             /lib/libc.so.6
__after_morecore_hook@@GLIBC_2.2.5                /lib/libc.so.6
__after_morecore_hook@GLIBC_2.2.5                 /lib/libc.so.6
__bss_start                                       /usr/lib/gcc/x86_64-linux-gnu/4.3.2/../../../../lib/libtre.so
__close                                           /lib/libc.so.6
__close@@GLIBC_2.2.5                              /lib/libc.so.6
__close@GLIBC_2.2.5                               /lib/libc.so.6
__connect                                         /lib/libc.so.6
__connect@@GLIBC_2.2.5                            /lib/libc.so.6
__connect@GLIBC_2.2.5                             /lib/libc.so.6
__ctype_get_mb_cur_max                            /lib/libc.so.6
__ctype_get_mb_cur_max@@GLIBC_2.2.5               /lib/libc.so.6
__ctype_get_mb_cur_max@GLIBC_2.2.5                /lib/libc.so.6
                                                  /usr/lib/gcc/x86_64-linux-gnu/4.3.2/../../../../lib/libtre.so
__cxa_pure_virtual                                libsvm/libsvm-2.91/svm.o
__data_start                                      /usr/lib/gcc/x86_64-linux-gnu/4.3.2/../../../../lib/crt1.o
__dso_handle                                      /usr/lib/gcc/x86_64-linux-gnu/4.3.2/crtbegin.o
__fcntl                                           /lib/libc.so.6
__fcntl@@GLIBC_2.2.5                              /lib/libc.so.6
__fcntl@GLIBC_2.2.5                               /lib/libc.so.6
__fprintf_chk                                     /lib/libc.so.6
                                                  libsvm/libsvm-2.91/svm.o
__fprintf_chk@@GLIBC_2.3.4                        /lib/libc.so.6
__fprintf_chk@GLIBC_2.3.4                         /lib/libc.so.6
__free_hook                                       /lib/libc.so.6
__free_hook@@GLIBC_2.2.5                          /lib/libc.so.6
__free_hook@GLIBC_2.2.5                           /lib/libc.so.6
__getdelim                                        /lib/libc.so.6
__getdelim@@GLIBC_2.2.5                           /lib/libc.so.6
__getdelim@GLIBC_2.2.5                            /lib/libc.so.6
__gmon_start__                                    /usr/lib/gcc/x86_64-linux-gnu/4.3.2/libgcc_s.so
                                                  /usr/lib/gcc/x86_64-linux-gnu/4.3.2/../../../../lib/libm.so
                                                  /usr/lib/gcc/x86_64-linux-gnu/4.3.2/../../../../lib/libtre.so
                                                  /usr/lib/gcc/x86_64-linux-gnu/4.3.2/../../../../lib/crti.o
__gxx_personality_v0                              libsvm/libsvm-2.91/svm.o
__init_array_end                                  /usr/lib/libc_nonshared.a(elf-init.oS)
__init_array_start                                /usr/lib/libc_nonshared.a(elf-init.oS)
__isascii_l                                       /lib/libc.so.6
__isascii_l@@GLIBC_2.2.5                          /lib/libc.so.6
__isascii_l@GLIBC_2.2.5                           /lib/libc.so.6
__libc_csu_fini                                   /usr/lib/libc_nonshared.a(elf-init.oS)
                                                  /usr/lib/gcc/x86_64-linux-gnu/4.3.2/../../../../lib/crt1.o
__libc_csu_init                                   /usr/lib/libc_nonshared.a(elf-init.oS)
                                                  /usr/lib/gcc/x86_64-linux-gnu/4.3.2/../../../../lib/crt1.o
__libc_start_main                                 /lib/libc.so.6
                                                  /usr/lib/gcc/x86_64-linux-gnu/4.3.2/../../../../lib/crt1.o
__libc_start_main@@GLIBC_2.2.5                    /lib/libc.so.6
__libc_start_main@GLIBC_2.2.5                     /lib/libc.so.6
__lseek                                           /lib/libc.so.6
__lseek@@GLIBC_2.2.5                              /lib/libc.so.6
__lseek@GLIBC_2.2.5                               /lib/libc.so.6
__malloc_hook                                     /lib/libc.so.6
__malloc_hook@@GLIBC_2.2.5                        /lib/libc.so.6
__malloc_hook@GLIBC_2.2.5                         /lib/libc.so.6
__malloc_initialize_hook                          /lib/libc.so.6
__malloc_initialize_hook@@GLIBC_2.2.5             /lib/libc.so.6
__malloc_initialize_hook@GLIBC_2.2.5              /lib/libc.so.6
__memalign_hook                                   /lib/libc.so.6
__memalign_hook@@GLIBC_2.2.5                      /lib/libc.so.6
__memalign_hook@GLIBC_2.2.5                       /lib/libc.so.6
__memset_zero_constant_len_parameter              /lib/libc.so.6
__nanosleep                                       /lib/libc.so.6
__nanosleep@@GLIBC_2.2.6                          /lib/libc.so.6
__nanosleep@GLIBC_2.2.6                           /lib/libc.so.6
__open                                            /lib/libc.so.6
__open64                                          /lib/libc.so.6
__open64@@GLIBC_2.2.5                             /lib/libc.so.6
__open64@GLIBC_2.2.5                              /lib/libc.so.6
__open@@GLIBC_2.2.5                               /lib/libc.so.6
__open@GLIBC_2.2.5                                /lib/libc.so.6
__openat64_2                                      /lib/libc.so.6
__openat64_2@@GLIBC_2.7                           /lib/libc.so.6
__openat64_2@GLIBC_2.7                            /lib/libc.so.6
__pread64                                         /lib/libc.so.6
__pread64@@GLIBC_2.2.5                            /lib/libc.so.6
__pread64@GLIBC_2.2.5                             /lib/libc.so.6
__pwrite64                                        /lib/libc.so.6
__pwrite64@@GLIBC_2.2.5                           /lib/libc.so.6
__pwrite64@GLIBC_2.2.5                            /lib/libc.so.6
__read                                            /lib/libc.so.6
__read@@GLIBC_2.2.5                               /lib/libc.so.6
__read@GLIBC_2.2.5                                /lib/libc.so.6
__realloc_hook                                    /lib/libc.so.6
__realloc_hook@@GLIBC_2.2.5                       /lib/libc.so.6
__realloc_hook@GLIBC_2.2.5                        /lib/libc.so.6
__send                                            /lib/libc.so.6
__send@@GLIBC_2.2.5                               /lib/libc.so.6
__send@GLIBC_2.2.5                                /lib/libc.so.6
__sigaction                                       /lib/libc.so.6
__sigaction@@GLIBC_2.2.5                          /lib/libc.so.6
__sigaction@GLIBC_2.2.5                           /lib/libc.so.6
__stack_chk_fail                                  /lib/libc.so.6
                                                  libsvm/libsvm-2.91/svm.o
__stack_chk_fail@@GLIBC_2.4                       /lib/libc.so.6
__stack_chk_fail@GLIBC_2.4                        /lib/libc.so.6
                                                  /usr/lib/gcc/x86_64-linux-gnu/4.3.2/../../../../lib/libtre.so
__strtoll_l                                       /lib/libc.so.6
__strtoll_l@@GLIBC_2.2.5                          /lib/libc.so.6
__strtoll_l@GLIBC_2.2.5                           /lib/libc.so.6
__strtoull_l                                      /lib/libc.so.6
__strtoull_l@@GLIBC_2.2.5                         /lib/libc.so.6
__strtoull_l@GLIBC_2.2.5                          /lib/libc.so.6
__toascii_l                                       /lib/libc.so.6
__toascii_l@@GLIBC_2.2.5                          /lib/libc.so.6
__toascii_l@GLIBC_2.2.5                           /lib/libc.so.6
__vsnprintf                                       /lib/libc.so.6
__vsnprintf@@GLIBC_2.2.5                          /lib/libc.so.6
__vsnprintf@GLIBC_2.2.5                           /lib/libc.so.6
__vsprintf_chk                                    /lib/libc.so.6
                                                  libsvm/libsvm-2.91/svm.o
__vsprintf_chk@@GLIBC_2.3.4                       /lib/libc.so.6
__vsprintf_chk@GLIBC_2.3.4                        /lib/libc.so.6
__vsscanf                                         /lib/libc.so.6
__vsscanf@@GLIBC_2.2.5                            /lib/libc.so.6
__vsscanf@GLIBC_2.2.5                             /lib/libc.so.6
__wait                                            /lib/libc.so.6
__wait@@GLIBC_2.2.5                               /lib/libc.so.6
__wait@GLIBC_2.2.5                                /lib/libc.so.6
__waitpid                                         /lib/libc.so.6
__waitpid@@GLIBC_2.2.5                            /lib/libc.so.6
__waitpid@GLIBC_2.2.5                             /lib/libc.so.6
__wcstoll_l                                       /lib/libc.so.6
__wcstoll_l@@GLIBC_2.2.5                          /lib/libc.so.6
__wcstoll_l@GLIBC_2.2.5                           /lib/libc.so.6
__wcstoull_l                                      /lib/libc.so.6
__wcstoull_l@@GLIBC_2.2.5                         /lib/libc.so.6
__wcstoull_l@GLIBC_2.2.5                          /lib/libc.so.6
__write                                           /lib/libc.so.6
__write@@GLIBC_2.2.5                              /lib/libc.so.6
__write@GLIBC_2.2.5                               /lib/libc.so.6
__xpg_sigpause                                    /lib/libc.so.6
__xpg_sigpause@@GLIBC_2.2.5                       /lib/libc.so.6
__xpg_sigpause@GLIBC_2.2.5                        /lib/libc.so.6
_dl_starting_up                                   /lib/libc.so.6
_edata                                            /usr/lib/gcc/x86_64-linux-gnu/4.3.2/../../../../lib/libtre.so
_end                                              /usr/lib/gcc/x86_64-linux-gnu/4.3.2/../../../../lib/libtre.so
_environ                                          /lib/libc.so.6
_environ@@GLIBC_2.2.5                             /lib/libc.so.6
_environ@GLIBC_2.2.5                              /lib/libc.so.6
_fini                                             /usr/lib/gcc/x86_64-linux-gnu/4.3.2/../../../../lib/crti.o
                                                  /usr/lib/gcc/x86_64-linux-gnu/4.3.2/../../../../lib/libtre.so
_flushlbf                                         /lib/libc.so.6
_flushlbf@@GLIBC_2.2.5                            /lib/libc.so.6
_flushlbf@GLIBC_2.2.5                             /lib/libc.so.6
_init                                             /usr/lib/gcc/x86_64-linux-gnu/4.3.2/../../../../lib/crti.o
                                                  /usr/lib/libc_nonshared.a(elf-init.oS)
                                                  /usr/lib/gcc/x86_64-linux-gnu/4.3.2/../../../../lib/libtre.so
_longjmp                                          /lib/libc.so.6
_longjmp@@GLIBC_2.2.5                             /lib/libc.so.6
_longjmp@GLIBC_2.2.5                              /lib/libc.so.6
_start                                            /usr/lib/gcc/x86_64-linux-gnu/4.3.2/../../../../lib/crt1.o
accept                                            /lib/libc.so.6
accept@@GLIBC_2.2.5                               /lib/libc.so.6
accept@GLIBC_2.2.5                                /lib/libc.so.6
access                                            /lib/libc.so.6
access@@GLIBC_2.2.5                               /lib/libc.so.6
access@GLIBC_2.2.5                                /lib/libc.so.6
acos                                              /usr/lib/gcc/x86_64-linux-gnu/4.3.2/../../../../lib/libm.so
acos@@GLIBC_2.2.5                                 /usr/lib/gcc/x86_64-linux-gnu/4.3.2/../../../../lib/libm.so
acos@GLIBC_2.2.5                                  /usr/lib/gcc/x86_64-linux-gnu/4.3.2/../../../../lib/libm.so
acosf                                             /usr/lib/gcc/x86_64-linux-gnu/4.3.2/../../../../lib/libm.so
acosf@@GLIBC_2.2.5                                /usr/lib/gcc/x86_64-linux-gnu/4.3.2/../../../../lib/libm.so
acosf@GLIBC_2.2.5                                 /usr/lib/gcc/x86_64-linux-gnu/4.3.2/../../../../lib/libm.so
acosh                                             /usr/lib/gcc/x86_64-linux-gnu/4.3.2/../../../../lib/libm.so
acosh@@GLIBC_2.2.5                                /usr/lib/gcc/x86_64-linux-gnu/4.3.2/../../../../lib/libm.so
acosh@GLIBC_2.2.5                                 /usr/lib/gcc/x86_64-linux-gnu/4.3.2/../../../../lib/libm.so
acoshf                                            /usr/lib/gcc/x86_64-linux-gnu/4.3.2/../../../../lib/libm.so
acoshf@@GLIBC_2.2.5                               /usr/lib/gcc/x86_64-linux-gnu/4.3.2/../../../../lib/libm.so
acoshf@GLIBC_2.2.5                                /usr/lib/gcc/x86_64-linux-gnu/4.3.2/../../../../lib/libm.so
acoshl                                            /usr/lib/gcc/x86_64-linux-gnu/4.3.2/../../../../lib/libm.so
acoshl@@GLIBC_2.2.5                               /usr/lib/gcc/x86_64-linux-gnu/4.3.2/../../../../lib/libm.so
acoshl@GLIBC_2.2.5                                /usr/lib/gcc/x86_64-linux-gnu/4.3.2/../../../../lib/libm.so
acosl                                             /usr/lib/gcc/x86_64-linux-gnu/4.3.2/../../../../lib/libm.so
acosl@@GLIBC_2.2.5                                /usr/lib/gcc/x86_64-linux-gnu/4.3.2/../../../../lib/libm.so
acosl@GLIBC_2.2.5                                 /usr/lib/gcc/x86_64-linux-gnu/4.3.2/../../../../lib/libm.so
addmntent                                         /lib/libc.so.6
addmntent@@GLIBC_2.2.5                            /lib/libc.so.6
addmntent@GLIBC_2.2.5                             /lib/libc.so.6
adjtime                                           /lib/libc.so.6
adjtime@@GLIBC_2.2.5                              /lib/libc.so.6
adjtime@GLIBC_2.2.5                               /lib/libc.so.6
adjtimex                                          /lib/libc.so.6
adjtimex@@GLIBC_2.2.5                             /lib/libc.so.6
adjtimex@GLIBC_2.2.5                              /lib/libc.so.6
advance                                           /lib/libc.so.6
advance@@GLIBC_2.2.5                              /lib/libc.so.6
advance@GLIBC_2.2.5                               /lib/libc.so.6
alphasort64                                       /lib/libc.so.6
alphasort64@@GLIBC_2.2.5                          /lib/libc.so.6
alphasort64@GLIBC_2.2.5                           /lib/libc.so.6
arch_prctl                                        /lib/libc.so.6
arch_prctl@@GLIBC_2.2.5                           /lib/libc.so.6
arch_prctl@GLIBC_2.2.5                            /lib/libc.so.6
argp_error                                        /lib/libc.so.6
argp_error@@GLIBC_2.2.5                           /lib/libc.so.6
argp_error@GLIBC_2.2.5                            /lib/libc.so.6
argp_failure                                      /lib/libc.so.6
argp_failure@@GLIBC_2.2.5                         /lib/libc.so.6
argp_failure@GLIBC_2.2.5                          /lib/libc.so.6
argp_help                                         /lib/libc.so.6
argp_help@@GLIBC_2.2.5                            /lib/libc.so.6
argp_help@GLIBC_2.2.5                             /lib/libc.so.6
argp_parse                                        /lib/libc.so.6
argp_parse@@GLIBC_2.2.5                           /lib/libc.so.6
argp_parse@GLIBC_2.2.5                            /lib/libc.so.6
argp_state_help                                   /lib/libc.so.6
argp_state_help@@GLIBC_2.2.5                      /lib/libc.so.6
argp_state_help@GLIBC_2.2.5                       /lib/libc.so.6
argp_usage                                        /lib/libc.so.6
argp_usage@@GLIBC_2.2.5                           /lib/libc.so.6
argp_usage@GLIBC_2.2.5                            /lib/libc.so.6
argz_add                                          /lib/libc.so.6
argz_add@@GLIBC_2.2.5                             /lib/libc.so.6
argz_add@GLIBC_2.2.5                              /lib/libc.so.6
argz_add_sep                                      /lib/libc.so.6
argz_add_sep@@GLIBC_2.2.5                         /lib/libc.so.6
argz_add_sep@GLIBC_2.2.5                          /lib/libc.so.6
argz_append                                       /lib/libc.so.6
argz_append@@GLIBC_2.2.5                          /lib/libc.so.6
argz_append@GLIBC_2.2.5                           /lib/libc.so.6
argz_count                                        /lib/libc.so.6
argz_count@@GLIBC_2.2.5                           /lib/libc.so.6
argz_count@GLIBC_2.2.5                            /lib/libc.so.6
argz_create                                       /lib/libc.so.6
argz_create@@GLIBC_2.2.5                          /lib/libc.so.6
argz_create@GLIBC_2.2.5                           /lib/libc.so.6
argz_create_sep                                   /lib/libc.so.6
argz_create_sep@@GLIBC_2.2.5                      /lib/libc.so.6
argz_create_sep@GLIBC_2.2.5                       /lib/libc.so.6
argz_extract                                      /lib/libc.so.6
argz_extract@@GLIBC_2.2.5                         /lib/libc.so.6
argz_extract@GLIBC_2.2.5                          /lib/libc.so.6
argz_insert                                       /lib/libc.so.6
argz_insert@@GLIBC_2.2.5                          /lib/libc.so.6
argz_insert@GLIBC_2.2.5                           /lib/libc.so.6
argz_next                                         /lib/libc.so.6
argz_next@@GLIBC_2.2.5                            /lib/libc.so.6
argz_next@GLIBC_2.2.5                             /lib/libc.so.6
argz_replace                                      /lib/libc.so.6
argz_replace@@GLIBC_2.2.5                         /lib/libc.so.6
argz_replace@GLIBC_2.2.5                          /lib/libc.so.6
argz_stringify                                    /lib/libc.so.6
argz_stringify@@GLIBC_2.2.5                       /lib/libc.so.6
argz_stringify@GLIBC_2.2.5                        /lib/libc.so.6
asctime_r                                         /lib/libc.so.6
asctime_r@@GLIBC_2.2.5                            /lib/libc.so.6
asctime_r@GLIBC_2.2.5                             /lib/libc.so.6
asin                                              /usr/lib/gcc/x86_64-linux-gnu/4.3.2/../../../../lib/libm.so
asin@@GLIBC_2.2.5                                 /usr/lib/gcc/x86_64-linux-gnu/4.3.2/../../../../lib/libm.so
asin@GLIBC_2.2.5                                  /usr/lib/gcc/x86_64-linux-gnu/4.3.2/../../../../lib/libm.so
asinf                                             /usr/lib/gcc/x86_64-linux-gnu/4.3.2/../../../../lib/libm.so
asinf@@GLIBC_2.2.5                                /usr/lib/gcc/x86_64-linux-gnu/4.3.2/../../../../lib/libm.so
asinf@GLIBC_2.2.5                                 /usr/lib/gcc/x86_64-linux-gnu/4.3.2/../../../../lib/libm.so
asinh                                             /usr/lib/gcc/x86_64-linux-gnu/4.3.2/../../../../lib/libm.so
asinh@@GLIBC_2.2.5                                /usr/lib/gcc/x86_64-linux-gnu/4.3.2/../../../../lib/libm.so
asinh@GLIBC_2.2.5                                 /usr/lib/gcc/x86_64-linux-gnu/4.3.2/../../../../lib/libm.so
asinhf                                            /usr/lib/gcc/x86_64-linux-gnu/4.3.2/../../../../lib/libm.so
asinhf@@GLIBC_2.2.5                               /usr/lib/gcc/x86_64-linux-gnu/4.3.2/../../../../lib/libm.so
asinhf@GLIBC_2.2.5                                /usr/lib/gcc/x86_64-linux-gnu/4.3.2/../../../../lib/libm.so
asinhl                                            /usr/lib/gcc/x86_64-linux-gnu/4.3.2/../../../../lib/libm.so
asinhl@@GLIBC_2.2.5                               /usr/lib/gcc/x86_64-linux-gnu/4.3.2/../../../../lib/libm.so
asinhl@GLIBC_2.2.5                                /usr/lib/gcc/x86_64-linux-gnu/4.3.2/../../../../lib/libm.so
asinl                                             /usr/lib/gcc/x86_64-linux-gnu/4.3.2/../../../../lib/libm.so
asinl@@GLIBC_2.2.5                                /usr/lib/gcc/x86_64-linux-gnu/4.3.2/../../../../lib/libm.so
asinl@GLIBC_2.2.5                                 /usr/lib/gcc/x86_64-linux-gnu/4.3.2/../../../../lib/libm.so
asprintf                                          /lib/libc.so.6
asprintf@@GLIBC_2.2.5                             /lib/libc.so.6
asprintf@GLIBC_2.2.5                              /lib/libc.so.6
atan2                                             /usr/lib/gcc/x86_64-linux-gnu/4.3.2/../../../../lib/libm.so
atan2@@GLIBC_2.2.5                                /usr/lib/gcc/x86_64-linux-gnu/4.3.2/../../../../lib/libm.so
atan2@GLIBC_2.2.5                                 /usr/lib/gcc/x86_64-linux-gnu/4.3.2/../../../../lib/libm.so
atan2f                                            /usr/lib/gcc/x86_64-linux-gnu/4.3.2/../../../../lib/libm.so
atan2f@@GLIBC_2.2.5                               /usr/lib/gcc/x86_64-linux-gnu/4.3.2/../../../../lib/libm.so
atan2f@GLIBC_2.2.5                                /usr/lib/gcc/x86_64-linux-gnu/4.3.2/../../../../lib/libm.so
atan2l                                            /usr/lib/gcc/x86_64-linux-gnu/4.3.2/../../../../lib/libm.so
atan2l@@GLIBC_2.2.5                               /usr/lib/gcc/x86_64-linux-gnu/4.3.2/../../../../lib/libm.so
atan2l@GLIBC_2.2.5                                /usr/lib/gcc/x86_64-linux-gnu/4.3.2/../../../../lib/libm.so
atanf                                             /usr/lib/gcc/x86_64-linux-gnu/4.3.2/../../../../lib/libm.so
atanf@@GLIBC_2.2.5                                /usr/lib/gcc/x86_64-linux-gnu/4.3.2/../../../../lib/libm.so
atanf@GLIBC_2.2.5                                 /usr/lib/gcc/x86_64-linux-gnu/4.3.2/../../../../lib/libm.so
atanh                                             /usr/lib/gcc/x86_64-linux-gnu/4.3.2/../../../../lib/libm.so
atanh@@GLIBC_2.2.5                                /usr/lib/gcc/x86_64-linux-gnu/4.3.2/../../../../lib/libm.so
atanh@GLIBC_2.2.5                                 /usr/lib/gcc/x86_64-linux-gnu/4.3.2/../../../../lib/libm.so
atanhf                                            /usr/lib/gcc/x86_64-linux-gnu/4.3.2/../../../../lib/libm.so
atanhf@@GLIBC_2.2.5                               /usr/lib/gcc/x86_64-linux-gnu/4.3.2/../../../../lib/libm.so
atanhf@GLIBC_2.2.5                                /usr/lib/gcc/x86_64-linux-gnu/4.3.2/../../../../lib/libm.so
atanhl                                            /usr/lib/gcc/x86_64-linux-gnu/4.3.2/../../../../lib/libm.so
atanhl@@GLIBC_2.2.5                               /usr/lib/gcc/x86_64-linux-gnu/4.3.2/../../../../lib/libm.so
atanhl@GLIBC_2.2.5                                /usr/lib/gcc/x86_64-linux-gnu/4.3.2/../../../../lib/libm.so
atanl                                             /usr/lib/gcc/x86_64-linux-gnu/4.3.2/../../../../lib/libm.so
atanl@@GLIBC_2.2.5                                /usr/lib/gcc/x86_64-linux-gnu/4.3.2/../../../../lib/libm.so
atanl@GLIBC_2.2.5                                 /usr/lib/gcc/x86_64-linux-gnu/4.3.2/../../../../lib/libm.so
backtrace                                         /lib/libc.so.6
backtrace@@GLIBC_2.2.5                            /lib/libc.so.6
backtrace@GLIBC_2.2.5                             /lib/libc.so.6
backtrace_symbols                                 /lib/libc.so.6
backtrace_symbols@@GLIBC_2.2.5                    /lib/libc.so.6
backtrace_symbols@GLIBC_2.2.5                     /lib/libc.so.6
backtrace_symbols_fd                              /lib/libc.so.6
backtrace_symbols_fd@@GLIBC_2.2.5                 /lib/libc.so.6
backtrace_symbols_fd@GLIBC_2.2.5                  /lib/libc.so.6
bcmp                                              /lib/libc.so.6
bcmp@@GLIBC_2.2.5                                 /lib/libc.so.6
bcmp@GLIBC_2.2.5                                  /lib/libc.so.6
bdflush                                           /lib/libc.so.6
bdflush@@GLIBC_2.2.5                              /lib/libc.so.6
bdflush@GLIBC_2.2.5                               /lib/libc.so.6
bind                                              /lib/libc.so.6
bind@@GLIBC_2.2.5                                 /lib/libc.so.6
bind@GLIBC_2.2.5                                  /lib/libc.so.6
bind_textdomain_codeset                           /lib/libc.so.6
bind_textdomain_codeset@@GLIBC_2.2.5              /lib/libc.so.6
bind_textdomain_codeset@GLIBC_2.2.5               /lib/libc.so.6
bindtextdomain                                    /lib/libc.so.6
bindtextdomain@@GLIBC_2.2.5                       /lib/libc.so.6
bindtextdomain@GLIBC_2.2.5                        /lib/libc.so.6
brk                                               /lib/libc.so.6
brk@@GLIBC_2.2.5                                  /lib/libc.so.6
brk@GLIBC_2.2.5                                   /lib/libc.so.6
bsd_signal                                        /lib/libc.so.6
bsd_signal@@GLIBC_2.2.5                           /lib/libc.so.6
bsd_signal@GLIBC_2.2.5                            /lib/libc.so.6
btowc                                             /lib/libc.so.6
btowc@@GLIBC_2.2.5                                /lib/libc.so.6
btowc@GLIBC_2.2.5                                 /lib/libc.so.6
bzero                                             /lib/libc.so.6
bzero@@GLIBC_2.2.5                                /lib/libc.so.6
bzero@GLIBC_2.2.5                                 /lib/libc.so.6
cabs                                              /usr/lib/gcc/x86_64-linux-gnu/4.3.2/../../../../lib/libm.so
cabs@@GLIBC_2.2.5                                 /usr/lib/gcc/x86_64-linux-gnu/4.3.2/../../../../lib/libm.so
cabs@GLIBC_2.2.5                                  /usr/lib/gcc/x86_64-linux-gnu/4.3.2/../../../../lib/libm.so
cabsf                                             /usr/lib/gcc/x86_64-linux-gnu/4.3.2/../../../../lib/libm.so
cabsf@@GLIBC_2.2.5                                /usr/lib/gcc/x86_64-linux-gnu/4.3.2/../../../../lib/libm.so
cabsf@GLIBC_2.2.5                                 /usr/lib/gcc/x86_64-linux-gnu/4.3.2/../../../../lib/libm.so
cabsl                                             /usr/lib/gcc/x86_64-linux-gnu/4.3.2/../../../../lib/libm.so
cabsl@@GLIBC_2.2.5                                /usr/lib/gcc/x86_64-linux-gnu/4.3.2/../../../../lib/libm.so
cabsl@GLIBC_2.2.5                                 /usr/lib/gcc/x86_64-linux-gnu/4.3.2/../../../../lib/libm.so
cacos                                             /usr/lib/gcc/x86_64-linux-gnu/4.3.2/../../../../lib/libm.so
cacos@@GLIBC_2.2.5                                /usr/lib/gcc/x86_64-linux-gnu/4.3.2/../../../../lib/libm.so
cacos@GLIBC_2.2.5                                 /usr/lib/gcc/x86_64-linux-gnu/4.3.2/../../../../lib/libm.so
cacosf                                            /usr/lib/gcc/x86_64-linux-gnu/4.3.2/../../../../lib/libm.so
cacosf@@GLIBC_2.2.5                               /usr/lib/gcc/x86_64-linux-gnu/4.3.2/../../../../lib/libm.so
cacosf@GLIBC_2.2.5                                /usr/lib/gcc/x86_64-linux-gnu/4.3.2/../../../../lib/libm.so
cacosh                                            /usr/lib/gcc/x86_64-linux-gnu/4.3.2/../../../../lib/libm.so
cacosh@@GLIBC_2.2.5                               /usr/lib/gcc/x86_64-linux-gnu/4.3.2/../../../../lib/libm.so
cacosh@GLIBC_2.2.5                                /usr/lib/gcc/x86_64-linux-gnu/4.3.2/../../../../lib/libm.so
cacoshf                                           /usr/lib/gcc/x86_64-linux-gnu/4.3.2/../../../../lib/libm.so
cacoshf@@GLIBC_2.2.5                              /usr/lib/gcc/x86_64-linux-gnu/4.3.2/../../../../lib/libm.so
cacoshf@GLIBC_2.2.5                               /usr/lib/gcc/x86_64-linux-gnu/4.3.2/../../../../lib/libm.so
cacoshl                                           /usr/lib/gcc/x86_64-linux-gnu/4.3.2/../../../../lib/libm.so
cacoshl@@GLIBC_2.2.5                              /usr/lib/gcc/x86_64-linux-gnu/4.3.2/../../../../lib/libm.so
cacoshl@GLIBC_2.2.5                               /usr/lib/gcc/x86_64-linux-gnu/4.3.2/../../../../lib/libm.so
cacosl                                            /usr/lib/gcc/x86_64-linux-gnu/4.3.2/../../../../lib/libm.so
cacosl@@GLIBC_2.2.5                               /usr/lib/gcc/x86_64-linux-gnu/4.3.2/../../../../lib/libm.so
cacosl@GLIBC_2.2.5                                /usr/lib/gcc/x86_64-linux-gnu/4.3.2/../../../../lib/libm.so
calloc                                            /lib/libc.so.6
                                                  libsvm/libsvm-2.91/svm.o
calloc@@GLIBC_2.2.5                               /lib/libc.so.6
                                                  /lib/ld-linux-x86-64.so.2
calloc@GLIBC_2.2.5                                /lib/libc.so.6
                                                  /usr/lib/gcc/x86_64-linux-gnu/4.3.2/libgcc_s.so
                                                  /usr/lib/gcc/x86_64-linux-gnu/4.3.2/../../../../lib/libtre.so
canonicalize_file_name                            /lib/libc.so.6
canonicalize_file_name@@GLIBC_2.2.5               /lib/libc.so.6
canonicalize_file_name@GLIBC_2.2.5                /lib/libc.so.6
carg                                              /usr/lib/gcc/x86_64-linux-gnu/4.3.2/../../../../lib/libm.so
carg@@GLIBC_2.2.5                                 /usr/lib/gcc/x86_64-linux-gnu/4.3.2/../../../../lib/libm.so
carg@GLIBC_2.2.5                                  /usr/lib/gcc/x86_64-linux-gnu/4.3.2/../../../../lib/libm.so
cargf                                             /usr/lib/gcc/x86_64-linux-gnu/4.3.2/../../../../lib/libm.so
cargf@@GLIBC_2.2.5                                /usr/lib/gcc/x86_64-linux-gnu/4.3.2/../../../../lib/libm.so
cargf@GLIBC_2.2.5                                 /usr/lib/gcc/x86_64-linux-gnu/4.3.2/../../../../lib/libm.so
cargl                                             /usr/lib/gcc/x86_64-linux-gnu/4.3.2/../../../../lib/libm.so
cargl@@GLIBC_2.2.5                                /usr/lib/gcc/x86_64-linux-gnu/4.3.2/../../../../lib/libm.so
cargl@GLIBC_2.2.5                                 /usr/lib/gcc/x86_64-linux-gnu/4.3.2/../../../../lib/libm.so
casin                                             /usr/lib/gcc/x86_64-linux-gnu/4.3.2/../../../../lib/libm.so
casin@@GLIBC_2.2.5                                /usr/lib/gcc/x86_64-linux-gnu/4.3.2/../../../../lib/libm.so
casin@GLIBC_2.2.5                                 /usr/lib/gcc/x86_64-linux-gnu/4.3.2/../../../../lib/libm.so
casinf                                            /usr/lib/gcc/x86_64-linux-gnu/4.3.2/../../../../lib/libm.so
casinf@@GLIBC_2.2.5                               /usr/lib/gcc/x86_64-linux-gnu/4.3.2/../../../../lib/libm.so
casinf@GLIBC_2.2.5                                /usr/lib/gcc/x86_64-linux-gnu/4.3.2/../../../../lib/libm.so
casinh                                            /usr/lib/gcc/x86_64-linux-gnu/4.3.2/../../../../lib/libm.so
casinh@@GLIBC_2.2.5                               /usr/lib/gcc/x86_64-linux-gnu/4.3.2/../../../../lib/libm.so
casinh@GLIBC_2.2.5                                /usr/lib/gcc/x86_64-linux-gnu/4.3.2/../../../../lib/libm.so
casinhf                                           /usr/lib/gcc/x86_64-linux-gnu/4.3.2/../../../../lib/libm.so
casinhf@@GLIBC_2.2.5                              /usr/lib/gcc/x86_64-linux-gnu/4.3.2/../../../../lib/libm.so
casinhf@GLIBC_2.2.5                               /usr/lib/gcc/x86_64-linux-gnu/4.3.2/../../../../lib/libm.so
casinhl                                           /usr/lib/gcc/x86_64-linux-gnu/4.3.2/../../../../lib/libm.so
casinhl@@GLIBC_2.2.5                              /usr/lib/gcc/x86_64-linux-gnu/4.3.2/../../../../lib/libm.so
casinhl@GLIBC_2.2.5                               /usr/lib/gcc/x86_64-linux-gnu/4.3.2/../../../../lib/libm.so
casinl                                            /usr/lib/gcc/x86_64-linux-gnu/4.3.2/../../../../lib/libm.so
casinl@@GLIBC_2.2.5                               /usr/lib/gcc/x86_64-linux-gnu/4.3.2/../../../../lib/libm.so
casinl@GLIBC_2.2.5                                /usr/lib/gcc/x86_64-linux-gnu/4.3.2/../../../../lib/libm.so
catan                                             /usr/lib/gcc/x86_64-linux-gnu/4.3.2/../../../../lib/libm.so
catan@@GLIBC_2.2.5                                /usr/lib/gcc/x86_64-linux-gnu/4.3.2/../../../../lib/libm.so
catan@GLIBC_2.2.5                                 /usr/lib/gcc/x86_64-linux-gnu/4.3.2/../../../../lib/libm.so
catanf                                            /usr/lib/gcc/x86_64-linux-gnu/4.3.2/../../../../lib/libm.so
catanf@@GLIBC_2.2.5                               /usr/lib/gcc/x86_64-linux-gnu/4.3.2/../../../../lib/libm.so
catanf@GLIBC_2.2.5                                /usr/lib/gcc/x86_64-linux-gnu/4.3.2/../../../../lib/libm.so
catanh                                            /usr/lib/gcc/x86_64-linux-gnu/4.3.2/../../../../lib/libm.so
catanh@@GLIBC_2.2.5                               /usr/lib/gcc/x86_64-linux-gnu/4.3.2/../../../../lib/libm.so
catanh@GLIBC_2.2.5                                /usr/lib/gcc/x86_64-linux-gnu/4.3.2/../../../../lib/libm.so
catanhf                                           /usr/lib/gcc/x86_64-linux-gnu/4.3.2/../../../../lib/libm.so
catanhf@@GLIBC_2.2.5                              /usr/lib/gcc/x86_64-linux-gnu/4.3.2/../../../../lib/libm.so
catanhf@GLIBC_2.2.5                               /usr/lib/gcc/x86_64-linux-gnu/4.3.2/../../../../lib/libm.so
catanhl                                           /usr/lib/gcc/x86_64-linux-gnu/4.3.2/../../../../lib/libm.so
catanhl@@GLIBC_2.2.5                              /usr/lib/gcc/x86_64-linux-gnu/4.3.2/../../../../lib/libm.so
catanhl@GLIBC_2.2.5                               /usr/lib/gcc/x86_64-linux-gnu/4.3.2/../../../../lib/libm.so
catanl                                            /usr/lib/gcc/x86_64-linux-gnu/4.3.2/../../../../lib/libm.so
catanl@@GLIBC_2.2.5                               /usr/lib/gcc/x86_64-linux-gnu/4.3.2/../../../../lib/libm.so
catanl@GLIBC_2.2.5                                /usr/lib/gcc/x86_64-linux-gnu/4.3.2/../../../../lib/libm.so
cbrt                                              /usr/lib/gcc/x86_64-linux-gnu/4.3.2/../../../../lib/libm.so
cbrt@@GLIBC_2.2.5                                 /usr/lib/gcc/x86_64-linux-gnu/4.3.2/../../../../lib/libm.so
cbrt@GLIBC_2.2.5                                  /usr/lib/gcc/x86_64-linux-gnu/4.3.2/../../../../lib/libm.so
cbrtf                                             /usr/lib/gcc/x86_64-linux-gnu/4.3.2/../../../../lib/libm.so
cbrtf@@GLIBC_2.2.5                                /usr/lib/gcc/x86_64-linux-gnu/4.3.2/../../../../lib/libm.so
cbrtf@GLIBC_2.2.5                                 /usr/lib/gcc/x86_64-linux-gnu/4.3.2/../../../../lib/libm.so
cbrtl                                             /usr/lib/gcc/x86_64-linux-gnu/4.3.2/../../../../lib/libm.so
cbrtl@@GLIBC_2.2.5                                /usr/lib/gcc/x86_64-linux-gnu/4.3.2/../../../../lib/libm.so
cbrtl@GLIBC_2.2.5                                 /usr/lib/gcc/x86_64-linux-gnu/4.3.2/../../../../lib/libm.so
ccos                                              /usr/lib/gcc/x86_64-linux-gnu/4.3.2/../../../../lib/libm.so
ccos@@GLIBC_2.2.5                                 /usr/lib/gcc/x86_64-linux-gnu/4.3.2/../../../../lib/libm.so
ccos@GLIBC_2.2.5                                  /usr/lib/gcc/x86_64-linux-gnu/4.3.2/../../../../lib/libm.so
ccosf                                             /usr/lib/gcc/x86_64-linux-gnu/4.3.2/../../../../lib/libm.so
ccosf@@GLIBC_2.2.5                                /usr/lib/gcc/x86_64-linux-gnu/4.3.2/../../../../lib/libm.so
ccosf@GLIBC_2.2.5                                 /usr/lib/gcc/x86_64-linux-gnu/4.3.2/../../../../lib/libm.so
ccosh                                             /usr/lib/gcc/x86_64-linux-gnu/4.3.2/../../../../lib/libm.so
ccosh@@GLIBC_2.2.5                                /usr/lib/gcc/x86_64-linux-gnu/4.3.2/../../../../lib/libm.so
ccosh@GLIBC_2.2.5                                 /usr/lib/gcc/x86_64-linux-gnu/4.3.2/../../../../lib/libm.so
ccoshf                                            /usr/lib/gcc/x86_64-linux-gnu/4.3.2/../../../../lib/libm.so
ccoshf@@GLIBC_2.2.5                               /usr/lib/gcc/x86_64-linux-gnu/4.3.2/../../../../lib/libm.so
ccoshf@GLIBC_2.2.5                                /usr/lib/gcc/x86_64-linux-gnu/4.3.2/../../../../lib/libm.so
ccoshl                                            /usr/lib/gcc/x86_64-linux-gnu/4.3.2/../../../../lib/libm.so
ccoshl@@GLIBC_2.2.5                               /usr/lib/gcc/x86_64-linux-gnu/4.3.2/../../../../lib/libm.so
ccoshl@GLIBC_2.2.5                                /usr/lib/gcc/x86_64-linux-gnu/4.3.2/../../../../lib/libm.so
ccosl                                             /usr/lib/gcc/x86_64-linux-gnu/4.3.2/../../../../lib/libm.so
ccosl@@GLIBC_2.2.5                                /usr/lib/gcc/x86_64-linux-gnu/4.3.2/../../../../lib/libm.so
ccosl@GLIBC_2.2.5                                 /usr/lib/gcc/x86_64-linux-gnu/4.3.2/../../../../lib/libm.so
ceil                                              /usr/lib/gcc/x86_64-linux-gnu/4.3.2/../../../../lib/libm.so
ceil@@GLIBC_2.2.5                                 /usr/lib/gcc/x86_64-linux-gnu/4.3.2/../../../../lib/libm.so
ceil@GLIBC_2.2.5                                  /usr/lib/gcc/x86_64-linux-gnu/4.3.2/../../../../lib/libm.so
ceilf                                             /usr/lib/gcc/x86_64-linux-gnu/4.3.2/../../../../lib/libm.so
ceilf@@GLIBC_2.2.5                                /usr/lib/gcc/x86_64-linux-gnu/4.3.2/../../../../lib/libm.so
ceilf@GLIBC_2.2.5                                 /usr/lib/gcc/x86_64-linux-gnu/4.3.2/../../../../lib/libm.so
ceill                                             /usr/lib/gcc/x86_64-linux-gnu/4.3.2/../../../../lib/libm.so
ceill@@GLIBC_2.2.5                                /usr/lib/gcc/x86_64-linux-gnu/4.3.2/../../../../lib/libm.so
ceill@GLIBC_2.2.5                                 /usr/lib/gcc/x86_64-linux-gnu/4.3.2/../../../../lib/libm.so
cexp                                              /usr/lib/gcc/x86_64-linux-gnu/4.3.2/../../../../lib/libm.so
cexp@@GLIBC_2.2.5                                 /usr/lib/gcc/x86_64-linux-gnu/4.3.2/../../../../lib/libm.so
cexp@GLIBC_2.2.5                                  /usr/lib/gcc/x86_64-linux-gnu/4.3.2/../../../../lib/libm.so
cexpf                                             /usr/lib/gcc/x86_64-linux-gnu/4.3.2/../../../../lib/libm.so
cexpf@@GLIBC_2.2.5                                /usr/lib/gcc/x86_64-linux-gnu/4.3.2/../../../../lib/libm.so
cexpf@GLIBC_2.2.5                                 /usr/lib/gcc/x86_64-linux-gnu/4.3.2/../../../../lib/libm.so
cexpl                                             /usr/lib/gcc/x86_64-linux-gnu/4.3.2/../../../../lib/libm.so
cexpl@@GLIBC_2.2.5                                /usr/lib/gcc/x86_64-linux-gnu/4.3.2/../../../../lib/libm.so
cexpl@GLIBC_2.2.5                                 /usr/lib/gcc/x86_64-linux-gnu/4.3.2/../../../../lib/libm.so
cfree                                             /lib/libc.so.6
cfree@@GLIBC_2.2.5                                /lib/libc.so.6
cfree@GLIBC_2.2.5                                 /lib/libc.so.6
chdir                                             /lib/libc.so.6
chdir@@GLIBC_2.2.5                                /lib/libc.so.6
chdir@GLIBC_2.2.5                                 /lib/libc.so.6
chmod                                             /lib/libc.so.6
chmod@@GLIBC_2.2.5                                /lib/libc.so.6
chmod@GLIBC_2.2.5                                 /lib/libc.so.6
chown                                             /lib/libc.so.6
chown@@GLIBC_2.2.5                                /lib/libc.so.6
chown@GLIBC_2.2.5                                 /lib/libc.so.6
cimag                                             /usr/lib/gcc/x86_64-linux-gnu/4.3.2/../../../../lib/libm.so
cimag@@GLIBC_2.2.5                                /usr/lib/gcc/x86_64-linux-gnu/4.3.2/../../../../lib/libm.so
cimag@GLIBC_2.2.5                                 /usr/lib/gcc/x86_64-linux-gnu/4.3.2/../../../../lib/libm.so
cimagf                                            /usr/lib/gcc/x86_64-linux-gnu/4.3.2/../../../../lib/libm.so
cimagf@@GLIBC_2.2.5                               /usr/lib/gcc/x86_64-linux-gnu/4.3.2/../../../../lib/libm.so
cimagf@GLIBC_2.2.5                                /usr/lib/gcc/x86_64-linux-gnu/4.3.2/../../../../lib/libm.so
cimagl                                            /usr/lib/gcc/x86_64-linux-gnu/4.3.2/../../../../lib/libm.so
cimagl@@GLIBC_2.2.5                               /usr/lib/gcc/x86_64-linux-gnu/4.3.2/../../../../lib/libm.so
cimagl@GLIBC_2.2.5                                /usr/lib/gcc/x86_64-linux-gnu/4.3.2/../../../../lib/libm.so
clearenv                                          /lib/libc.so.6
clearenv@@GLIBC_2.2.5                             /lib/libc.so.6
clearenv@GLIBC_2.2.5                              /lib/libc.so.6
clog                                              /usr/lib/gcc/x86_64-linux-gnu/4.3.2/../../../../lib/libm.so
clog10                                            /usr/lib/gcc/x86_64-linux-gnu/4.3.2/../../../../lib/libm.so
clog10@@GLIBC_2.2.5                               /usr/lib/gcc/x86_64-linux-gnu/4.3.2/../../../../lib/libm.so
clog10@GLIBC_2.2.5                                /usr/lib/gcc/x86_64-linux-gnu/4.3.2/../../../../lib/libm.so
clog10f                                           /usr/lib/gcc/x86_64-linux-gnu/4.3.2/../../../../lib/libm.so
clog10f@@GLIBC_2.2.5                              /usr/lib/gcc/x86_64-linux-gnu/4.3.2/../../../../lib/libm.so
clog10f@GLIBC_2.2.5                               /usr/lib/gcc/x86_64-linux-gnu/4.3.2/../../../../lib/libm.so
clog10l                                           /usr/lib/gcc/x86_64-linux-gnu/4.3.2/../../../../lib/libm.so
clog10l@@GLIBC_2.2.5                              /usr/lib/gcc/x86_64-linux-gnu/4.3.2/../../../../lib/libm.so
clog10l@GLIBC_2.2.5                               /usr/lib/gcc/x86_64-linux-gnu/4.3.2/../../../../lib/libm.so
clog@@GLIBC_2.2.5                                 /usr/lib/gcc/x86_64-linux-gnu/4.3.2/../../../../lib/libm.so
clog@GLIBC_2.2.5                                  /usr/lib/gcc/x86_64-linux-gnu/4.3.2/../../../../lib/libm.so
clogf                                             /usr/lib/gcc/x86_64-linux-gnu/4.3.2/../../../../lib/libm.so
clogf@@GLIBC_2.2.5                                /usr/lib/gcc/x86_64-linux-gnu/4.3.2/../../../../lib/libm.so
clogf@GLIBC_2.2.5                                 /usr/lib/gcc/x86_64-linux-gnu/4.3.2/../../../../lib/libm.so
clogl                                             /usr/lib/gcc/x86_64-linux-gnu/4.3.2/../../../../lib/libm.so
clogl@@GLIBC_2.2.5                                /usr/lib/gcc/x86_64-linux-gnu/4.3.2/../../../../lib/libm.so
clogl@GLIBC_2.2.5                                 /usr/lib/gcc/x86_64-linux-gnu/4.3.2/../../../../lib/libm.so
clone                                             /lib/libc.so.6
clone@@GLIBC_2.2.5                                /lib/libc.so.6
clone@GLIBC_2.2.5                                 /lib/libc.so.6
close                                             /lib/libc.so.6
close@@GLIBC_2.2.5                                /lib/libc.so.6
close@GLIBC_2.2.5                                 /lib/libc.so.6
closedir                                          /lib/libc.so.6
closedir@@GLIBC_2.2.5                             /lib/libc.so.6
closedir@GLIBC_2.2.5                              /lib/libc.so.6
conj                                              /usr/lib/gcc/x86_64-linux-gnu/4.3.2/../../../../lib/libm.so
conj@@GLIBC_2.2.5                                 /usr/lib/gcc/x86_64-linux-gnu/4.3.2/../../../../lib/libm.so
conj@GLIBC_2.2.5                                  /usr/lib/gcc/x86_64-linux-gnu/4.3.2/../../../../lib/libm.so
conjf                                             /usr/lib/gcc/x86_64-linux-gnu/4.3.2/../../../../lib/libm.so
conjf@@GLIBC_2.2.5                                /usr/lib/gcc/x86_64-linux-gnu/4.3.2/../../../../lib/libm.so
conjf@GLIBC_2.2.5                                 /usr/lib/gcc/x86_64-linux-gnu/4.3.2/../../../../lib/libm.so
conjl                                             /usr/lib/gcc/x86_64-linux-gnu/4.3.2/../../../../lib/libm.so
conjl@@GLIBC_2.2.5                                /usr/lib/gcc/x86_64-linux-gnu/4.3.2/../../../../lib/libm.so
conjl@GLIBC_2.2.5                                 /usr/lib/gcc/x86_64-linux-gnu/4.3.2/../../../../lib/libm.so
connect                                           /lib/libc.so.6
connect@@GLIBC_2.2.5                              /lib/libc.so.6
connect@GLIBC_2.2.5                               /lib/libc.so.6
copysign                                          /usr/lib/gcc/x86_64-linux-gnu/4.3.2/../../../../lib/libm.so
copysign@@GLIBC_2.2.5                             /usr/lib/gcc/x86_64-linux-gnu/4.3.2/../../../../lib/libm.so
                                                  /lib/libc.so.6
copysign@GLIBC_2.2.5                              /usr/lib/gcc/x86_64-linux-gnu/4.3.2/../../../../lib/libm.so
copysignf                                         /usr/lib/gcc/x86_64-linux-gnu/4.3.2/../../../../lib/libm.so
copysignf@@GLIBC_2.2.5                            /usr/lib/gcc/x86_64-linux-gnu/4.3.2/../../../../lib/libm.so
                                                  /lib/libc.so.6
copysignf@GLIBC_2.2.5                             /usr/lib/gcc/x86_64-linux-gnu/4.3.2/../../../../lib/libm.so
copysignl                                         /usr/lib/gcc/x86_64-linux-gnu/4.3.2/../../../../lib/libm.so
copysignl@@GLIBC_2.2.5                            /usr/lib/gcc/x86_64-linux-gnu/4.3.2/../../../../lib/libm.so
                                                  /lib/libc.so.6
copysignl@GLIBC_2.2.5                             /usr/lib/gcc/x86_64-linux-gnu/4.3.2/../../../../lib/libm.so
cos                                               /usr/lib/gcc/x86_64-linux-gnu/4.3.2/../../../../lib/libm.so
cos@@GLIBC_2.2.5                                  /usr/lib/gcc/x86_64-linux-gnu/4.3.2/../../../../lib/libm.so
cos@GLIBC_2.2.5                                   /usr/lib/gcc/x86_64-linux-gnu/4.3.2/../../../../lib/libm.so
cosf                                              /usr/lib/gcc/x86_64-linux-gnu/4.3.2/../../../../lib/libm.so
cosf@@GLIBC_2.2.5                                 /usr/lib/gcc/x86_64-linux-gnu/4.3.2/../../../../lib/libm.so
cosf@GLIBC_2.2.5                                  /usr/lib/gcc/x86_64-linux-gnu/4.3.2/../../../../lib/libm.so
cosh                                              /usr/lib/gcc/x86_64-linux-gnu/4.3.2/../../../../lib/libm.so
cosh@@GLIBC_2.2.5                                 /usr/lib/gcc/x86_64-linux-gnu/4.3.2/../../../../lib/libm.so
cosh@GLIBC_2.2.5                                  /usr/lib/gcc/x86_64-linux-gnu/4.3.2/../../../../lib/libm.so
coshf                                             /usr/lib/gcc/x86_64-linux-gnu/4.3.2/../../../../lib/libm.so
coshf@@GLIBC_2.2.5                                /usr/lib/gcc/x86_64-linux-gnu/4.3.2/../../../../lib/libm.so
coshf@GLIBC_2.2.5                                 /usr/lib/gcc/x86_64-linux-gnu/4.3.2/../../../../lib/libm.so
coshl                                             /usr/lib/gcc/x86_64-linux-gnu/4.3.2/../../../../lib/libm.so
coshl@@GLIBC_2.2.5                                /usr/lib/gcc/x86_64-linux-gnu/4.3.2/../../../../lib/libm.so
coshl@GLIBC_2.2.5                                 /usr/lib/gcc/x86_64-linux-gnu/4.3.2/../../../../lib/libm.so
cosl                                              /usr/lib/gcc/x86_64-linux-gnu/4.3.2/../../../../lib/libm.so
cosl@@GLIBC_2.2.5                                 /usr/lib/gcc/x86_64-linux-gnu/4.3.2/../../../../lib/libm.so
cosl@GLIBC_2.2.5                                  /usr/lib/gcc/x86_64-linux-gnu/4.3.2/../../../../lib/libm.so
cpow                                              /usr/lib/gcc/x86_64-linux-gnu/4.3.2/../../../../lib/libm.so
cpow@@GLIBC_2.2.5                                 /usr/lib/gcc/x86_64-linux-gnu/4.3.2/../../../../lib/libm.so
cpow@GLIBC_2.2.5                                  /usr/lib/gcc/x86_64-linux-gnu/4.3.2/../../../../lib/libm.so
cpowf                                             /usr/lib/gcc/x86_64-linux-gnu/4.3.2/../../../../lib/libm.so
cpowf@@GLIBC_2.2.5                                /usr/lib/gcc/x86_64-linux-gnu/4.3.2/../../../../lib/libm.so
cpowf@GLIBC_2.2.5                                 /usr/lib/gcc/x86_64-linux-gnu/4.3.2/../../../../lib/libm.so
cpowl                                             /usr/lib/gcc/x86_64-linux-gnu/4.3.2/../../../../lib/libm.so
cpowl@@GLIBC_2.2.5                                /usr/lib/gcc/x86_64-linux-gnu/4.3.2/../../../../lib/libm.so