Archive member included because of file (symbol)

libcrm114.a(crm114_base.o)    simple_demo.o (crm114_learn_text)
libcrm114.a(crm114_markov.o)  libcrm114.a(crm114_base.o) (crm114_learn_features_markov)
libcrm114.a(crm114_markov_microgroom.o)
                              libcrm114.a(crm114_markov.o) (crm114__markov_microgroom)
libcrm114.a(crm114_bit_entropy.o)
                              libcrm114.a(crm114_base.o) (crm114__bit_entropy_default_class_size)
libcrm114.a(crm114_hyperspace.o)
                              libcrm114.a(crm114_base.o) (crm114_learn_features_hyperspace)
libcrm114.a(crm114_svm.o)     libcrm114.a(crm114_base.o) (crm114__svm_learned_write_text_fp)
libcrm114.a(crm114_svm_lib_fncts.o)
                              libcrm114.a(crm114_svm.o) (crm114__svm_solve)
libcrm114.a(crm114_svm_quad_prog.o)
                              libcrm114.a(crm114_svm_lib_fncts.o) (crm114__run_qp)
libcrm114.a(crm114_fast_substring_compression.o)
                              libcrm114.a(crm114_base.o) (crm114__init_block_fscm)
libcrm114.a(crm114_pca.o)     libcrm114.a(crm114_base.o) (crm114__pca_learned_write_text_fp)
libcrm114.a(crm114_pca_lib_fncts.o)
                              libcrm114.a(crm114_pca.o) (crm114__pca_solve)
libcrm114.a(crm114_matrix.o)  libcrm114.a(crm114_svm_quad_prog.o) (crm114__vector_set)
libcrm114.a(crm114_matrix_util.o)
                              libcrm114.a(crm114_matrix.o) (crm114__make_expanding_array)
libcrm114.a(crm114_datalib.o)
                              libcrm114.a(crm114_svm.o) (crm114__dbopen)
libcrm114.a(crm114_vector_tokenize.o)
                              libcrm114.a(crm114_base.o) (crm114_feature_sort_unique)
libcrm114.a(crm114_strnhash.o)
                              libcrm114.a(crm114_vector_tokenize.o) (crm114_strnhash)
libcrm114.a(crm114_util.o)    libcrm114.a(crm114_base.o) (crm114__tf_read_text_fp)
libcrm114.a(crm114_regex_tre.o)
                              libcrm114.a(crm114_vector_tokenize.o) (crm114__regncomp)
/usr/lib64/libc_nonshared.a(elf-init.oS)
                              /usr/lib/gcc/x86_64-redhat-linux/4.4.4/../../../../lib64/crt1.o (__libc_csu_fini)

Allocating common symbols
Common symbol       size              file

CRM114__MATR_DEBUG_MODE
                    0x4               libcrm114.a(crm114_svm.o)
crm114__internal_trace
                    0x4               simple_demo.o
CRM114__PCA_DEBUG_MODE
                    0x4               libcrm114.a(crm114_pca.o)
CRM114__SVM_DEBUG_MODE
                    0x4               libcrm114.a(crm114_svm.o)
crm114__user_trace  0x4               simple_demo.o

Discarded input sections

 .note.GNU-stack
                0x0000000000000000        0x0 /usr/lib/gcc/x86_64-redhat-linux/4.4.4/../../../../lib64/crt1.o
 .note.GNU-stack
                0x0000000000000000        0x0 /usr/lib/gcc/x86_64-redhat-linux/4.4.4/../../../../lib64/crti.o
 .note.GNU-stack
                0x0000000000000000        0x0 /usr/lib/gcc/x86_64-redhat-linux/4.4.4/crtbegin.o
 .note.GNU-stack
                0x0000000000000000        0x0 simple_demo.o
 .note.GNU-stack
                0x0000000000000000        0x0 libcrm114.a(crm114_base.o)
 .note.GNU-stack
                0x0000000000000000        0x0 libcrm114.a(crm114_markov.o)
 .note.GNU-stack
                0x0000000000000000        0x0 libcrm114.a(crm114_markov_microgroom.o)
 .note.GNU-stack
                0x0000000000000000        0x0 libcrm114.a(crm114_bit_entropy.o)
 .note.GNU-stack
                0x0000000000000000        0x0 libcrm114.a(crm114_hyperspace.o)
 .note.GNU-stack
                0x0000000000000000        0x0 libcrm114.a(crm114_svm.o)
 .note.GNU-stack
                0x0000000000000000        0x0 libcrm114.a(crm114_svm_lib_fncts.o)
 .note.GNU-stack
                0x0000000000000000        0x0 libcrm114.a(crm114_svm_quad_prog.o)
 .note.GNU-stack
                0x0000000000000000        0x0 libcrm114.a(crm114_fast_substring_compression.o)
 .note.GNU-stack
                0x0000000000000000        0x0 libcrm114.a(crm114_pca.o)
 .note.GNU-stack
                0x0000000000000000        0x0 libcrm114.a(crm114_pca_lib_fncts.o)
 .note.GNU-stack
                0x0000000000000000        0x0 libcrm114.a(crm114_matrix.o)
 .note.GNU-stack
                0x0000000000000000        0x0 libcrm114.a(crm114_matrix_util.o)
 .note.GNU-stack
                0x0000000000000000        0x0 libcrm114.a(crm114_datalib.o)
 .note.GNU-stack
                0x0000000000000000        0x0 libcrm114.a(crm114_vector_tokenize.o)
 .note.GNU-stack
                0x0000000000000000        0x0 libcrm114.a(crm114_strnhash.o)
 .note.GNU-stack
                0x0000000000000000        0x0 libcrm114.a(crm114_util.o)
 .note.GNU-stack
                0x0000000000000000        0x0 libcrm114.a(crm114_regex_tre.o)
 .note.GNU-stack
                0x0000000000000000        0x0 /usr/lib64/libc_nonshared.a(elf-init.oS)
 .note.GNU-stack
[...]
Memory Configuration

Name             Origin             Length             Attributes
*default*        0x0000000000000000 0xffffffffffffffff

Linker script and memory map

LOAD /usr/lib/gcc/x86_64-redhat-linux/4.4.4/../../../../lib64/crt1.o
LOAD /usr/lib/gcc/x86_64-redhat-linux/4.4.4/../../../../lib64/crti.o
LOAD /usr/lib/gcc/x86_64-redhat-linux/4.4.4/crtbegin.o
LOAD simple_demo.o
LOAD libcrm114.a
LOAD /usr/local/lib/libtre.so
LOAD /usr/lib/gcc/x86_64-redhat-linux/4.4.4/../../../../lib64/libm.so
LOAD /usr/lib/gcc/x86_64-redhat-linux/4.4.4/libgcc.a
LOAD /usr/lib/gcc/x86_64-redhat-linux/4.4.4/libgcc_s.so
LOAD /usr/lib/gcc/x86_64-redhat-linux/4.4.4/../../../../lib64/libc.so
START GROUP
LOAD /lib64/libc.so.6
LOAD /usr/lib64/libc_nonshared.a
LOAD /lib64/ld-linux-x86-64.so.2
END GROUP
LOAD /usr/lib/gcc/x86_64-redhat-linux/4.4.4/libgcc.a
LOAD /usr/lib/gcc/x86_64-redhat-linux/4.4.4/libgcc_s.so
LOAD /usr/lib/gcc/x86_64-redhat-linux/4.4.4/crtend.o
LOAD /usr/lib/gcc/x86_64-redhat-linux/4.4.4/../../../../lib64/crtn.o
                0x0000000000400000                PROVIDE (__executable_start, 0x400000)
                0x0000000000400200                . = (0x400000 + SIZEOF_HEADERS)

.interp         0x0000000000400200       0x1c
 *(.interp)
 .interp        0x0000000000400200       0x1c /usr/lib/gcc/x86_64-redhat-linux/4.4.4/../../../../lib64/crt1.o

.note.ABI-tag   0x000000000040021c       0x20
 .note.ABI-tag  0x000000000040021c       0x20 /usr/lib/gcc/x86_64-redhat-linux/4.4.4/../../../../lib64/crt1.o

.note.gnu.build-id
                0x000000000040023c       0x24
 *(.note.gnu.build-id)
 .note.gnu.build-id
                0x000000000040023c       0x24 /usr/lib/gcc/x86_64-redhat-linux/4.4.4/../../../../lib64/crt1.o

.hash
 *(.hash)

.gnu.hash       0x0000000000400260       0x3c
 *(.gnu.hash)
 .gnu.hash      0x0000000000400260       0x3c /usr/lib/gcc/x86_64-redhat-linux/4.4.4/../../../../lib64/crt1.o

.dynsym         0x00000000004002a0      0x528
 *(.dynsym)
 .dynsym        0x00000000004002a0      0x528 /usr/lib/gcc/x86_64-redhat-linux/4.4.4/../../../../lib64/crt1.o

.dynstr         0x00000000004007c8      0x1fb
 *(.dynstr)
 .dynstr        0x00000000004007c8      0x1fb /usr/lib/gcc/x86_64-redhat-linux/4.4.4/../../../../lib64/crt1.o

.gnu.version    0x00000000004009c4       0x6e
 *(.gnu.version)
 .gnu.version   0x00000000004009c4       0x6e /usr/lib/gcc/x86_64-redhat-linux/4.4.4/../../../../lib64/crt1.o

.gnu.version_d  0x0000000000400a38        0x0 load address 0x0000000000400a32
 *(.gnu.version_d)
 .gnu.version_d
                0x0000000000000000        0x0 /usr/lib/gcc/x86_64-redhat-linux/4.4.4/../../../../lib64/crt1.o

.gnu.version_r  0x0000000000400a38       0x60
 *(.gnu.version_r)
 .gnu.version_r
                0x0000000000400a38       0x60 /usr/lib/gcc/x86_64-redhat-linux/4.4.4/../../../../lib64/crt1.o

.rela.dyn       0x0000000000400a98       0x30
 *(.rela.init)
 *(.rela.text .rela.text.* .rela.gnu.linkonce.t.*)
 .rela.text     0x0000000000000000        0x0 /usr/lib/gcc/x86_64-redhat-linux/4.4.4/../../../../lib64/crt1.o
 *(.rela.fini)
 *(.rela.rodata .rela.rodata.* .rela.gnu.linkonce.r.*)
 *(.rela.data .rela.data.* .rela.gnu.linkonce.d.*)
 *(.rela.tdata .rela.tdata.* .rela.gnu.linkonce.td.*)
 *(.rela.tbss .rela.tbss.* .rela.gnu.linkonce.tb.*)
 *(.rela.ctors)
 *(.rela.dtors)
 *(.rela.got)
 .rela.got      0x0000000000400a98       0x18 /usr/lib/gcc/x86_64-redhat-linux/4.4.4/../../../../lib64/crt1.o
 *(.rela.sharable_data .rela.sharable_data.* .rela.gnu.linkonce.shrd.*)
 *(.rela.sharable_bss .rela.sharable_bss.* .rela.gnu.linkonce.shrb.*)
 .rela.sharable_bss
                0x0000000000000000        0x0 /usr/lib/gcc/x86_64-redhat-linux/4.4.4/../../../../lib64/crt1.o
 *(.rela.bss .rela.bss.* .rela.gnu.linkonce.b.*)
 .rela.bss      0x0000000000400ab0       0x18 /usr/lib/gcc/x86_64-redhat-linux/4.4.4/../../../../lib64/crt1.o
 *(.rela.ldata .rela.ldata.* .rela.gnu.linkonce.l.*)
 *(.rela.lbss .rela.lbss.* .rela.gnu.linkonce.lb.*)
 *(.rela.lrodata .rela.lrodata.* .rela.gnu.linkonce.lr.*)
 *(.rela.ifunc)

.rela.plt       0x0000000000400ac8      0x450
 *(.rela.plt)
 .rela.plt      0x0000000000400ac8      0x450 /usr/lib/gcc/x86_64-redhat-linux/4.4.4/../../../../lib64/crt1.o
                0x0000000000400f18                PROVIDE (__rela_iplt_start, .)
 *(.rela.iplt)
 .rela.iplt     0x0000000000000000        0x0 /usr/lib/gcc/x86_64-redhat-linux/4.4.4/../../../../lib64/crt1.o
                0x0000000000400f18                PROVIDE (__rela_iplt_end, .)

.init           0x0000000000400f18       0x18
 *(.init)
 .init          0x0000000000400f18        0x9 /usr/lib/gcc/x86_64-redhat-linux/4.4.4/../../../../lib64/crti.o
                0x0000000000400f18                _init
 .init          0x0000000000400f21        0x5 /usr/lib/gcc/x86_64-redhat-linux/4.4.4/crtbegin.o
 .init          0x0000000000400f26        0x5 /usr/lib/gcc/x86_64-redhat-linux/4.4.4/crtend.o
 .init          0x0000000000400f2b        0x5 /usr/lib/gcc/x86_64-redhat-linux/4.4.4/../../../../lib64/crtn.o

.plt            0x0000000000400f30      0x2f0
 *(.plt)
 .plt           0x0000000000400f30      0x2f0 /usr/lib/gcc/x86_64-redhat-linux/4.4.4/../../../../lib64/crt1.o
                0x0000000000400f40                log10@@GLIBC_2.2.5
                0x0000000000400f50                __signbit@@GLIBC_2.2.5
                0x0000000000400f60                printf@@GLIBC_2.2.5
                0x0000000000400f70                tanh@@GLIBC_2.2.5
                0x0000000000400f80                memset@@GLIBC_2.2.5
                0x0000000000400f90                __isoc99_fscanf@@GLIBC_2.7
                0x0000000000400fa0                puts@@GLIBC_2.2.5
                0x0000000000400fb0                __isoc99_sscanf@@GLIBC_2.7
                0x0000000000400fc0                exit@@GLIBC_2.2.5
                0x0000000000400fd0                gettimeofday@@GLIBC_2.2.5
                0x0000000000400fe0                putchar@@GLIBC_2.2.5
                0x0000000000400ff0                strncmp@@GLIBC_2.2.5
                0x0000000000401000                malloc@@GLIBC_2.2.5
                0x0000000000401010                fopen@@GLIBC_2.2.5
                0x0000000000401020                __libc_start_main@@GLIBC_2.2.5
                0x0000000000401030                sysconf@@GLIBC_2.2.5
                0x0000000000401040                fgets@@GLIBC_2.2.5
                0x0000000000401050                ungetc@@GLIBC_2.2.5
                0x0000000000401060                fputc@@GLIBC_2.2.5
                0x0000000000401070                times@@GLIBC_2.2.5
                0x0000000000401080                free@@GLIBC_2.2.5
                0x0000000000401090                _IO_getc@@GLIBC_2.2.5
                0x00000000004010a0                strlen@@GLIBC_2.2.5
                0x00000000004010b0                __ctype_b_loc@@GLIBC_2.3
                0x00000000004010c0                sprintf@@GLIBC_2.2.5
                0x00000000004010d0                pow@@GLIBC_2.2.5
                0x00000000004010e0                __isinf@@GLIBC_2.2.5
                0x00000000004010f0                memcpy@@GLIBC_2.2.5
                0x0000000000401100                memmove@@GLIBC_2.2.5
                0x0000000000401110                fread@@GLIBC_2.2.5
                0x0000000000401120                qsort@@GLIBC_2.2.5
                0x0000000000401130                strcmp@@GLIBC_2.2.5
                0x0000000000401140                logl@@GLIBC_2.2.5
                0x0000000000401150                tre_regncomp
                0x0000000000401160                calloc@@GLIBC_2.2.5
                0x0000000000401170                feof@@GLIBC_2.2.5
                0x0000000000401180                fclose@@GLIBC_2.2.5
                0x0000000000401190                tre_regnexec
                0x00000000004011a0                fwrite@@GLIBC_2.2.5
                0x00000000004011b0                realloc@@GLIBC_2.2.5
                0x00000000004011c0                rand@@GLIBC_2.2.5
                0x00000000004011d0                fprintf@@GLIBC_2.2.5
                0x00000000004011e0                tre_regerror
                0x00000000004011f0                sqrt@@GLIBC_2.2.5
                0x0000000000401200                tre_regfree
                0x0000000000401210                _IO_putc@@GLIBC_2.2.5
 *(.iplt)
 .iplt          0x0000000000000000        0x0 /usr/lib/gcc/x86_64-redhat-linux/4.4.4/../../../../lib64/crt1.o

.text           0x0000000000401220    0x2d188
 *(.text .stub .text.* .gnu.linkonce.t.*)
 .text          0x0000000000401220       0x2c /usr/lib/gcc/x86_64-redhat-linux/4.4.4/../../../../lib64/crt1.o
                0x0000000000401220                _start
 .text          0x000000000040124c       0x17 /usr/lib/gcc/x86_64-redhat-linux/4.4.4/../../../../lib64/crti.o
 *fill*         0x0000000000401263        0xd 90909090
 .text          0x0000000000401270       0x92 /usr/lib/gcc/x86_64-redhat-linux/4.4.4/crtbegin.o
 *fill*         0x0000000000401302        0x2 90909090
 .text          0x0000000000401304      0x7f1 simple_demo.o
                0x0000000000401304                main
 *fill*         0x0000000000401af5        0x3 90909090
 .text          0x0000000000401af8     0x2b86 libcrm114.a(crm114_base.o)
                0x0000000000402263                crm114_cb_reset
                0x0000000000401be1                crm114_learn_text
                0x0000000000401d8d                crm114_learn_features
                0x0000000000403ef1                crm114_db_read_text_fp
                0x0000000000402463                crm114_cb_setclassdefaults
                0x00000000004025bb                crm114_new_cb
                0x00000000004029dd                crm114_cb_getdimensions
                0x0000000000401f23                crm114_classify_text
                0x00000000004037a1                crm114_db_write_text_fp
                0x0000000000402ba0                crm114_cb_setflags
                0x000000000040271a                crm114_new_db
                0x0000000000402584                crm114_cb_setdefaults
                0x0000000000403e9a                crm114_cb_read_text
                0x0000000000404129                crm114__resize_a_block
                0x00000000004022b8                crm114_cb_setblockdefaults
                0x00000000004038f0                crm114_db_write_text
                0x0000000000402d89                crm114_cb_setregex
                0x0000000000402ded                crm114_cb_setpipeline
                0x00000000004040d2                crm114_db_read_text
                0x0000000000403742                crm114_cb_write_text
                0x00000000004020c8                crm114_classify_features
                0x0000000000403297                crm114_cb_write_text_fp
                0x000000000040394f                crm114_cb_read_text_fp
 *fill*         0x000000000040467e        0x2 90909090
 .text          0x0000000000404680     0x1578 libcrm114.a(crm114_markov.o)
                0x0000000000404bc4                crm114_classify_features_markov
                0x0000000000404680                crm114_learn_features_markov
                0x00000000004059ea                crm114__markov_learned_read_text_fp
                0x00000000004058be                crm114__markov_learned_write_text_fp
 .text          0x0000000000405bf8      0x6da libcrm114.a(crm114_markov_microgroom.o)
                0x0000000000406123                crm114__markov_microgroom
 *fill*         0x00000000004062d2        0x2 90909090
 .text          0x00000000004062d4     0x4e43 libcrm114.a(crm114_bit_entropy.o)
                0x000000000040ab21                crm114__bit_entropy_learned_write_text_fp
                0x0000000000409ca0                crm114_classify_text_bit_entropy
                0x000000000040882a                crm114__init_block_bit_entropy
                0x000000000040adf3                crm114__bit_entropy_learned_read_text_fp
                0x0000000000408cac                crm114_learn_text_bit_entropy
                0x0000000000406343                crm114__bit_entropy_default_class_size
 *fill*         0x000000000040b117        0x1 90909090
 .text          0x000000000040b118      0xdb3 libcrm114.a(crm114_hyperspace.o)
                0x000000000040b118                crm114_learn_features_hyperspace
                0x000000000040bc52                crm114__hyperspace_learned_write_text_fp
                0x000000000040b7d0                crm114_classify_features_hyperspace
                0x000000000040bd76                crm114__hyperspace_learned_read_text_fp
 *fill*         0x000000000040becb        0x1 90909090
 .text          0x000000000040becc     0x468c libcrm114.a(crm114_svm.o)
                0x000000000040fe8a                crm114_classify_features_svm
                0x000000000040ecc4                crm114__init_block_svm
                0x000000000040f4a1                crm114_learn_features_svm
                0x000000000040e77d                crm114__svm_learned_write_text_fp
                0x000000000040e973                crm114__svm_learned_read_text_fp
 .text          0x0000000000410558     0x2856 libcrm114.a(crm114_svm_lib_fncts.o)
                0x0000000000412a5c                crm114__svm_read_solution
                0x0000000000412973                crm114__svm_write_solution_fp
                0x00000000004128ea                crm114__svm_write_solution
                0x0000000000412d55                crm114__svm_free_solution
                0x0000000000412c09                crm114__svm_map_solution
                0x0000000000412ada                crm114__svm_read_solution_fp
                0x0000000000412852                crm114__svm_classify_example
                0x0000000000411ff1                crm114__svm_solve
 *fill*         0x0000000000412dae        0x2 90909090
 .text          0x0000000000412db0     0x310d libcrm114.a(crm114_svm_quad_prog.o)
                0x0000000000413948                crm114__run_qp
 *fill*         0x0000000000415ebd        0x3 90909090
 .text          0x0000000000415ec0     0x1a5c libcrm114.a(crm114_fast_substring_compression.o)
                0x0000000000415ec0                crm114__init_block_fscm
                0x000000000041734a                crm114__fscm_learned_write_text_fp
                0x0000000000415f15                crm114_learn_features_fscm
                0x0000000000417553                crm114__fscm_learned_read_text_fp
                0x0000000000416d54                crm114_classify_features_fscm
 .text          0x000000000041791c     0x3c93 libcrm114.a(crm114_pca.o)
                0x00000000004195cf                crm114__pca_learned_write_text_fp
                0x0000000000419740                crm114__pca_learned_read_text_fp
                0x000000000041aa1e                crm114_learn_features_pca
                0x00000000004199c9                crm114__init_block_pca
                0x000000000041afe0                crm114_classify_features_pca
 *fill*         0x000000000041b5af        0x1 90909090
 .text          0x000000000041b5b0     0x1023 libcrm114.a(crm114_pca_lib_fncts.o)
                0x000000000041bcbe                run_pca
                0x000000000041c127                pca_preprocess
                0x000000000041c18c                crm114__pca_solve
                0x000000000041c5a0                crm114__pca_free_solution
                0x000000000041c52f                pca_classify
 *fill*         0x000000000041c5d3        0x1 90909090
 .text          0x000000000041c5d4     0xbc35 libcrm114.a(crm114_matrix.o)
                0x0000000000425ddd                crm114__vector_free
                0x00000000004263be                crm114__vectorit_zero_elt
                0x00000000004264e5                crm114__vectorit_set_col
                0x0000000000423ad6                crm114__vector_add_ncols
                0x00000000004249c6                crm114__vector_write_ns
                0x0000000000425c06                crm114__vector_size
                0x0000000000420824                crm114__matr_write_bin_fp
                0x00000000004210f2                crm114__vector_make_size
                0x0000000000422d74                crm114__vector_equals
                0x000000000041ea5b                crm114__matr_remove_zero_cols
                0x000000000041fd76                crm114__matr_transpose
                0x000000000041e091                crm114__matr_add_col
                0x00000000004242ba                crm114__vector_dist2
                0x000000000041d899                crm114__matr_shallow_row_copy
                0x0000000000423e33                crm114__vector_remove_col
                0x00000000004244ee                crm114__vector_convert_nonsparse_to_sparray
                0x0000000000424e11                crm114__vector_write_bin
                0x000000000041d57b                crm114__matr_make
                0x0000000000420bbf                crm114__matr_read_bin_fp
                0x000000000041fbb4                crm114__matr_vector_seq
                0x0000000000424d07                crm114__vector_write_text_fp
                0x0000000000421043                crm114__matr_free
                0x000000000042079b                crm114__matr_write_bin
                0x00000000004201b0                crm114__matr_print
                0x0000000000424a45                crm114__vector_write_ns_fp
                0x0000000000422687                crm114__vector_add_multiple
                0x000000000041f95c                crm114__matr_vector
                0x00000000004252b5                crm114__vector_read_bin_fp
                0x0000000000424e9a                crm114__vector_write_bin_fp
                0x00000000004206bf                crm114__matr_write_text_fp
                0x0000000000420b41                crm114__matr_read_bin
                0x0000000000426d83                crm114__vectorit_insert
                0x00000000004237b6                crm114__vector_add_col
                0x000000000041d7ae                crm114__matr_set_row
                0x000000000041e94b                crm114__matr_remove_zero_rows
                0x0000000000421967                crm114__vector_zero
                0x000000000041f79e                crm114__matr_append_matr
                0x000000000041e222                crm114__matr_add_ncols
                0x000000000041ffec                crm114__matr_iszero
                0x000000000042808a                crm114__matr_multiply
                0x00000000004255af                crm114__vector_map
                0x000000000041d5b2                crm114__matr_make_size
                0x0000000000422bde                crm114__vector_iszero
                0x0000000000420e57                crm114__matr_map
                0x0000000000424ba4                crm114__vector_write_sp
                0x000000000041de13                crm114__matr_add_row
                0x00000000004258e7                crm114__vector_memmove
                0x000000000041df40                crm114__matr_add_nrows
                0x000000000042160d                crm114__vector_set
                0x000000000041e3c3                crm114__matr_remove_row
                0x0000000000427211                crm114__vectorit_find
                0x00000000004202fb                crm114__matr_write_fp
                0x0000000000421426                crm114__vector_copy
                0x00000000004217ae                crm114__vector_get
                0x000000000042027c                crm114__matr_write
                0x0000000000420087                crm114__matr_convert_nonsparse_to_sparray
                0x00000000004220b5                crm114__vector_multiply
                0x000000000042097c                crm114__matr_read_text_fp
                0x0000000000424c23                crm114__vector_write_sp_fp
                0x000000000041e701                crm114__matr_remove_col
                0x000000000042508a                crm114__vector_read_text_fp
                0x00000000004208fe                crm114__matr_size
                0x00000000004210c2                crm114__vector_make
                0x0000000000421b75                crm114__vector_add
                0x000000000041e3ea                crm114__matr_erase_row
                0x0000000000424833                crm114__vector_print
                0x000000000041dacb                crm114__matr_set_col
                0x0000000000425237                crm114__vector_read_bin
                0x00000000004223cd                crm114__dot
 *fill*         0x0000000000428209        0x3 90909090
 .text          0x000000000042820c     0x37db libcrm114.a(crm114_matrix_util.o)
                0x0000000000428d52                crm114__expanding_array_get
                0x000000000042ab48                crm114__list_write
                0x000000000042847c                crm114__make_expanding_array
                0x00000000004293dd                crm114__expanding_array_insert_before
                0x000000000042a279                crm114__list_insert_before
                0x000000000042a487                crm114__list_insert_after
                0x000000000042963e                crm114__expanding_array_remove_elt
                0x000000000042aef1                crm114__list_map
                0x00000000004285a2                crm114__expanding_array_insert
                0x000000000042a696                crm114__list_clear
                0x000000000042a030                crm114__list_search
                0x00000000004286f0                crm114__expanding_array_set
                0x0000000000428cda                crm114__expanding_array_trim
                0x0000000000429f13                crm114__expanding_array_free
                0x000000000042975b                crm114__expanding_array_clear
                0x000000000042b8da                crm114__compact_expanding_type_int_compare
                0x000000000042ac59                crm114__list_read
                0x000000000042ab0a                crm114__list_is_empty
                0x0000000000429f60                crm114__make_list
                0x0000000000428e2f                crm114__expanding_array_search
                0x000000000042b996                crm114__precise_sparse_element_col_compare
                0x000000000042b92b                crm114__precise_sparse_element_val_compare
                0x0000000000429eaa                crm114__expanding_array_free_data
                0x000000000042b1e9                crm114__list_memmove
                0x0000000000429611                crm114__expanding_array_insert_after
                0x000000000042a89d                crm114__list_remove_elt
                0x00000000004297de                crm114__expanding_array_write
                0x0000000000429c2c                crm114__expanding_array_map
                0x000000000042993e                crm114__expanding_array_read
 *fill*         0x000000000042b9e7        0x1 90909090
 .text          0x000000000042b9e8     0x1501 libcrm114.a(crm114_datalib.o)
                0x000000000042c859                crm114__db_expanding_array_read
                0x000000000042cc58                crm114__db_list_read
                0x000000000042bc9d                crm114__dbeof
                0x000000000042bb50                crm114__dbclose
                0x000000000042cb47                crm114__db_list_write
                0x000000000042baf8                crm114__dbopen
                0x000000000042c108                crm114__db_vector_write_bin_dsp
                0x000000000042be5e                crm114__dbwrite_zeroes
                0x000000000042c6f9                crm114__db_expanding_array_write
                0x000000000042bb8d                crm114__dbtell
                0x000000000042c518                crm114__db_vector_read_bin_dsp
                0x000000000042bcae                crm114__dbread
                0x000000000042bf33                crm114__db_vector_write_bin
                0x000000000042bd86                crm114__dbwrite
                0x000000000042bb9f                crm114__dbseek
                0x000000000042c22c                crm114__db_vector_read_bin
 *fill*         0x000000000042cee9        0x3 90909090
 .text          0x000000000042ceec      0x6b5 libcrm114.a(crm114_vector_tokenize.o)
                0x000000000042cf46                crm114_feature_sort_unique
                0x000000000042d019                crm114_vector_tokenize
 *fill*         0x000000000042d5a1        0x3 90909090
 .text          0x000000000042d5a4       0x9b libcrm114.a(crm114_strnhash.o)
                0x000000000042d5a4                crm114_strnhash
 *fill*         0x000000000042d63f        0x1 90909090
 .text          0x000000000042d640      0xbb1 libcrm114.a(crm114_util.o)
                0x000000000042dd42                crm114_show_result_class
                0x000000000042d6af                crm114__tf_read_text_fp
                0x000000000042d890                crm114__clear_copy_result
                0x000000000042e1d0                crm114_free
                0x000000000042da46                crm114__result_pR_outcome
                0x000000000042dcbb                crm114__result_do_common
                0x000000000042d7d0                crm114( &*)
                0x000000000042d640                crm114__strn1cpy
                0x000000000042e147                crm114_show_result
 *fill*         0x000000000042e1f1        0x3 90909090
 .text          0x000000000042e1f4       0xdb libcrm114.a(crm114_regex_tre.o)
                0x000000000042e22d                crm114__regnexec
                0x000000000042e1f4                crm114__regncomp
                0x000000000042e2b5                crm114__regfree
                0x000000000042e27d                crm114__regerror
 *fill*         0x000000000042e2cf        0x1 90909090
 .text          0x000000000042e2d0       0x99 /usr/lib64/libc_nonshared.a(elf-init.oS)
                0x000000000042e2d0                __libc_csu_fini
                0x000000000042e2e0                __libc_csu_init
 *fill*         0x000000000042e369        0x7 90909090
 .text          0x000000000042e370       0x36 /usr/lib/gcc/x86_64-redhat-linux/4.4.4/crtend.o
 *fill*         0x000000000042e3a6        0x2 90909090
 .text          0x000000000042e3a8        0x0 /usr/lib/gcc/x86_64-redhat-linux/4.4.4/../../../../lib64/crtn.o
 *(.gnu.warning)

.fini           0x000000000042e3a8        0xe
 *(.fini)
 .fini          0x000000000042e3a8        0x4 /usr/lib/gcc/x86_64-redhat-linux/4.4.4/../../../../lib64/crti.o
                0x000000000042e3a8                _fini
 .fini          0x000000000042e3ac        0x5 /usr/lib/gcc/x86_64-redhat-linux/4.4.4/crtbegin.o
 .fini          0x000000000042e3b1        0x5 /usr/lib/gcc/x86_64-redhat-linux/4.4.4/../../../../lib64/crtn.o
                0x000000000042e3b6                PROVIDE (__etext, .)
                0x000000000042e3b6                PROVIDE (_etext, .)
                0x000000000042e3b6                PROVIDE (etext, .)

.rodata         0x000000000042e3c0    0x27000
 *(.rodata .rodata.* .gnu.linkonce.r.*)
 .rodata.cst4   0x000000000042e3c0        0x4 /usr/lib/gcc/x86_64-redhat-linux/4.4.4/../../../../lib64/crt1.o
                0x000000000042e3c0                _IO_stdin_used
 *fill*         0x000000000042e3c4        0x4 00
 .rodata        0x000000000042e3c8        0x8 /usr/lib/gcc/x86_64-redhat-linux/4.4.4/crtbegin.o
                0x000000000042e3c8                __dso_handle
 *fill*         0x000000000042e3d0       0x10 00
 .rodata        0x000000000042e3e0    0x17260 simple_demo.o
 .rodata        0x0000000000445640     0xa452 libcrm114.a(crm114_base.o)
 *fill*         0x000000000044fa92        0x6 00
 .rodata        0x000000000044fa98      0x230 libcrm114.a(crm114_markov.o)
 .rodata        0x000000000044fcc8       0x50 libcrm114.a(crm114_markov_microgroom.o)
 *fill*         0x000000000044fd18        0x8 00
 .rodata        0x000000000044fd20      0xb50 libcrm114.a(crm114_bit_entropy.o)
 .rodata        0x0000000000450870      0x1d8 libcrm114.a(crm114_hyperspace.o)
 *fill*         0x0000000000450a48        0x8 00
 .rodata        0x0000000000450a50      0x4a0 libcrm114.a(crm114_svm.o)
 .rodata        0x0000000000450ef0      0x7b8 libcrm114.a(crm114_svm_lib_fncts.o)
 *fill*         0x00000000004516a8        0x8 00
 .rodata        0x00000000004516b0      0x428 libcrm114.a(crm114_svm_quad_prog.o)
 .rodata        0x0000000000451ad8      0x638 libcrm114.a(crm114_fast_substring_compression.o)
 .rodata        0x0000000000452110      0x458 libcrm114.a(crm114_pca.o)
 *fill*         0x0000000000452568        0x8 00
 .rodata        0x0000000000452570      0x2a8 libcrm114.a(crm114_pca_lib_fncts.o)
 *fill*         0x0000000000452818        0x8 00
 .rodata        0x0000000000452820     0x1ee0 libcrm114.a(crm114_matrix.o)
 .rodata        0x0000000000454700      0x738 libcrm114.a(crm114_matrix_util.o)
 .rodata        0x0000000000454e38      0x3b9 libcrm114.a(crm114_datalib.o)
 *fill*         0x00000000004551f1        0x7 00
 .rodata        0x00000000004551f8       0x93 libcrm114.a(crm114_vector_tokenize.o)
 *fill*         0x000000000045528b        0x5 00
 .rodata        0x0000000000455290      0x130 libcrm114.a(crm114_util.o)

.rodata1
 *(.rodata1)

.eh_frame_hdr   0x00000000004553c0      0xc04
 *(.eh_frame_hdr)
 .eh_frame_hdr  0x00000000004553c0      0xc04 simple_demo.o

.eh_frame       0x0000000000455fc8     0x3404
 *(.eh_frame)
 .eh_frame      0x0000000000455fc8       0x38 simple_demo.o
 .eh_frame      0x0000000000456000      0x468 libcrm114.a(crm114_base.o)
                                        0x460 (size before relaxing)
 .eh_frame      0x0000000000456468       0xa0 libcrm114.a(crm114_markov.o)
                                         0xa8 (size before relaxing)
 .eh_frame      0x0000000000456508       0x98 libcrm114.a(crm114_markov_microgroom.o)
                                         0xa8 (size before relaxing)
 .eh_frame      0x00000000004565a0      0x308 libcrm114.a(crm114_bit_entropy.o)
                                        0x2f0 (size before relaxing)
 .eh_frame      0x00000000004568a8       0xa0 libcrm114.a(crm114_hyperspace.o)
                                         0xa8 (size before relaxing)
 .eh_frame      0x0000000000456948      0x448 libcrm114.a(crm114_svm.o)
                                        0x440 (size before relaxing)
 .eh_frame      0x0000000000456d90      0x280 libcrm114.a(crm114_svm_lib_fncts.o)
                                        0x288 (size before relaxing)
 .eh_frame      0x0000000000457010      0x290 libcrm114.a(crm114_svm_quad_prog.o)
                                        0x298 (size before relaxing)
 .eh_frame      0x00000000004572a0      0x160 libcrm114.a(crm114_fast_substring_compression.o)
                                        0x158 (size before relaxing)
 .eh_frame      0x0000000000457400      0x488 libcrm114.a(crm114_pca.o)
                                        0x480 (size before relaxing)
 .eh_frame      0x0000000000457888      0x188 libcrm114.a(crm114_pca_lib_fncts.o)
                                        0x1a0 (size before relaxing)
 .eh_frame      0x0000000000457a10      0xe98 libcrm114.a(crm114_matrix.o)
                                        0xe40 (size before relaxing)
 .eh_frame      0x00000000004588a8      0x560 libcrm114.a(crm114_matrix_util.o)
                                        0x538 (size before relaxing)
 .eh_frame      0x0000000000458e08      0x310 libcrm114.a(crm114_datalib.o)
 .eh_frame      0x0000000000459118       0x70 libcrm114.a(crm114_vector_tokenize.o)
                                         0x80 (size before relaxing)
 .eh_frame      0x0000000000459188       0x20 libcrm114.a(crm114_strnhash.o)
                                         0x38 (size before relaxing)
 .eh_frame      0x00000000004591a8      0x160 libcrm114.a(crm114_util.o)
                                        0x168 (size before relaxing)
 .eh_frame      0x0000000000459308       0x80 libcrm114.a(crm114_regex_tre.o)
                                         0x98 (size before relaxing)
 .eh_frame      0x0000000000459388       0x40 /usr/lib64/libc_nonshared.a(elf-init.oS)
                                         0x58 (size before relaxing)
 .eh_frame      0x00000000004593c8        0x4 /usr/lib/gcc/x86_64-redhat-linux/4.4.4/crtend.o

.gcc_except_table
 *(.gcc_except_table .gcc_except_table.*)
                0x00000000004593cc                . = (ALIGN (0x200000) - ((0x200000 - .) & 0x1fffff))
                0x00000000006593cc                . = (0x200000 DATA_SEGMENT_ALIGN 0x1000)

.eh_frame
 *(.eh_frame)

.gcc_except_table
 *(.gcc_except_table .gcc_except_table.*)

.tdata
 *(.tdata .tdata.* .gnu.linkonce.td.*)

.tbss
 *(.tbss .tbss.* .gnu.linkonce.tb.*)
 *(.tcommon)

.preinit_array  0x00000000006593cc        0x0
                0x00000000006593cc                PROVIDE (__preinit_array_start, .)
 *(.preinit_array)
                0x00000000006593cc                PROVIDE (__preinit_array_end, .)

.init_array     0x00000000006593cc        0x0
                0x00000000006593cc                PROVIDE (__init_array_start, .)
 *(SORT(.init_array.*))
 *(.init_array)
                0x00000000006593cc                PROVIDE (__init_array_end, .)

.fini_array     0x00000000006593cc        0x0
                0x00000000006593cc                PROVIDE (__fini_array_start, .)
 *(.fini_array)
 *(SORT(.fini_array.*))
                0x00000000006593cc                PROVIDE (__fini_array_end, .)

.ctors          0x00000000006593d0       0x10
 *crtbegin.o(.ctors)
 .ctors         0x00000000006593d0        0x8 /usr/lib/gcc/x86_64-redhat-linux/4.4.4/crtbegin.o
 *crtbegin?.o(.ctors)
 *(EXCLUDE_FILE(*crtend?.o *crtend.o) .ctors)
 *(SORT(.ctors.*))
 *(.ctors)
 .ctors         0x00000000006593d8        0x8 /usr/lib/gcc/x86_64-redhat-linux/4.4.4/crtend.o

.dtors          0x00000000006593e0       0x10
 *crtbegin.o(.dtors)
 .dtors         0x00000000006593e0        0x8 /usr/lib/gcc/x86_64-redhat-linux/4.4.4/crtbegin.o
 *crtbegin?.o(.dtors)
 *(EXCLUDE_FILE(*crtend?.o *crtend.o) .dtors)
 *(SORT(.dtors.*))
 *(.dtors)
 .dtors         0x00000000006593e8        0x8 /usr/lib/gcc/x86_64-redhat-linux/4.4.4/crtend.o
                0x00000000006593e8                __DTOR_END__

.jcr            0x00000000006593f0        0x8
 *(.jcr)
 .jcr           0x00000000006593f0        0x0 /usr/lib/gcc/x86_64-redhat-linux/4.4.4/crtbegin.o
 .jcr           0x00000000006593f0        0x8 /usr/lib/gcc/x86_64-redhat-linux/4.4.4/crtend.o

.data.rel.ro
 *(.data.rel.ro.local* .gnu.linkonce.d.rel.ro.local.*)
 *(.data.rel.ro* .gnu.linkonce.d.rel.ro.*)

.dynamic        0x00000000006593f8      0x1b0
 *(.dynamic)
 .dynamic       0x00000000006593f8      0x1b0 /usr/lib/gcc/x86_64-redhat-linux/4.4.4/../../../../lib64/crt1.o
                0x00000000006593f8                _DYNAMIC

.got            0x00000000006595a8        0x8
 *(.got)
 .got           0x00000000006595a8        0x8 /usr/lib/gcc/x86_64-redhat-linux/4.4.4/../../../../lib64/crt1.o
 *(.igot)
                0x00000000006595b0                . = (. DATA_SEGMENT_RELRO_END 0x18)

.got.plt        0x00000000006595b0      0x188
 *(.got.plt)
 .got.plt       0x00000000006595b0      0x188 /usr/lib/gcc/x86_64-redhat-linux/4.4.4/../../../../lib64/crt1.o
                0x00000000006595b0                _GLOBAL_OFFSET_TABLE_
 *(.igot.plt)
 .igot.plt      0x0000000000000000        0x0 /usr/lib/gcc/x86_64-redhat-linux/4.4.4/../../../../lib64/crt1.o

.data           0x0000000000659740       0x4c
 *(.data .data.* .gnu.linkonce.d.*)
 .data          0x0000000000659740        0x4 /usr/lib/gcc/x86_64-redhat-linux/4.4.4/../../../../lib64/crt1.o
                0x0000000000659740                data_start
                0x0000000000659740                __data_start
 .data          0x0000000000659744        0x0 /usr/lib/gcc/x86_64-redhat-linux/4.4.4/../../../../lib64/crti.o
 .data          0x0000000000659744        0x0 /usr/lib/gcc/x86_64-redhat-linux/4.4.4/crtbegin.o
 .data          0x0000000000659744        0x0 simple_demo.o
 .data          0x0000000000659744        0x0 libcrm114.a(crm114_base.o)
 *fill*         0x0000000000659744        0xc 00
 .data          0x0000000000659750       0x3c libcrm114.a(crm114_markov.o)
 .data          0x000000000065978c        0x0 libcrm114.a(crm114_markov_microgroom.o)
 .data          0x000000000065978c        0x0 libcrm114.a(crm114_bit_entropy.o)
 .data          0x000000000065978c        0x0 libcrm114.a(crm114_hyperspace.o)
 .data          0x000000000065978c        0x0 libcrm114.a(crm114_svm.o)
 .data          0x000000000065978c        0x0 libcrm114.a(crm114_svm_lib_fncts.o)
 .data          0x000000000065978c        0x0 libcrm114.a(crm114_svm_quad_prog.o)
 .data          0x000000000065978c        0x0 libcrm114.a(crm114_fast_substring_compression.o)
 .data          0x000000000065978c        0x0 libcrm114.a(crm114_pca.o)
 .data          0x000000000065978c        0x0 libcrm114.a(crm114_pca_lib_fncts.o)
 .data          0x000000000065978c        0x0 libcrm114.a(crm114_matrix.o)
 .data          0x000000000065978c        0x0 libcrm114.a(crm114_matrix_util.o)
 .data          0x000000000065978c        0x0 libcrm114.a(crm114_datalib.o)
 .data          0x000000000065978c        0x0 libcrm114.a(crm114_vector_tokenize.o)
 .data          0x000000000065978c        0x0 libcrm114.a(crm114_strnhash.o)
 .data          0x000000000065978c        0x0 libcrm114.a(crm114_util.o)
 .data          0x000000000065978c        0x0 libcrm114.a(crm114_regex_tre.o)
 .data          0x000000000065978c        0x0 /usr/lib64/libc_nonshared.a(elf-init.oS)
 .data          0x000000000065978c        0x0 /usr/lib/gcc/x86_64-redhat-linux/4.4.4/crtend.o
 .data          0x000000000065978c        0x0 /usr/lib/gcc/x86_64-redhat-linux/4.4.4/../../../../lib64/crtn.o

.data1
 *(.data1)

.sharable_data  0x0000000000800000        0x0
                0x0000000000800000                PROVIDE (__sharable_data_start, .)
 *(.sharable_data .sharable_data.* .gnu.linkonce.shrd.*)
                0x0000000000800000                . = ALIGN ((. != 0x0)?0x200000:0x1)
                0x0000000000800000                PROVIDE (__sharable_data_end, .)
                0x0000000000800000                _edata = .
                0x0000000000800000                PROVIDE (edata, .)
                0x0000000000800000                __bss_start = .

.bss            0x00000000006597a0    0x80078
 *(.dynbss)
 .dynbss        0x00000000006597a0        0x8 /usr/lib/gcc/x86_64-redhat-linux/4.4.4/../../../../lib64/crt1.o
                0x00000000006597a0                stderr@@GLIBC_2.2.5
 *(.bss .bss.* .gnu.linkonce.b.*)
 .bss           0x00000000006597a8        0x0 /usr/lib/gcc/x86_64-redhat-linux/4.4.4/../../../../lib64/crt1.o
 .bss           0x00000000006597a8        0x0 /usr/lib/gcc/x86_64-redhat-linux/4.4.4/../../../../lib64/crti.o
 .bss           0x00000000006597a8       0x10 /usr/lib/gcc/x86_64-redhat-linux/4.4.4/crtbegin.o
 .bss           0x00000000006597b8        0x0 simple_demo.o
 .bss           0x00000000006597b8        0x0 libcrm114.a(crm114_base.o)
 .bss           0x00000000006597b8        0x0 libcrm114.a(crm114_markov.o)
 .bss           0x00000000006597b8        0x4 libcrm114.a(crm114_markov_microgroom.o)
 *fill*         0x00000000006597bc        0x4 00
 .bss           0x00000000006597c0    0x80020 libcrm114.a(crm114_bit_entropy.o)
 .bss           0x00000000006d97e0        0x0 libcrm114.a(crm114_hyperspace.o)
 .bss           0x00000000006d97e0        0x8 libcrm114.a(crm114_svm.o)
 .bss           0x00000000006d97e8        0x0 libcrm114.a(crm114_svm_lib_fncts.o)
 .bss           0x00000000006d97e8        0x4 libcrm114.a(crm114_svm_quad_prog.o)
 *fill*         0x00000000006d97ec        0x4 00
 .bss           0x00000000006d97f0        0xc libcrm114.a(crm114_fast_substring_compression.o)
 .bss           0x00000000006d97fc        0x4 libcrm114.a(crm114_pca.o)
 .bss           0x00000000006d9800        0x0 libcrm114.a(crm114_pca_lib_fncts.o)
 .bss           0x00000000006d9800        0x0 libcrm114.a(crm114_matrix.o)
 .bss           0x00000000006d9800        0x0 libcrm114.a(crm114_matrix_util.o)
 .bss           0x00000000006d9800        0x0 libcrm114.a(crm114_datalib.o)
 .bss           0x00000000006d9800        0x0 libcrm114.a(crm114_vector_tokenize.o)
 .bss           0x00000000006d9800        0x0 libcrm114.a(crm114_strnhash.o)
 .bss           0x00000000006d9800        0x0 libcrm114.a(crm114_util.o)
 .bss           0x00000000006d9800        0x0 libcrm114.a(crm114_regex_tre.o)
 .bss           0x00000000006d9800        0x0 /usr/lib64/libc_nonshared.a(elf-init.oS)
 .bss           0x00000000006d9800        0x0 /usr/lib/gcc/x86_64-redhat-linux/4.4.4/crtend.o
 .bss           0x00000000006d9800        0x0 /usr/lib/gcc/x86_64-redhat-linux/4.4.4/../../../../lib64/crtn.o
 *(COMMON)
 COMMON         0x00000000006d9800        0x8 simple_demo.o
                0x00000000006d9800                crm114__internal_trace
                0x00000000006d9804                crm114__user_trace
 COMMON         0x00000000006d9808        0x8 libcrm114.a(crm114_svm.o)
                0x00000000006d9808                CRM114__MATR_DEBUG_MODE
                0x00000000006d980c                CRM114__SVM_DEBUG_MODE
 COMMON         0x00000000006d9810        0x4 libcrm114.a(crm114_pca.o)
                0x00000000006d9810                CRM114__PCA_DEBUG_MODE
                0x00000000006d9818                . = ALIGN ((. != 0x0)?0x8:0x1)
 *fill*         0x00000000006d9814        0x4 00

.lbss
 *(.dynlbss)
 *(.lbss .lbss.* .gnu.linkonce.lb.*)
 *(LARGE_COMMON)

.sharable_bss   0x0000000000800000        0x0
                0x0000000000800000                PROVIDE (__sharable_bss_start, .)
 *(.dynsharablebss)
 .dynsharablebss
                0x0000000000000000        0x0 /usr/lib/gcc/x86_64-redhat-linux/4.4.4/../../../../lib64/crt1.o
 *(.sharable_bss .sharable_bss.* .gnu.linkonce.shrb.*)
 *(SHARABLE_COMMON)
                0x0000000000800000                . = ALIGN ((. != 0x0)?0x200000:0x1)
                0x0000000000800000                PROVIDE (__sharable_bss_end, .)
                0x0000000000800000                . = ALIGN (0x8)

.lrodata
 *(.lrodata .lrodata.* .gnu.linkonce.lr.*)

.ldata          0x0000000000ad9818        0x0
 *(.ldata .ldata.* .gnu.linkonce.l.*)
                0x0000000000ad9818                . = ALIGN ((. != 0x0)?0x8:0x1)
                0x0000000000ad9818                . = ALIGN (0x8)
                0x0000000000ad9818                _end = .
                0x0000000000ad9818                PROVIDE (end, .)
                0x0000000000ad9818                . = DATA_SEGMENT_END (.)

.stab
 *(.stab)

.stabstr
 *(.stabstr)

.stab.excl
 *(.stab.excl)

.stab.exclstr
 *(.stab.exclstr)

.stab.index
 *(.stab.index)

.stab.indexstr
 *(.stab.indexstr)

.comment        0x0000000000000000      0x47a
 *(.comment)
 .comment       0x0000000000000000       0x2d /usr/lib/gcc/x86_64-redhat-linux/4.4.4/../../../../lib64/crt1.o
 .comment       0x000000000000002d       0x2d /usr/lib/gcc/x86_64-redhat-linux/4.4.4/../../../../lib64/crti.o
 .comment       0x000000000000005a       0x2e /usr/lib/gcc/x86_64-redhat-linux/4.4.4/crtbegin.o
 .comment       0x0000000000000088       0x2e simple_demo.o
 .comment       0x00000000000000b6       0x2e libcrm114.a(crm114_base.o)
 .comment       0x00000000000000e4       0x2e libcrm114.a(crm114_markov.o)
 .comment       0x0000000000000112       0x2e libcrm114.a(crm114_markov_microgroom.o)
 .comment       0x0000000000000140       0x2e libcrm114.a(crm114_bit_entropy.o)
 .comment       0x000000000000016e       0x2e libcrm114.a(crm114_hyperspace.o)
 .comment       0x000000000000019c       0x2e libcrm114.a(crm114_svm.o)
 .comment       0x00000000000001ca       0x2e libcrm114.a(crm114_svm_lib_fncts.o)
 .comment       0x00000000000001f8       0x2e libcrm114.a(crm114_svm_quad_prog.o)
 .comment       0x0000000000000226       0x2e libcrm114.a(crm114_fast_substring_compression.o)
 .comment       0x0000000000000254       0x2e libcrm114.a(crm114_pca.o)
 .comment       0x0000000000000282       0x2e libcrm114.a(crm114_pca_lib_fncts.o)
 .comment       0x00000000000002b0       0x2e libcrm114.a(crm114_matrix.o)
 .comment       0x00000000000002de       0x2e libcrm114.a(crm114_matrix_util.o)
 .comment       0x000000000000030c       0x2e libcrm114.a(crm114_datalib.o)
 .comment       0x000000000000033a       0x2e libcrm114.a(crm114_vector_tokenize.o)
 .comment       0x0000000000000368       0x2e libcrm114.a(crm114_strnhash.o)
 .comment       0x0000000000000396       0x2e libcrm114.a(crm114_util.o)
 .comment       0x00000000000003c4       0x2e libcrm114.a(crm114_regex_tre.o)
 .comment       0x00000000000003f2       0x2d /usr/lib64/libc_nonshared.a(elf-init.oS)
 .comment       0x000000000000041f       0x2e /usr/lib/gcc/x86_64-redhat-linux/4.4.4/crtend.o
 .comment       0x000000000000044d       0x2d /usr/lib/gcc/x86_64-redhat-linux/4.4.4/../../../../lib64/crtn.o

.debug
 *(.debug)

.line
 *(.line)

.debug_srcinfo
 *(.debug_srcinfo)

.debug_sfnames
 *(.debug_sfnames)

.debug_aranges  0x0000000000000000      0x390
 *(.debug_aranges)
 .debug_aranges
                0x0000000000000000       0x30 simple_demo.o
 .debug_aranges
                0x0000000000000030       0x30 libcrm114.a(crm114_base.o)
 .debug_aranges
                0x0000000000000060       0x30 libcrm114.a(crm114_markov.o)
 .debug_aranges
                0x0000000000000090       0x30 libcrm114.a(crm114_markov_microgroom.o)
 .debug_aranges
                0x00000000000000c0       0x30 libcrm114.a(crm114_bit_entropy.o)
 .debug_aranges
                0x00000000000000f0       0x30 libcrm114.a(crm114_hyperspace.o)
 .debug_aranges
                0x0000000000000120       0x30 libcrm114.a(crm114_svm.o)
 .debug_aranges
                0x0000000000000150       0x30 libcrm114.a(crm114_svm_lib_fncts.o)
 .debug_aranges
                0x0000000000000180       0x30 libcrm114.a(crm114_svm_quad_prog.o)
 .debug_aranges
                0x00000000000001b0       0x30 libcrm114.a(crm114_fast_substring_compression.o)
 .debug_aranges
                0x00000000000001e0       0x30 libcrm114.a(crm114_pca.o)
 .debug_aranges
                0x0000000000000210       0x30 libcrm114.a(crm114_pca_lib_fncts.o)
 .debug_aranges
                0x0000000000000240       0x30 libcrm114.a(crm114_matrix.o)
 .debug_aranges
                0x0000000000000270       0x30 libcrm114.a(crm114_matrix_util.o)
 .debug_aranges
                0x00000000000002a0       0x30 libcrm114.a(crm114_datalib.o)
 .debug_aranges
                0x00000000000002d0       0x30 libcrm114.a(crm114_vector_tokenize.o)
 .debug_aranges
                0x0000000000000300       0x30 libcrm114.a(crm114_strnhash.o)
 .debug_aranges
                0x0000000000000330       0x30 libcrm114.a(crm114_util.o)
 .debug_aranges
                0x0000000000000360       0x30 libcrm114.a(crm114_regex_tre.o)

.debug_pubnames
                0x0000000000000000     0x1b75
 *(.debug_pubnames)
 .debug_pubnames
                0x0000000000000000       0x4d simple_demo.o
 .debug_pubnames
                0x000000000000004d      0x289 libcrm114.a(crm114_base.o)
 .debug_pubnames
                0x00000000000002d6       0xda libcrm114.a(crm114_markov.o)
 .debug_pubnames
                0x00000000000003b0       0x62 libcrm114.a(crm114_markov_microgroom.o)
 .debug_pubnames
                0x0000000000000412      0x134 libcrm114.a(crm114_bit_entropy.o)
 .debug_pubnames
                0x0000000000000546       0xea libcrm114.a(crm114_hyperspace.o)
 .debug_pubnames
                0x0000000000000630      0x120 libcrm114.a(crm114_svm.o)
 .debug_pubnames
                0x0000000000000750      0x16d libcrm114.a(crm114_svm_lib_fncts.o)
 .debug_pubnames
                0x00000000000008bd       0x41 libcrm114.a(crm114_svm_quad_prog.o)
 .debug_pubnames
                0x00000000000008fe       0xee libcrm114.a(crm114_fast_substring_compression.o)
 .debug_pubnames
                0x00000000000009ec      0x120 libcrm114.a(crm114_pca.o)
 .debug_pubnames
                0x0000000000000b0c       0xad libcrm114.a(crm114_pca_lib_fncts.o)
 .debug_pubnames
                0x0000000000000bb9      0x798 libcrm114.a(crm114_matrix.o)
 .debug_pubnames
                0x0000000000001351      0x3dc libcrm114.a(crm114_matrix_util.o)
 .debug_pubnames
                0x000000000000172d      0x21e libcrm114.a(crm114_datalib.o)
 .debug_pubnames
                0x000000000000194b       0x7e libcrm114.a(crm114_vector_tokenize.o)
 .debug_pubnames
                0x00000000000019c9       0x26 libcrm114.a(crm114_strnhash.o)
 .debug_pubnames
                0x00000000000019ef      0x121 libcrm114.a(crm114_util.o)
 .debug_pubnames
                0x0000000000001b10       0x65 libcrm114.a(crm114_regex_tre.o)

.debug_info     0x0000000000000000    0x14418
 *(.debug_info .gnu.linkonce.wi.*)
 .debug_info    0x0000000000000000      0xe3b simple_demo.o
 .debug_info    0x0000000000000e3b     0x17b1 libcrm114.a(crm114_base.o)
 .debug_info    0x00000000000025ec      0xe38 libcrm114.a(crm114_markov.o)
 .debug_info    0x0000000000003424      0x5a0 libcrm114.a(crm114_markov_microgroom.o)
 .debug_info    0x00000000000039c4     0x1bd2 libcrm114.a(crm114_bit_entropy.o)
 .debug_info    0x0000000000005596      0xbb7 libcrm114.a(crm114_hyperspace.o)
 .debug_info    0x000000000000614d     0x1d3e libcrm114.a(crm114_svm.o)
 .debug_info    0x0000000000007e8b      0xf1c libcrm114.a(crm114_svm_lib_fncts.o)
 .debug_info    0x0000000000008da7     0x1187 libcrm114.a(crm114_svm_quad_prog.o)
 .debug_info    0x0000000000009f2e     0x10b1 libcrm114.a(crm114_fast_substring_compression.o)
 .debug_info    0x000000000000afdf     0x1d80 libcrm114.a(crm114_pca.o)
 .debug_info    0x000000000000cd5f      0xb65 libcrm114.a(crm114_pca_lib_fncts.o)
 .debug_info    0x000000000000d8c4     0x2fa1 libcrm114.a(crm114_matrix.o)
 .debug_info    0x0000000000010865     0x1279 libcrm114.a(crm114_matrix_util.o)
 .debug_info    0x0000000000011ade     0x1118 libcrm114.a(crm114_datalib.o)
 .debug_info    0x0000000000012bf6      0x9ed libcrm114.a(crm114_vector_tokenize.o)
 .debug_info    0x00000000000135e3       0xfc libcrm114.a(crm114_strnhash.o)
 .debug_info    0x00000000000136df      0xad8 libcrm114.a(crm114_util.o)
 .debug_info    0x00000000000141b7      0x261 libcrm114.a(crm114_regex_tre.o)

.debug_abbrev   0x0000000000000000     0x2513
 *(.debug_abbrev)
 .debug_abbrev  0x0000000000000000      0x1a1 simple_demo.o
 .debug_abbrev  0x00000000000001a1      0x2b8 libcrm114.a(crm114_base.o)
 .debug_abbrev  0x0000000000000459      0x224 libcrm114.a(crm114_markov.o)
 .debug_abbrev  0x000000000000067d      0x18c libcrm114.a(crm114_markov_microgroom.o)
 .debug_abbrev  0x0000000000000809      0x221 libcrm114.a(crm114_bit_entropy.o)
 .debug_abbrev  0x0000000000000a2a      0x219 libcrm114.a(crm114_hyperspace.o)
 .debug_abbrev  0x0000000000000c43      0x283 libcrm114.a(crm114_svm.o)
 .debug_abbrev  0x0000000000000ec6      0x1d9 libcrm114.a(crm114_svm_lib_fncts.o)
 .debug_abbrev  0x000000000000109f      0x1de libcrm114.a(crm114_svm_quad_prog.o)
 .debug_abbrev  0x000000000000127d      0x1f5 libcrm114.a(crm114_fast_substring_compression.o)
 .debug_abbrev  0x0000000000001472      0x283 libcrm114.a(crm114_pca.o)
 .debug_abbrev  0x00000000000016f5      0x227 libcrm114.a(crm114_pca_lib_fncts.o)
 .debug_abbrev  0x000000000000191c      0x253 libcrm114.a(crm114_matrix.o)
 .debug_abbrev  0x0000000000001b6f      0x23a libcrm114.a(crm114_matrix_util.o)
 .debug_abbrev  0x0000000000001da9      0x26e libcrm114.a(crm114_datalib.o)
 .debug_abbrev  0x0000000000002017      0x1bc libcrm114.a(crm114_vector_tokenize.o)
 .debug_abbrev  0x00000000000021d3       0x8b libcrm114.a(crm114_strnhash.o)
 .debug_abbrev  0x000000000000225e      0x20e libcrm114.a(crm114_util.o)
 .debug_abbrev  0x000000000000246c       0xa7 libcrm114.a(crm114_regex_tre.o)

.debug_line     0x0000000000000000     0x572f
 *(.debug_line)
 .debug_line    0x0000000000000000      0x1b4 simple_demo.o
 .debug_line    0x00000000000001b4      0x4bb libcrm114.a(crm114_base.o)
 .debug_line    0x000000000000066f      0x2c5 libcrm114.a(crm114_markov.o)
 .debug_line    0x0000000000000934      0x19b libcrm114.a(crm114_markov_microgroom.o)
 .debug_line    0x0000000000000acf      0x7b4 libcrm114.a(crm114_bit_entropy.o)
 .debug_line    0x0000000000001283      0x228 libcrm114.a(crm114_hyperspace.o)
 .debug_line    0x00000000000014ab      0x79e libcrm114.a(crm114_svm.o)
 .debug_line    0x0000000000001c49      0x55c libcrm114.a(crm114_svm_lib_fncts.o)
 .debug_line    0x00000000000021a5      0x590 libcrm114.a(crm114_svm_quad_prog.o)
 .debug_line    0x0000000000002735      0x375 libcrm114.a(crm114_fast_substring_compression.o)
 .debug_line    0x0000000000002aaa      0x6d0 libcrm114.a(crm114_pca.o)
 .debug_line    0x000000000000317a      0x2ea libcrm114.a(crm114_pca_lib_fncts.o)
 .debug_line    0x0000000000003464     0x148d libcrm114.a(crm114_matrix.o)
 .debug_line    0x00000000000048f1      0x670 libcrm114.a(crm114_matrix_util.o)
 .debug_line    0x0000000000004f61      0x365 libcrm114.a(crm114_datalib.o)
 .debug_line    0x00000000000052c6      0x1a3 libcrm114.a(crm114_vector_tokenize.o)
 .debug_line    0x0000000000005469       0x72 libcrm114.a(crm114_strnhash.o)
 .debug_line    0x00000000000054db      0x1a1 libcrm114.a(crm114_util.o)
 .debug_line    0x000000000000567c       0xb3 libcrm114.a(crm114_regex_tre.o)

.debug_frame
 *(.debug_frame)

.debug_str      0x0000000000000000     0x43fd
 *(.debug_str)
 .debug_str     0x0000000000000000     0x1374 simple_demo.o
                                       0x1435 (size before relaxing)
 .debug_str     0x0000000000001374      0x6a0 libcrm114.a(crm114_base.o)
                                        0xb92 (size before relaxing)
 .debug_str     0x0000000000001a14      0x1bb libcrm114.a(crm114_markov.o)
                                        0x7fd (size before relaxing)
 .debug_str     0x0000000000001bcf       0xa0 libcrm114.a(crm114_markov_microgroom.o)
                                        0x352 (size before relaxing)
 .debug_str     0x0000000000001c6f      0x603 libcrm114.a(crm114_bit_entropy.o)
                                        0xca4 (size before relaxing)
 .debug_str     0x0000000000002272      0x113 libcrm114.a(crm114_hyperspace.o)
                                        0x76d (size before relaxing)
 .debug_str     0x0000000000002385      0x59b libcrm114.a(crm114_svm.o)
                                        0xc6c (size before relaxing)
 .debug_str     0x0000000000002920      0x1ab libcrm114.a(crm114_svm_lib_fncts.o)
                                        0x704 (size before relaxing)
 .debug_str     0x0000000000002acb      0x15e libcrm114.a(crm114_svm_quad_prog.o)
                                        0x650 (size before relaxing)
 .debug_str     0x0000000000002c29      0x2fa libcrm114.a(crm114_fast_substring_compression.o)
                                        0x97f (size before relaxing)
 .debug_str     0x0000000000002f23      0x227 libcrm114.a(crm114_pca.o)
                                        0xc4f (size before relaxing)
 .debug_str     0x000000000000314a       0x92 libcrm114.a(crm114_pca_lib_fncts.o)
                                        0x589 (size before relaxing)
 .debug_str     0x00000000000031dc      0x95f libcrm114.a(crm114_matrix.o)
                                        0xf0f (size before relaxing)
 .debug_str     0x0000000000003b3b      0x397 libcrm114.a(crm114_matrix_util.o)
                                        0x7fb (size before relaxing)
 .debug_str     0x0000000000003ed2      0x1dd libcrm114.a(crm114_datalib.o)
                                        0x8c7 (size before relaxing)
 .debug_str     0x00000000000040af      0x1a7 libcrm114.a(crm114_vector_tokenize.o)
                                        0x79f (size before relaxing)
 .debug_str     0x0000000000004256       0x30 libcrm114.a(crm114_strnhash.o)
                                         0xfc (size before relaxing)
 .debug_str     0x0000000000004286       0xe1 libcrm114.a(crm114_util.o)
                                        0x634 (size before relaxing)
 .debug_str     0x0000000000004367       0x96 libcrm114.a(crm114_regex_tre.o)
                                        0x1a2 (size before relaxing)

.debug_loc
 *(.debug_loc)

.debug_macinfo
 *(.debug_macinfo)

.debug_weaknames
 *(.debug_weaknames)

.debug_funcnames
 *(.debug_funcnames)

.debug_typenames
 *(.debug_typenames)

.debug_varnames
 *(.debug_varnames)

.debug_pubtypes
                0x0000000000000000     0x194b
 *(.debug_pubtypes)
 .debug_pubtypes
                0x0000000000000000       0xdc simple_demo.o
 .debug_pubtypes
                0x00000000000000dc       0xff libcrm114.a(crm114_base.o)
 .debug_pubtypes
                0x00000000000001db      0x10d libcrm114.a(crm114_markov.o)
 .debug_pubtypes
                0x00000000000002e8       0x7b libcrm114.a(crm114_markov_microgroom.o)
 .debug_pubtypes
                0x0000000000000363      0x168 libcrm114.a(crm114_bit_entropy.o)
 .debug_pubtypes
                0x00000000000004cb      0x12e libcrm114.a(crm114_hyperspace.o)
 .debug_pubtypes
                0x00000000000005f9      0x293 libcrm114.a(crm114_svm.o)
 .debug_pubtypes
                0x000000000000088c      0x1dc libcrm114.a(crm114_svm_lib_fncts.o)
 .debug_pubtypes
                0x0000000000000a68      0x1c2 libcrm114.a(crm114_svm_quad_prog.o)
 .debug_pubtypes
                0x0000000000000c2a      0x128 libcrm114.a(crm114_fast_substring_compression.o)
 .debug_pubtypes
                0x0000000000000d52      0x293 libcrm114.a(crm114_pca.o)
 .debug_pubtypes
                0x0000000000000fe5      0x1d3 libcrm114.a(crm114_pca_lib_fncts.o)
 .debug_pubtypes
                0x00000000000011b8      0x1f3 libcrm114.a(crm114_matrix.o)
 .debug_pubtypes
                0x00000000000013ab      0x18b libcrm114.a(crm114_matrix_util.o)
 .debug_pubtypes
                0x0000000000001536      0x1ff libcrm114.a(crm114_datalib.o)
 .debug_pubtypes
                0x0000000000001735       0xf9 libcrm114.a(crm114_vector_tokenize.o)
 .debug_pubtypes
                0x000000000000182e       0x1f libcrm114.a(crm114_strnhash.o)
 .debug_pubtypes
                0x000000000000184d       0xb9 libcrm114.a(crm114_util.o)
 .debug_pubtypes
                0x0000000000001906       0x45 libcrm114.a(crm114_regex_tre.o)

.debug_ranges   0x0000000000000000       0x30
 *(.debug_ranges)
 .debug_ranges  0x0000000000000000       0x30 libcrm114.a(crm114_matrix.o)

.gnu.attributes
 *(.gnu.attributes)

/DISCARD/
 *(.note.GNU-stack)
 *(.gnu_debuglink)
OUTPUT(simple_demo elf64-x86-64)

Cross Reference Table

Symbol                                            File
CRM114__MATR_DEBUG_MODE                           libcrm114.a(crm114_datalib.o)
                                                  libcrm114.a(crm114_matrix_util.o)
                                                  libcrm114.a(crm114_matrix.o)
                                                  libcrm114.a(crm114_pca_lib_fncts.o)
                                                  libcrm114.a(crm114_pca.o)
                                                  libcrm114.a(crm114_svm_quad_prog.o)
                                                  libcrm114.a(crm114_svm_lib_fncts.o)
                                                  libcrm114.a(crm114_svm.o)
CRM114__PCA_DEBUG_MODE                            libcrm114.a(crm114_pca_lib_fncts.o)
                                                  libcrm114.a(crm114_pca.o)
CRM114__SVM_DEBUG_MODE                            libcrm114.a(crm114_datalib.o)
                                                  libcrm114.a(crm114_svm_lib_fncts.o)
                                                  libcrm114.a(crm114_svm.o)
GLIBC_2.10                                        /lib64/libc.so.6
GLIBC_2.11                                        /lib64/libc.so.6
GLIBC_2.2.5                                       /usr/lib/gcc/x86_64-redhat-linux/4.4.4/../../../../lib64/libm.so
                                                  /lib64/ld-linux-x86-64.so.2
                                                  /lib64/libc.so.6
GLIBC_2.2.6                                       /lib64/libc.so.6
GLIBC_2.3                                         /lib64/libc.so.6
                                                  /lib64/ld-linux-x86-64.so.2
GLIBC_2.3.2                                       /lib64/libc.so.6
GLIBC_2.3.3                                       /lib64/libc.so.6
GLIBC_2.3.4                                       /lib64/libc.so.6
GLIBC_2.4                                         /usr/lib/gcc/x86_64-redhat-linux/4.4.4/../../../../lib64/libm.so
                                                  /lib64/ld-linux-x86-64.so.2
                                                  /lib64/libc.so.6
GLIBC_2.5                                         /lib64/libc.so.6
GLIBC_2.6                                         /lib64/libc.so.6
GLIBC_2.7                                         /lib64/libc.so.6
GLIBC_2.8                                         /lib64/libc.so.6
GLIBC_2.9                                         /lib64/libc.so.6
GLIBC_PRIVATE                                     /lib64/libc.so.6
                                                  /lib64/ld-linux-x86-64.so.2
_DYNAMIC                                          /usr/lib/gcc/x86_64-redhat-linux/4.4.4/../../../../lib64/crt1.o
_Exit                                             /lib64/libc.so.6
_Exit@@GLIBC_2.2.5                                /lib64/libc.so.6
_Exit@GLIBC_2.2.5                                 /lib64/libc.so.6
_GLOBAL_OFFSET_TABLE_                             /usr/lib/gcc/x86_64-redhat-linux/4.4.4/../../../../lib64/crt1.o
                                                  /usr/lib64/libc_nonshared.a(elf-init.oS)
                                                  /usr/lib/gcc/x86_64-redhat-linux/4.4.4/../../../../lib64/crti.o
_IO_fprintf                                       /lib64/libc.so.6
_IO_fprintf@@GLIBC_2.2.5                          /lib64/libc.so.6
_IO_fprintf@GLIBC_2.2.5                           /lib64/libc.so.6
_IO_getc                                          /lib64/libc.so.6
                                                  libcrm114.a(crm114_base.o)
_IO_getc@@GLIBC_2.2.5                             /lib64/libc.so.6
_IO_getc@GLIBC_2.2.5                              /lib64/libc.so.6
_IO_putc                                          /lib64/libc.so.6
                                                  libcrm114.a(crm114_base.o)
_IO_putc@@GLIBC_2.2.5                             /lib64/libc.so.6
_IO_putc@GLIBC_2.2.5                              /lib64/libc.so.6
_IO_stdin_used                                    /usr/lib/gcc/x86_64-redhat-linux/4.4.4/../../../../lib64/crt1.o
_Jv_RegisterClasses                               /usr/lib/gcc/x86_64-redhat-linux/4.4.4/../../../../lib64/libm.so
                                                  /usr/local/lib/libtre.so
                                                  /usr/lib/gcc/x86_64-redhat-linux/4.4.4/crtbegin.o
__DTOR_END__                                      /usr/lib/gcc/x86_64-redhat-linux/4.4.4/crtend.o
                                                  /usr/lib/gcc/x86_64-redhat-linux/4.4.4/crtbegin.o
__after_morecore_hook                             /lib64/libc.so.6
__after_morecore_hook@@GLIBC_2.2.5                /lib64/libc.so.6
__after_morecore_hook@GLIBC_2.2.5                 /lib64/libc.so.6
__bss_start                                       /usr/local/lib/libtre.so
__close                                           /lib64/libc.so.6
__close@@GLIBC_2.2.5                              /lib64/libc.so.6
__close@GLIBC_2.2.5                               /lib64/libc.so.6
__connect                                         /lib64/libc.so.6
__connect@@GLIBC_2.2.5                            /lib64/libc.so.6
__connect@GLIBC_2.2.5                             /lib64/libc.so.6
__ctype_b_loc                                     /lib64/libc.so.6
                                                  libcrm114.a(crm114_vector_tokenize.o)
                                                  libcrm114.a(crm114_base.o)
__ctype_b_loc@@GLIBC_2.3                          /lib64/libc.so.6
__ctype_b_loc@GLIBC_2.3                           /lib64/libc.so.6
__ctype_get_mb_cur_max                            /lib64/libc.so.6
__ctype_get_mb_cur_max@@GLIBC_2.2.5               /lib64/libc.so.6
__ctype_get_mb_cur_max@GLIBC_2.2.5                /lib64/libc.so.6
                                                  /usr/local/lib/libtre.so
__data_start                                      /usr/lib/gcc/x86_64-redhat-linux/4.4.4/../../../../lib64/crt1.o
__dso_handle                                      /usr/lib/gcc/x86_64-redhat-linux/4.4.4/crtbegin.o
__fcntl                                           /lib64/libc.so.6
__fcntl@@GLIBC_2.2.5                              /lib64/libc.so.6
__fcntl@GLIBC_2.2.5                               /lib64/libc.so.6
__free_hook                                       /lib64/libc.so.6
__free_hook@@GLIBC_2.2.5                          /lib64/libc.so.6
__free_hook@GLIBC_2.2.5                           /lib64/libc.so.6
__getdelim                                        /lib64/libc.so.6
__getdelim@@GLIBC_2.2.5                           /lib64/libc.so.6
__getdelim@GLIBC_2.2.5                            /lib64/libc.so.6
__gmon_start__                                    /usr/lib/gcc/x86_64-redhat-linux/4.4.4/../../../../lib64/libm.so
                                                  /usr/local/lib/libtre.so
                                                  /usr/lib/gcc/x86_64-redhat-linux/4.4.4/../../../../lib64/crti.o
__init_array_end                                  /usr/lib64/libc_nonshared.a(elf-init.oS)
__init_array_start                                /usr/lib64/libc_nonshared.a(elf-init.oS)
__isascii_l                                       /lib64/libc.so.6
__isascii_l@@GLIBC_2.2.5                          /lib64/libc.so.6
__isascii_l@GLIBC_2.2.5                           /lib64/libc.so.6
__isinf                                           /lib64/libc.so.6
                                                  libcrm114.a(crm114_util.o)
__isinf@@GLIBC_2.2.5                              /lib64/libc.so.6
__isinf@GLIBC_2.2.5                               /lib64/libc.so.6
__isoc99_fscanf                                   /lib64/libc.so.6
                                                  libcrm114.a(crm114_util.o)
                                                  libcrm114.a(crm114_matrix.o)
                                                  libcrm114.a(crm114_pca.o)
                                                  libcrm114.a(crm114_fast_substring_compression.o)
                                                  libcrm114.a(crm114_svm.o)
                                                  libcrm114.a(crm114_hyperspace.o)
                                                  libcrm114.a(crm114_bit_entropy.o)
                                                  libcrm114.a(crm114_markov.o)
                                                  libcrm114.a(crm114_base.o)
__isoc99_fscanf@@GLIBC_2.7                        /lib64/libc.so.6
__isoc99_fscanf@GLIBC_2.7                         /lib64/libc.so.6
__isoc99_sscanf                                   /lib64/libc.so.6
                                                  libcrm114.a(crm114_fast_substring_compression.o)
                                                  libcrm114.a(crm114_markov.o)
__isoc99_sscanf@@GLIBC_2.7                        /lib64/libc.so.6
__isoc99_sscanf@GLIBC_2.7                         /lib64/libc.so.6
__libc_csu_fini                                   /usr/lib64/libc_nonshared.a(elf-init.oS)
                                                  /usr/lib/gcc/x86_64-redhat-linux/4.4.4/../../../../lib64/crt1.o
__libc_csu_init                                   /usr/lib64/libc_nonshared.a(elf-init.oS)
                                                  /usr/lib/gcc/x86_64-redhat-linux/4.4.4/../../../../lib64/crt1.o
__libc_start_main                                 /lib64/libc.so.6
                                                  /usr/lib/gcc/x86_64-redhat-linux/4.4.4/../../../../lib64/crt1.o
__libc_start_main@@GLIBC_2.2.5                    /lib64/libc.so.6
__libc_start_main@GLIBC_2.2.5                     /lib64/libc.so.6
__lseek                                           /lib64/libc.so.6
__lseek@@GLIBC_2.2.5                              /lib64/libc.so.6
__lseek@GLIBC_2.2.5                               /lib64/libc.so.6
__malloc_hook                                     /lib64/libc.so.6
__malloc_hook@@GLIBC_2.2.5                        /lib64/libc.so.6
__malloc_hook@GLIBC_2.2.5                         /lib64/libc.so.6
__malloc_initialize_hook                          /lib64/libc.so.6
__malloc_initialize_hook@@GLIBC_2.2.5             /lib64/libc.so.6
__malloc_initialize_hook@GLIBC_2.2.5              /lib64/libc.so.6
__memalign_hook                                   /lib64/libc.so.6
__memalign_hook@@GLIBC_2.2.5                      /lib64/libc.so.6
__memalign_hook@GLIBC_2.2.5                       /lib64/libc.so.6
__memset_zero_constant_len_parameter              /lib64/libc.so.6
__nanosleep                                       /lib64/libc.so.6
__nanosleep@@GLIBC_2.2.6                          /lib64/libc.so.6
__nanosleep@GLIBC_2.2.6                           /lib64/libc.so.6
__open                                            /lib64/libc.so.6
__open64                                          /lib64/libc.so.6
__open64@@GLIBC_2.2.5                             /lib64/libc.so.6
__open64@GLIBC_2.2.5                              /lib64/libc.so.6
__open@@GLIBC_2.2.5                               /lib64/libc.so.6
__open@GLIBC_2.2.5                                /lib64/libc.so.6
__openat64_2                                      /lib64/libc.so.6
__openat64_2@@GLIBC_2.7                           /lib64/libc.so.6
__openat64_2@GLIBC_2.7                            /lib64/libc.so.6
__pread64                                         /lib64/libc.so.6
__pread64@@GLIBC_2.2.5                            /lib64/libc.so.6
__pread64@GLIBC_2.2.5                             /lib64/libc.so.6
__pwrite64                                        /lib64/libc.so.6
__pwrite64@@GLIBC_2.2.5                           /lib64/libc.so.6
__pwrite64@GLIBC_2.2.5                            /lib64/libc.so.6
__read                                            /lib64/libc.so.6
__read@@GLIBC_2.2.5                               /lib64/libc.so.6
__read@GLIBC_2.2.5                                /lib64/libc.so.6
__realloc_hook                                    /lib64/libc.so.6
__realloc_hook@@GLIBC_2.2.5                       /lib64/libc.so.6
__realloc_hook@GLIBC_2.2.5                        /lib64/libc.so.6
__send                                            /lib64/libc.so.6
__send@@GLIBC_2.2.5                               /lib64/libc.so.6
__send@GLIBC_2.2.5                                /lib64/libc.so.6
__sigaction                                       /lib64/libc.so.6
__sigaction@@GLIBC_2.2.5                          /lib64/libc.so.6
__sigaction@GLIBC_2.2.5                           /lib64/libc.so.6
__signbit                                         /usr/lib/gcc/x86_64-redhat-linux/4.4.4/../../../../lib64/libm.so
                                                  libcrm114.a(crm114_util.o)
__signbit@@GLIBC_2.2.5                            /usr/lib/gcc/x86_64-redhat-linux/4.4.4/../../../../lib64/libm.so
                                                  /lib64/libc.so.6
__signbit@GLIBC_2.2.5                             /usr/lib/gcc/x86_64-redhat-linux/4.4.4/../../../../lib64/libm.so
__strtoll_l                                       /lib64/libc.so.6
__strtoll_l@@GLIBC_2.2.5                          /lib64/libc.so.6
__strtoll_l@GLIBC_2.2.5                           /lib64/libc.so.6
__strtoull_l                                      /lib64/libc.so.6
__strtoull_l@@GLIBC_2.2.5                         /lib64/libc.so.6
__strtoull_l@GLIBC_2.2.5                          /lib64/libc.so.6
__toascii_l                                       /lib64/libc.so.6
__toascii_l@@GLIBC_2.2.5                          /lib64/libc.so.6
__toascii_l@GLIBC_2.2.5                           /lib64/libc.so.6
__vsnprintf                                       /lib64/libc.so.6
__vsnprintf@@GLIBC_2.2.5                          /lib64/libc.so.6
__vsnprintf@GLIBC_2.2.5                           /lib64/libc.so.6
__vsscanf                                         /lib64/libc.so.6
__vsscanf@@GLIBC_2.2.5                            /lib64/libc.so.6
__vsscanf@GLIBC_2.2.5                             /lib64/libc.so.6
__wait                                            /lib64/libc.so.6
__wait@@GLIBC_2.2.5                               /lib64/libc.so.6
__wait@GLIBC_2.2.5                                /lib64/libc.so.6
__waitpid                                         /lib64/libc.so.6
__waitpid@@GLIBC_2.2.5                            /lib64/libc.so.6
__waitpid@GLIBC_2.2.5                             /lib64/libc.so.6
__wcstoll_l                                       /lib64/libc.so.6
__wcstoll_l@@GLIBC_2.2.5                          /lib64/libc.so.6
__wcstoll_l@GLIBC_2.2.5                           /lib64/libc.so.6
__wcstoull_l                                      /lib64/libc.so.6
__wcstoull_l@@GLIBC_2.2.5                         /lib64/libc.so.6
__wcstoull_l@GLIBC_2.2.5                          /lib64/libc.so.6
__write                                           /lib64/libc.so.6
__write@@GLIBC_2.2.5                              /lib64/libc.so.6
__write@GLIBC_2.2.5                               /lib64/libc.so.6
__xpg_sigpause                                    /lib64/libc.so.6
__xpg_sigpause@@GLIBC_2.2.5                       /lib64/libc.so.6
__xpg_sigpause@GLIBC_2.2.5                        /lib64/libc.so.6
_dl_starting_up                                   /lib64/libc.so.6
_edata                                            /usr/local/lib/libtre.so
_end                                              /usr/local/lib/libtre.so
_environ                                          /lib64/libc.so.6
_environ@@GLIBC_2.2.5                             /lib64/libc.so.6
_environ@GLIBC_2.2.5                              /lib64/libc.so.6
_fini                                             /usr/lib/gcc/x86_64-redhat-linux/4.4.4/../../../../lib64/crti.o
                                                  /usr/local/lib/libtre.so
_flushlbf                                         /lib64/libc.so.6
_flushlbf@@GLIBC_2.2.5                            /lib64/libc.so.6
_flushlbf@GLIBC_2.2.5                             /lib64/libc.so.6
_init                                             /usr/lib/gcc/x86_64-redhat-linux/4.4.4/../../../../lib64/crti.o
                                                  /usr/lib64/libc_nonshared.a(elf-init.oS)
                                                  /usr/local/lib/libtre.so
_longjmp                                          /lib64/libc.so.6
_longjmp@@GLIBC_2.2.5                             /lib64/libc.so.6
_longjmp@GLIBC_2.2.5                              /lib64/libc.so.6
_start                                            /usr/lib/gcc/x86_64-redhat-linux/4.4.4/../../../../lib64/crt1.o
accept                                            /lib64/libc.so.6
accept@@GLIBC_2.2.5                               /lib64/libc.so.6
accept@GLIBC_2.2.5                                /lib64/libc.so.6
access                                            /lib64/libc.so.6
access@@GLIBC_2.2.5                               /lib64/libc.so.6
access@GLIBC_2.2.5                                /lib64/libc.so.6
acos                                              /usr/lib/gcc/x86_64-redhat-linux/4.4.4/../../../../lib64/libm.so
acos@@GLIBC_2.2.5                                 /usr/lib/gcc/x86_64-redhat-linux/4.4.4/../../../../lib64/libm.so
acos@GLIBC_2.2.5                                  /usr/lib/gcc/x86_64-redhat-linux/4.4.4/../../../../lib64/libm.so
acosf                                             /usr/lib/gcc/x86_64-redhat-linux/4.4.4/../../../../lib64/libm.so
acosf@@GLIBC_2.2.5                                /usr/lib/gcc/x86_64-redhat-linux/4.4.4/../../../../lib64/libm.so
acosf@GLIBC_2.2.5                                 /usr/lib/gcc/x86_64-redhat-linux/4.4.4/../../../../lib64/libm.so
acosh                                             /usr/lib/gcc/x86_64-redhat-linux/4.4.4/../../../../lib64/libm.so
acosh@@GLIBC_2.2.5                                /usr/lib/gcc/x86_64-redhat-linux/4.4.4/../../../../lib64/libm.so
acosh@GLIBC_2.2.5                                 /usr/lib/gcc/x86_64-redhat-linux/4.4.4/../../../../lib64/libm.so
acoshf                                            /usr/lib/gcc/x86_64-redhat-linux/4.4.4/../../../../lib64/libm.so
acoshf@@GLIBC_2.2.5                               /usr/lib/gcc/x86_64-redhat-linux/4.4.4/../../../../lib64/libm.so
acoshf@GLIBC_2.2.5                                /usr/lib/gcc/x86_64-redhat-linux/4.4.4/../../../../lib64/libm.so
acoshl                                            /usr/lib/gcc/x86_64-redhat-linux/4.4.4/../../../../lib64/libm.so
acoshl@@GLIBC_2.2.5                               /usr/lib/gcc/x86_64-redhat-linux/4.4.4/../../../../lib64/libm.so
acoshl@GLIBC_2.2.5                                /usr/lib/gcc/x86_64-redhat-linux/4.4.4/../../../../lib64/libm.so
acosl                                             /usr/lib/gcc/x86_64-redhat-linux/4.4.4/../../../../lib64/libm.so
acosl@@GLIBC_2.2.5                                /usr/lib/gcc/x86_64-redhat-linux/4.4.4/../../../../lib64/libm.so
acosl@GLIBC_2.2.5                                 /usr/lib/gcc/x86_64-redhat-linux/4.4.4/../../../../lib64/libm.so
addmntent                                         /lib64/libc.so.6
addmntent@@GLIBC_2.2.5                            /lib64/libc.so.6
addmntent@GLIBC_2.2.5                             /lib64/libc.so.6
adjtime                                           /lib64/libc.so.6
adjtime@@GLIBC_2.2.5                              /lib64/libc.so.6
adjtime@GLIBC_2.2.5                               /lib64/libc.so.6
adjtimex                                          /lib64/libc.so.6
adjtimex@@GLIBC_2.2.5                             /lib64/libc.so.6
adjtimex@GLIBC_2.2.5                              /lib64/libc.so.6
advance                                           /lib64/libc.so.6
advance@@GLIBC_2.2.5                              /lib64/libc.so.6
advance@GLIBC_2.2.5                               /lib64/libc.so.6
alphasort64                                       /lib64/libc.so.6
alphasort64@@GLIBC_2.2.5                          /lib64/libc.so.6
alphasort64@GLIBC_2.2.5                           /lib64/libc.so.6
arch_prctl                                        /lib64/libc.so.6
arch_prctl@@GLIBC_2.2.5                           /lib64/libc.so.6
arch_prctl@GLIBC_2.2.5                            /lib64/libc.so.6
argp_error                                        /lib64/libc.so.6
argp_error@@GLIBC_2.2.5                           /lib64/libc.so.6
argp_error@GLIBC_2.2.5                            /lib64/libc.so.6
argp_failure                                      /lib64/libc.so.6
argp_failure@@GLIBC_2.2.5                         /lib64/libc.so.6
argp_failure@GLIBC_2.2.5                          /lib64/libc.so.6
argp_help                                         /lib64/libc.so.6
argp_help@@GLIBC_2.2.5                            /lib64/libc.so.6
argp_help@GLIBC_2.2.5                             /lib64/libc.so.6
argp_parse                                        /lib64/libc.so.6
argp_parse@@GLIBC_2.2.5                           /lib64/libc.so.6
argp_parse@GLIBC_2.2.5                            /lib64/libc.so.6
argp_state_help                                   /lib64/libc.so.6
argp_state_help@@GLIBC_2.2.5                      /lib64/libc.so.6
argp_state_help@GLIBC_2.2.5                       /lib64/libc.so.6
argp_usage                                        /lib64/libc.so.6
argp_usage@@GLIBC_2.2.5                           /lib64/libc.so.6
argp_usage@GLIBC_2.2.5                            /lib64/libc.so.6
argz_add                                          /lib64/libc.so.6
argz_add@@GLIBC_2.2.5                             /lib64/libc.so.6
argz_add@GLIBC_2.2.5                              /lib64/libc.so.6
argz_add_sep                                      /lib64/libc.so.6
argz_add_sep@@GLIBC_2.2.5                         /lib64/libc.so.6
argz_add_sep@GLIBC_2.2.5                          /lib64/libc.so.6
argz_append                                       /lib64/libc.so.6
argz_append@@GLIBC_2.2.5                          /lib64/libc.so.6
argz_append@GLIBC_2.2.5                           /lib64/libc.so.6
argz_count                                        /lib64/libc.so.6
argz_count@@GLIBC_2.2.5                           /lib64/libc.so.6
argz_count@GLIBC_2.2.5                            /lib64/libc.so.6
argz_create                                       /lib64/libc.so.6
argz_create@@GLIBC_2.2.5                          /lib64/libc.so.6
argz_create@GLIBC_2.2.5                           /lib64/libc.so.6
argz_create_sep                                   /lib64/libc.so.6
argz_create_sep@@GLIBC_2.2.5                      /lib64/libc.so.6
argz_create_sep@GLIBC_2.2.5                       /lib64/libc.so.6
argz_extract                                      /lib64/libc.so.6
argz_extract@@GLIBC_2.2.5                         /lib64/libc.so.6
argz_extract@GLIBC_2.2.5                          /lib64/libc.so.6
argz_insert                                       /lib64/libc.so.6
argz_insert@@GLIBC_2.2.5                          /lib64/libc.so.6
argz_insert@GLIBC_2.2.5                           /lib64/libc.so.6
argz_next                                         /lib64/libc.so.6
argz_next@@GLIBC_2.2.5                            /lib64/libc.so.6
argz_next@GLIBC_2.2.5                             /lib64/libc.so.6
argz_replace                                      /lib64/libc.so.6
argz_replace@@GLIBC_2.2.5                         /lib64/libc.so.6
argz_replace@GLIBC_2.2.5                          /lib64/libc.so.6
argz_stringify                                    /lib64/libc.so.6
argz_stringify@@GLIBC_2.2.5                       /lib64/libc.so.6
argz_stringify@GLIBC_2.2.5                        /lib64/libc.so.6
asctime_r                                         /lib64/libc.so.6
asctime_r@@GLIBC_2.2.5                            /lib64/libc.so.6
asctime_r@GLIBC_2.2.5                             /lib64/libc.so.6
asin                                              /usr/lib/gcc/x86_64-redhat-linux/4.4.4/../../../../lib64/libm.so
asin@@GLIBC_2.2.5                                 /usr/lib/gcc/x86_64-redhat-linux/4.4.4/../../../../lib64/libm.so
asin@GLIBC_2.2.5                                  /usr/lib/gcc/x86_64-redhat-linux/4.4.4/../../../../lib64/libm.so
asinf                                             /usr/lib/gcc/x86_64-redhat-linux/4.4.4/../../../../lib64/libm.so
asinf@@GLIBC_2.2.5                                /usr/lib/gcc/x86_64-redhat-linux/4.4.4/../../../../lib64/libm.so
asinf@GLIBC_2.2.5                                 /usr/lib/gcc/x86_64-redhat-linux/4.4.4/../../../../lib64/libm.so
asinh                                             /usr/lib/gcc/x86_64-redhat-linux/4.4.4/../../../../lib64/libm.so
asinh@@GLIBC_2.2.5                                /usr/lib/gcc/x86_64-redhat-linux/4.4.4/../../../../lib64/libm.so
asinh@GLIBC_2.2.5                                 /usr/lib/gcc/x86_64-redhat-linux/4.4.4/../../../../lib64/libm.so
asinhf                                            /usr/lib/gcc/x86_64-redhat-linux/4.4.4/../../../../lib64/libm.so
asinhf@@GLIBC_2.2.5                               /usr/lib/gcc/x86_64-redhat-linux/4.4.4/../../../../lib64/libm.so
asinhf@GLIBC_2.2.5                                /usr/lib/gcc/x86_64-redhat-linux/4.4.4/../../../../lib64/libm.so
asinhl                                            /usr/lib/gcc/x86_64-redhat-linux/4.4.4/../../../../lib64/libm.so
asinhl@@GLIBC_2.2.5                               /usr/lib/gcc/x86_64-redhat-linux/4.4.4/../../../../lib64/libm.so
asinhl@GLIBC_2.2.5                                /usr/lib/gcc/x86_64-redhat-linux/4.4.4/../../../../lib64/libm.so
asinl                                             /usr/lib/gcc/x86_64-redhat-linux/4.4.4/../../../../lib64/libm.so
asinl@@GLIBC_2.2.5                                /usr/lib/gcc/x86_64-redhat-linux/4.4.4/../../../../lib64/libm.so
asinl@GLIBC_2.2.5                                 /usr/lib/gcc/x86_64-redhat-linux/4.4.4/../../../../lib64/libm.so
asprintf                                          /lib64/libc.so.6
asprintf@@GLIBC_2.2.5                             /lib64/libc.so.6
asprintf@GLIBC_2.2.5                              /lib64/libc.so.6
atan2                                             /usr/lib/gcc/x86_64-redhat-linux/4.4.4/../../../../lib64/libm.so
atan2@@GLIBC_2.2.5                                /usr/lib/gcc/x86_64-redhat-linux/4.4.4/../../../../lib64/libm.so
atan2@GLIBC_2.2.5                                 /usr/lib/gcc/x86_64-redhat-linux/4.4.4/../../../../lib64/libm.so
atan2f                                            /usr/lib/gcc/x86_64-redhat-linux/4.4.4/../../../../lib64/libm.so
atan2f@@GLIBC_2.2.5                               /usr/lib/gcc/x86_64-redhat-linux/4.4.4/../../../../lib64/libm.so
atan2f@GLIBC_2.2.5                                /usr/lib/gcc/x86_64-redhat-linux/4.4.4/../../../../lib64/libm.so
atan2l                                            /usr/lib/gcc/x86_64-redhat-linux/4.4.4/../../../../lib64/libm.so
atan2l@@GLIBC_2.2.5                               /usr/lib/gcc/x86_64-redhat-linux/4.4.4/../../../../lib64/libm.so
atan2l@GLIBC_2.2.5                                /usr/lib/gcc/x86_64-redhat-linux/4.4.4/../../../../lib64/libm.so
atanf                                             /usr/lib/gcc/x86_64-redhat-linux/4.4.4/../../../../lib64/libm.so
atanf@@GLIBC_2.2.5                                /usr/lib/gcc/x86_64-redhat-linux/4.4.4/../../../../lib64/libm.so
atanf@GLIBC_2.2.5                                 /usr/lib/gcc/x86_64-redhat-linux/4.4.4/../../../../lib64/libm.so
atanh                                             /usr/lib/gcc/x86_64-redhat-linux/4.4.4/../../../../lib64/libm.so
atanh@@GLIBC_2.2.5                                /usr/lib/gcc/x86_64-redhat-linux/4.4.4/../../../../lib64/libm.so
atanh@GLIBC_2.2.5                                 /usr/lib/gcc/x86_64-redhat-linux/4.4.4/../../../../lib64/libm.so
atanhf                                            /usr/lib/gcc/x86_64-redhat-linux/4.4.4/../../../../lib64/libm.so
atanhf@@GLIBC_2.2.5                               /usr/lib/gcc/x86_64-redhat-linux/4.4.4/../../../../lib64/libm.so
atanhf@GLIBC_2.2.5                                /usr/lib/gcc/x86_64-redhat-linux/4.4.4/../../../../lib64/libm.so
atanhl                                            /usr/lib/gcc/x86_64-redhat-linux/4.4.4/../../../../lib64/libm.so
atanhl@@GLIBC_2.2.5                               /usr/lib/gcc/x86_64-redhat-linux/4.4.4/../../../../lib64/libm.so
atanhl@GLIBC_2.2.5                                /usr/lib/gcc/x86_64-redhat-linux/4.4.4/../../../../lib64/libm.so
atanl                                             /usr/lib/gcc/x86_64-redhat-linux/4.4.4/../../../../lib64/libm.so
atanl@@GLIBC_2.2.5                                /usr/lib/gcc/x86_64-redhat-linux/4.4.4/../../../../lib64/libm.so
atanl@GLIBC_2.2.5                                 /usr/lib/gcc/x86_64-redhat-linux/4.4.4/../../../../lib64/libm.so
backtrace                                         /lib64/libc.so.6
backtrace@@GLIBC_2.2.5                            /lib64/libc.so.6
backtrace@GLIBC_2.2.5                             /lib64/libc.so.6
backtrace_symbols                                 /lib64/libc.so.6
backtrace_symbols@@GLIBC_2.2.5                    /lib64/libc.so.6
backtrace_symbols@GLIBC_2.2.5                     /lib64/libc.so.6
backtrace_symbols_fd                              /lib64/libc.so.6
backtrace_symbols_fd@@GLIBC_2.2.5                 /lib64/libc.so.6
backtrace_symbols_fd@GLIBC_2.2.5                  /lib64/libc.so.6
bcmp                                              /lib64/libc.so.6
bcmp@@GLIBC_2.2.5                                 /lib64/libc.so.6
bcmp@GLIBC_2.2.5                                  /lib64/libc.so.6
bdflush                                           /lib64/libc.so.6
bdflush@@GLIBC_2.2.5                              /lib64/libc.so.6
bdflush@GLIBC_2.2.5                               /lib64/libc.so.6
bind                                              /lib64/libc.so.6
bind@@GLIBC_2.2.5                                 /lib64/libc.so.6
bind@GLIBC_2.2.5                                  /lib64/libc.so.6
bind_textdomain_codeset                           /lib64/libc.so.6
bind_textdomain_codeset@@GLIBC_2.2.5              /lib64/libc.so.6
bind_textdomain_codeset@GLIBC_2.2.5               /lib64/libc.so.6
bindtextdomain                                    /lib64/libc.so.6
bindtextdomain@@GLIBC_2.2.5                       /lib64/libc.so.6
bindtextdomain@GLIBC_2.2.5                        /lib64/libc.so.6
brk                                               /lib64/libc.so.6
brk@@GLIBC_2.2.5                                  /lib64/libc.so.6
brk@GLIBC_2.2.5                                   /lib64/libc.so.6
bsd_signal                                        /lib64/libc.so.6
bsd_signal@@GLIBC_2.2.5                           /lib64/libc.so.6
bsd_signal@GLIBC_2.2.5                            /lib64/libc.so.6
btowc                                             /lib64/libc.so.6
btowc@@GLIBC_2.2.5                                /lib64/libc.so.6
btowc@GLIBC_2.2.5                                 /lib64/libc.so.6
bzero                                             /lib64/libc.so.6
bzero@@GLIBC_2.2.5                                /lib64/libc.so.6
bzero@GLIBC_2.2.5                                 /lib64/libc.so.6
cabs                                              /usr/lib/gcc/x86_64-redhat-linux/4.4.4/../../../../lib64/libm.so
cabs@@GLIBC_2.2.5                                 /usr/lib/gcc/x86_64-redhat-linux/4.4.4/../../../../lib64/libm.so
cabs@GLIBC_2.2.5                                  /usr/lib/gcc/x86_64-redhat-linux/4.4.4/../../../../lib64/libm.so
cabsf                                             /usr/lib/gcc/x86_64-redhat-linux/4.4.4/../../../../lib64/libm.so
cabsf@@GLIBC_2.2.5                                /usr/lib/gcc/x86_64-redhat-linux/4.4.4/../../../../lib64/libm.so
cabsf@GLIBC_2.2.5                                 /usr/lib/gcc/x86_64-redhat-linux/4.4.4/../../../../lib64/libm.so
cabsl                                             /usr/lib/gcc/x86_64-redhat-linux/4.4.4/../../../../lib64/libm.so
cabsl@@GLIBC_2.2.5                                /usr/lib/gcc/x86_64-redhat-linux/4.4.4/../../../../lib64/libm.so
cabsl@GLIBC_2.2.5                                 /usr/lib/gcc/x86_64-redhat-linux/4.4.4/../../../../lib64/libm.so
cacos                                             /usr/lib/gcc/x86_64-redhat-linux/4.4.4/../../../../lib64/libm.so
cacos@@GLIBC_2.2.5                                /usr/lib/gcc/x86_64-redhat-linux/4.4.4/../../../../lib64/libm.so
cacos@GLIBC_2.2.5                                 /usr/lib/gcc/x86_64-redhat-linux/4.4.4/../../../../lib64/libm.so
cacosf                                            /usr/lib/gcc/x86_64-redhat-linux/4.4.4/../../../../lib64/libm.so
cacosf@@GLIBC_2.2.5                               /usr/lib/gcc/x86_64-redhat-linux/4.4.4/../../../../lib64/libm.so
cacosf@GLIBC_2.2.5                                /usr/lib/gcc/x86_64-redhat-linux/4.4.4/../../../../lib64/libm.so
cacosh                                            /usr/lib/gcc/x86_64-redhat-linux/4.4.4/../../../../lib64/libm.so
cacosh@@GLIBC_2.2.5                               /usr/lib/gcc/x86_64-redhat-linux/4.4.4/../../../../lib64/libm.so
cacosh@GLIBC_2.2.5                                /usr/lib/gcc/x86_64-redhat-linux/4.4.4/../../../../lib64/libm.so
cacoshf                                           /usr/lib/gcc/x86_64-redhat-linux/4.4.4/../../../../lib64/libm.so
cacoshf@@GLIBC_2.2.5                              /usr/lib/gcc/x86_64-redhat-linux/4.4.4/../../../../lib64/libm.so
cacoshf@GLIBC_2.2.5                               /usr/lib/gcc/x86_64-redhat-linux/4.4.4/../../../../lib64/libm.so
cacoshl                                           /usr/lib/gcc/x86_64-redhat-linux/4.4.4/../../../../lib64/libm.so
cacoshl@@GLIBC_2.2.5                              /usr/lib/gcc/x86_64-redhat-linux/4.4.4/../../../../lib64/libm.so
cacoshl@GLIBC_2.2.5                               /usr/lib/gcc/x86_64-redhat-linux/4.4.4/../../../../lib64/libm.so
cacosl                                            /usr/lib/gcc/x86_64-redhat-linux/4.4.4/../../../../lib64/libm.so
cacosl@@GLIBC_2.2.5                               /usr/lib/gcc/x86_64-redhat-linux/4.4.4/../../../../lib64/libm.so
cacosl@GLIBC_2.2.5                                /usr/lib/gcc/x86_64-redhat-linux/4.4.4/../../../../lib64/libm.so
calloc                                            /lib64/libc.so.6
                                                  libcrm114.a(crm114_matrix.o)
                                                  libcrm114.a(crm114_fast_substring_compression.o)
                                                  libcrm114.a(crm114_base.o)
calloc@@GLIBC_2.2.5                               /lib64/libc.so.6
                                                  /lib64/ld-linux-x86-64.so.2
calloc@GLIBC_2.2.5                                /lib64/libc.so.6
                                                  /usr/local/lib/libtre.so
canonicalize_file_name                            /lib64/libc.so.6
canonicalize_file_name@@GLIBC_2.2.5               /lib64/libc.so.6
canonicalize_file_name@GLIBC_2.2.5                /lib64/libc.so.6
carg                                              /usr/lib/gcc/x86_64-redhat-linux/4.4.4/../../../../lib64/libm.so
carg@@GLIBC_2.2.5                                 /usr/lib/gcc/x86_64-redhat-linux/4.4.4/../../../../lib64/libm.so