Archive member included because of file (symbol)

libcrm114.a(crm114_base.o)    test.o (crm114_learn_text)
libcrm114.a(crm114_markov.o)  libcrm114.a(crm114_base.o) (crm114_learn_features_markov)
libcrm114.a(crm114_markov_microgroom.o)
                              libcrm114.a(crm114_markov.o) (crm114__markov_microgroom)
libcrm114.a(crm114_bit_entropy.o)
                              libcrm114.a(crm114_base.o) (crm114__bit_entropy_default_class_size)
libcrm114.a(crm114_hyperspace.o)
                              libcrm114.a(crm114_base.o) (crm114_learn_features_hyperspace)
libcrm114.a(crm114_svm.o)     libcrm114.a(crm114_base.o) (crm114__svm_learned_write_text_fp)
libcrm114.a(crm114_svm_lib_fncts.o)
                              libcrm114.a(crm114_svm.o) (crm114__svm_solve)
libcrm114.a(crm114_svm_quad_prog.o)
                              libcrm114.a(crm114_svm_lib_fncts.o) (crm114__run_qp)
libcrm114.a(crm114_fast_substring_compression.o)
                              libcrm114.a(crm114_base.o) (crm114__init_block_fscm)
libcrm114.a(crm114_pca.o)     libcrm114.a(crm114_base.o) (crm114__pca_learned_write_text_fp)
libcrm114.a(crm114_pca_lib_fncts.o)
                              libcrm114.a(crm114_pca.o) (crm114__pca_solve)
libcrm114.a(crm114_matrix.o)  libcrm114.a(crm114_svm_quad_prog.o) (crm114__vector_set)
libcrm114.a(crm114_matrix_util.o)
                              libcrm114.a(crm114_matrix.o) (crm114__make_expanding_array)
libcrm114.a(crm114_datalib.o)
                              libcrm114.a(crm114_svm.o) (crm114__dbopen)
libcrm114.a(crm114_vector_tokenize.o)
                              libcrm114.a(crm114_base.o) (crm114_feature_sort_unique)
libcrm114.a(crm114_strnhash.o)
                              libcrm114.a(crm114_vector_tokenize.o) (crm114_strnhash)
libcrm114.a(crm114_util.o)    test.o (crm114__strn1cpy)
libcrm114.a(crm114_regex_tre.o)
                              libcrm114.a(crm114_vector_tokenize.o) (crm114__regncomp)
/usr/lib64/libc_nonshared.a(elf-init.oS)
                              /usr/lib/gcc/x86_64-redhat-linux/4.4.4/../../../../lib64/crt1.o (__libc_csu_fini)

Allocating common symbols
Common symbol       size              file

CRM114__MATR_DEBUG_MODE
                    0x4               libcrm114.a(crm114_svm.o)
crm114__internal_trace
                    0x4               test.o
CRM114__PCA_DEBUG_MODE
                    0x4               libcrm114.a(crm114_pca.o)
CRM114__SVM_DEBUG_MODE
                    0x4               libcrm114.a(crm114_svm.o)
crm114__user_trace  0x4               test.o

Discarded input sections

 .note.GNU-stack
                0x0000000000000000        0x0 /usr/lib/gcc/x86_64-redhat-linux/4.4.4/../../../../lib64/crt1.o
 .note.GNU-stack
                0x0000000000000000        0x0 /usr/lib/gcc/x86_64-redhat-linux/4.4.4/../../../../lib64/crti.o
 .note.GNU-stack
                0x0000000000000000        0x0 /usr/lib/gcc/x86_64-redhat-linux/4.4.4/crtbegin.o
 .note.GNU-stack
                0x0000000000000000        0x0 test.o
 .note.GNU-stack
                0x0000000000000000        0x0 libcrm114.a(crm114_base.o)
 .note.GNU-stack
                0x0000000000000000        0x0 libcrm114.a(crm114_markov.o)
 .note.GNU-stack
                0x0000000000000000        0x0 libcrm114.a(crm114_markov_microgroom.o)
 .note.GNU-stack
                0x0000000000000000        0x0 libcrm114.a(crm114_bit_entropy.o)
 .note.GNU-stack
                0x0000000000000000        0x0 libcrm114.a(crm114_hyperspace.o)
 .note.GNU-stack
                0x0000000000000000        0x0 libcrm114.a(crm114_svm.o)
 .note.GNU-stack
                0x0000000000000000        0x0 libcrm114.a(crm114_svm_lib_fncts.o)
 .note.GNU-stack
                0x0000000000000000        0x0 libcrm114.a(crm114_svm_quad_prog.o)
 .note.GNU-stack
                0x0000000000000000        0x0 libcrm114.a(crm114_fast_substring_compression.o)
 .note.GNU-stack
                0x0000000000000000        0x0 libcrm114.a(crm114_pca.o)
 .note.GNU-stack
                0x0000000000000000        0x0 libcrm114.a(crm114_pca_lib_fncts.o)
 .note.GNU-stack
                0x0000000000000000        0x0 libcrm114.a(crm114_matrix.o)
 .note.GNU-stack
                0x0000000000000000        0x0 libcrm114.a(crm114_matrix_util.o)
 .note.GNU-stack
                0x0000000000000000        0x0 libcrm114.a(crm114_datalib.o)
 .note.GNU-stack
                0x0000000000000000        0x0 libcrm114.a(crm114_vector_tokenize.o)
 .note.GNU-stack
                0x0000000000000000        0x0 libcrm114.a(crm114_strnhash.o)
 .note.GNU-stack
                0x0000000000000000        0x0 libcrm114.a(crm114_util.o)
 .note.GNU-stack
                0x0000000000000000        0x0 libcrm114.a(crm114_regex_tre.o)
 .note.GNU-stack
                0x0000000000000000        0x0 /usr/lib64/libc_nonshared.a(elf-init.oS)
 .note.GNU-stack
                0x0000000000000000        0x0 /usr/lib/gcc/x86_64-redhat-linux/4.4.4/crtend.o
 .note.GNU-stack
[...]
Memory Configuration

Name             Origin             Length             Attributes
*default*        0x0000000000000000 0xffffffffffffffff

Linker script and memory map

LOAD /usr/lib/gcc/x86_64-redhat-linux/4.4.4/../../../../lib64/crt1.o
LOAD /usr/lib/gcc/x86_64-redhat-linux/4.4.4/../../../../lib64/crti.o
LOAD /usr/lib/gcc/x86_64-redhat-linux/4.4.4/crtbegin.o
LOAD test.o
LOAD libcrm114.a
LOAD /usr/local/lib/libtre.so
LOAD /usr/lib/gcc/x86_64-redhat-linux/4.4.4/../../../../lib64/libm.so
LOAD /usr/lib/gcc/x86_64-redhat-linux/4.4.4/libgcc.a
LOAD /usr/lib/gcc/x86_64-redhat-linux/4.4.4/libgcc_s.so
LOAD /usr/lib/gcc/x86_64-redhat-linux/4.4.4/../../../../lib64/libc.so
START GROUP
LOAD /lib64/libc.so.6
LOAD /usr/lib64/libc_nonshared.a
LOAD /lib64/ld-linux-x86-64.so.2
END GROUP
LOAD /usr/lib/gcc/x86_64-redhat-linux/4.4.4/libgcc.a
LOAD /usr/lib/gcc/x86_64-redhat-linux/4.4.4/libgcc_s.so
LOAD /usr/lib/gcc/x86_64-redhat-linux/4.4.4/crtend.o
LOAD /usr/lib/gcc/x86_64-redhat-linux/4.4.4/../../../../lib64/crtn.o
                0x0000000000400000                PROVIDE (__executable_start, 0x400000)
                0x0000000000400200                . = (0x400000 + SIZEOF_HEADERS)

.interp         0x0000000000400200       0x1c
 *(.interp)
 .interp        0x0000000000400200       0x1c /usr/lib/gcc/x86_64-redhat-linux/4.4.4/../../../../lib64/crt1.o

.note.ABI-tag   0x000000000040021c       0x20
 .note.ABI-tag  0x000000000040021c       0x20 /usr/lib/gcc/x86_64-redhat-linux/4.4.4/../../../../lib64/crt1.o

.note.gnu.build-id
                0x000000000040023c       0x24
 *(.note.gnu.build-id)
 .note.gnu.build-id
                0x000000000040023c       0x24 /usr/lib/gcc/x86_64-redhat-linux/4.4.4/../../../../lib64/crt1.o

.hash
 *(.hash)

.gnu.hash       0x0000000000400260       0x3c
 *(.gnu.hash)
 .gnu.hash      0x0000000000400260       0x3c /usr/lib/gcc/x86_64-redhat-linux/4.4.4/../../../../lib64/crt1.o

.dynsym         0x00000000004002a0      0x4c8
 *(.dynsym)
 .dynsym        0x00000000004002a0      0x4c8 /usr/lib/gcc/x86_64-redhat-linux/4.4.4/../../../../lib64/crt1.o

.dynstr         0x0000000000400768      0x1dd
 *(.dynstr)
 .dynstr        0x0000000000400768      0x1dd /usr/lib/gcc/x86_64-redhat-linux/4.4.4/../../../../lib64/crt1.o

.gnu.version    0x0000000000400946       0x66
 *(.gnu.version)
 .gnu.version   0x0000000000400946       0x66 /usr/lib/gcc/x86_64-redhat-linux/4.4.4/../../../../lib64/crt1.o

.gnu.version_d  0x00000000004009b0        0x0 load address 0x00000000004009ac
 *(.gnu.version_d)
 .gnu.version_d
                0x0000000000000000        0x0 /usr/lib/gcc/x86_64-redhat-linux/4.4.4/../../../../lib64/crt1.o

.gnu.version_r  0x00000000004009b0       0x60
 *(.gnu.version_r)
 .gnu.version_r
                0x00000000004009b0       0x60 /usr/lib/gcc/x86_64-redhat-linux/4.4.4/../../../../lib64/crt1.o

.rela.dyn       0x0000000000400a10       0x30
 *(.rela.init)
 *(.rela.text .rela.text.* .rela.gnu.linkonce.t.*)
 .rela.text     0x0000000000000000        0x0 /usr/lib/gcc/x86_64-redhat-linux/4.4.4/../../../../lib64/crt1.o
 *(.rela.fini)
 *(.rela.rodata .rela.rodata.* .rela.gnu.linkonce.r.*)
 *(.rela.data .rela.data.* .rela.gnu.linkonce.d.*)
 *(.rela.tdata .rela.tdata.* .rela.gnu.linkonce.td.*)
 *(.rela.tbss .rela.tbss.* .rela.gnu.linkonce.tb.*)
 *(.rela.ctors)
 *(.rela.dtors)
 *(.rela.got)
 .rela.got      0x0000000000400a10       0x18 /usr/lib/gcc/x86_64-redhat-linux/4.4.4/../../../../lib64/crt1.o
 *(.rela.sharable_data .rela.sharable_data.* .rela.gnu.linkonce.shrd.*)
 *(.rela.sharable_bss .rela.sharable_bss.* .rela.gnu.linkonce.shrb.*)
 .rela.sharable_bss
                0x0000000000000000        0x0 /usr/lib/gcc/x86_64-redhat-linux/4.4.4/../../../../lib64/crt1.o
 *(.rela.bss .rela.bss.* .rela.gnu.linkonce.b.*)
 .rela.bss      0x0000000000400a28       0x18 /usr/lib/gcc/x86_64-redhat-linux/4.4.4/../../../../lib64/crt1.o
 *(.rela.ldata .rela.ldata.* .rela.gnu.linkonce.l.*)
 *(.rela.lbss .rela.lbss.* .rela.gnu.linkonce.lb.*)
 *(.rela.lrodata .rela.lrodata.* .rela.gnu.linkonce.lr.*)
 *(.rela.ifunc)

.rela.plt       0x0000000000400a40      0x3f0
 *(.rela.plt)
 .rela.plt      0x0000000000400a40      0x3f0 /usr/lib/gcc/x86_64-redhat-linux/4.4.4/../../../../lib64/crt1.o
                0x0000000000400e30                PROVIDE (__rela_iplt_start, .)
 *(.rela.iplt)
 .rela.iplt     0x0000000000000000        0x0 /usr/lib/gcc/x86_64-redhat-linux/4.4.4/../../../../lib64/crt1.o
                0x0000000000400e30                PROVIDE (__rela_iplt_end, .)

.init           0x0000000000400e30       0x18
 *(.init)
 .init          0x0000000000400e30        0x9 /usr/lib/gcc/x86_64-redhat-linux/4.4.4/../../../../lib64/crti.o
                0x0000000000400e30                _init
 .init          0x0000000000400e39        0x5 /usr/lib/gcc/x86_64-redhat-linux/4.4.4/crtbegin.o
 .init          0x0000000000400e3e        0x5 /usr/lib/gcc/x86_64-redhat-linux/4.4.4/crtend.o
 .init          0x0000000000400e43        0x5 /usr/lib/gcc/x86_64-redhat-linux/4.4.4/../../../../lib64/crtn.o

.plt            0x0000000000400e48      0x2b0
 *(.plt)
 .plt           0x0000000000400e48      0x2b0 /usr/lib/gcc/x86_64-redhat-linux/4.4.4/../../../../lib64/crt1.o
                0x0000000000400e58                log10@@GLIBC_2.2.5
                0x0000000000400e68                __signbit@@GLIBC_2.2.5
                0x0000000000400e78                printf@@GLIBC_2.2.5
                0x0000000000400e88                tanh@@GLIBC_2.2.5
                0x0000000000400e98                memset@@GLIBC_2.2.5
                0x0000000000400ea8                __isoc99_fscanf@@GLIBC_2.7
                0x0000000000400eb8                __isoc99_sscanf@@GLIBC_2.7
                0x0000000000400ec8                putchar@@GLIBC_2.2.5
                0x0000000000400ed8                strncmp@@GLIBC_2.2.5
                0x0000000000400ee8                malloc@@GLIBC_2.2.5
                0x0000000000400ef8                fopen@@GLIBC_2.2.5
                0x0000000000400f08                __libc_start_main@@GLIBC_2.2.5
                0x0000000000400f18                fgets@@GLIBC_2.2.5
                0x0000000000400f28                ungetc@@GLIBC_2.2.5
                0x0000000000400f38                fputc@@GLIBC_2.2.5
                0x0000000000400f48                free@@GLIBC_2.2.5
                0x0000000000400f58                _IO_getc@@GLIBC_2.2.5
                0x0000000000400f68                strlen@@GLIBC_2.2.5
                0x0000000000400f78                __ctype_b_loc@@GLIBC_2.3
                0x0000000000400f88                sprintf@@GLIBC_2.2.5
                0x0000000000400f98                pow@@GLIBC_2.2.5
                0x0000000000400fa8                __isinf@@GLIBC_2.2.5
                0x0000000000400fb8                strcat@@GLIBC_2.2.5
                0x0000000000400fc8                memcpy@@GLIBC_2.2.5
                0x0000000000400fd8                memmove@@GLIBC_2.2.5
                0x0000000000400fe8                fread@@GLIBC_2.2.5
                0x0000000000400ff8                qsort@@GLIBC_2.2.5
                0x0000000000401008                strcmp@@GLIBC_2.2.5
                0x0000000000401018                logl@@GLIBC_2.2.5
                0x0000000000401028                tre_regncomp
                0x0000000000401038                calloc@@GLIBC_2.2.5
                0x0000000000401048                feof@@GLIBC_2.2.5
                0x0000000000401058                fclose@@GLIBC_2.2.5
                0x0000000000401068                tre_regnexec
                0x0000000000401078                fwrite@@GLIBC_2.2.5
                0x0000000000401088                realloc@@GLIBC_2.2.5
                0x0000000000401098                rand@@GLIBC_2.2.5
                0x00000000004010a8                fprintf@@GLIBC_2.2.5
                0x00000000004010b8                tre_regerror
                0x00000000004010c8                sqrt@@GLIBC_2.2.5
                0x00000000004010d8                tre_regfree
                0x00000000004010e8                _IO_putc@@GLIBC_2.2.5
 *(.iplt)
 .iplt          0x0000000000000000        0x0 /usr/lib/gcc/x86_64-redhat-linux/4.4.4/../../../../lib64/crt1.o

.text           0x0000000000401100    0x2d748
 *(.text .stub .text.* .gnu.linkonce.t.*)
 .text          0x0000000000401100       0x2c /usr/lib/gcc/x86_64-redhat-linux/4.4.4/../../../../lib64/crt1.o
                0x0000000000401100                _start
 .text          0x000000000040112c       0x17 /usr/lib/gcc/x86_64-redhat-linux/4.4.4/../../../../lib64/crti.o
 *fill*         0x0000000000401143        0xd 90909090
 .text          0x0000000000401150       0x92 /usr/lib/gcc/x86_64-redhat-linux/4.4.4/crtbegin.o
 *fill*         0x00000000004011e2        0x2 90909090
 .text          0x00000000004011e4      0xdaf test.o
                0x0000000000401f01                main
 *fill*         0x0000000000401f93        0x1 90909090
 .text          0x0000000000401f94     0x2b86 libcrm114.a(crm114_base.o)
                0x00000000004026ff                crm114_cb_reset
                0x000000000040207d                crm114_learn_text
                0x0000000000402229                crm114_learn_features
                0x000000000040438d                crm114_db_read_text_fp
                0x00000000004028ff                crm114_cb_setclassdefaults
                0x0000000000402a57                crm114_new_cb
                0x0000000000402e79                crm114_cb_getdimensions
                0x00000000004023bf                crm114_classify_text
                0x0000000000403c3d                crm114_db_write_text_fp
                0x000000000040303c                crm114_cb_setflags
                0x0000000000402bb6                crm114_new_db
                0x0000000000402a20                crm114_cb_setdefaults
                0x0000000000404336                crm114_cb_read_text
                0x00000000004045c5                crm114__resize_a_block
                0x0000000000402754                crm114_cb_setblockdefaults
                0x0000000000403d8c                crm114_db_write_text
                0x0000000000403225                crm114_cb_setregex
                0x0000000000403289                crm114_cb_setpipeline
                0x000000000040456e                crm114_db_read_text
                0x0000000000403bde                crm114_cb_write_text
                0x0000000000402564                crm114_classify_features
                0x0000000000403733                crm114_cb_write_text_fp
                0x0000000000403deb                crm114_cb_read_text_fp
 *fill*         0x0000000000404b1a        0x2 90909090
 .text          0x0000000000404b1c     0x1578 libcrm114.a(crm114_markov.o)
                0x0000000000405060                crm114_classify_features_markov
                0x0000000000404b1c                crm114_learn_features_markov
                0x0000000000405e86                crm114__markov_learned_read_text_fp
                0x0000000000405d5a                crm114__markov_learned_write_text_fp
 .text          0x0000000000406094      0x6da libcrm114.a(crm114_markov_microgroom.o)
                0x00000000004065bf                crm114__markov_microgroom
 *fill*         0x000000000040676e        0x2 90909090
 .text          0x0000000000406770     0x4e43 libcrm114.a(crm114_bit_entropy.o)
                0x000000000040afbd                crm114__bit_entropy_learned_write_text_fp
                0x000000000040a13c                crm114_classify_text_bit_entropy
                0x0000000000408cc6                crm114__init_block_bit_entropy
                0x000000000040b28f                crm114__bit_entropy_learned_read_text_fp
                0x0000000000409148                crm114_learn_text_bit_entropy
                0x00000000004067df                crm114__bit_entropy_default_class_size
 *fill*         0x000000000040b5b3        0x1 90909090
 .text          0x000000000040b5b4      0xdb3 libcrm114.a(crm114_hyperspace.o)
                0x000000000040b5b4                crm114_learn_features_hyperspace
                0x000000000040c0ee                crm114__hyperspace_learned_write_text_fp
                0x000000000040bc6c                crm114_classify_features_hyperspace
                0x000000000040c212                crm114__hyperspace_learned_read_text_fp
 *fill*         0x000000000040c367        0x1 90909090
 .text          0x000000000040c368     0x468c libcrm114.a(crm114_svm.o)
                0x0000000000410326                crm114_classify_features_svm
                0x000000000040f160                crm114__init_block_svm
                0x000000000040f93d                crm114_learn_features_svm
                0x000000000040ec19                crm114__svm_learned_write_text_fp
                0x000000000040ee0f                crm114__svm_learned_read_text_fp
 .text          0x00000000004109f4     0x2856 libcrm114.a(crm114_svm_lib_fncts.o)
                0x0000000000412ef8                crm114__svm_read_solution
                0x0000000000412e0f                crm114__svm_write_solution_fp
                0x0000000000412d86                crm114__svm_write_solution
                0x00000000004131f1                crm114__svm_free_solution
                0x00000000004130a5                crm114__svm_map_solution
                0x0000000000412f76                crm114__svm_read_solution_fp
                0x0000000000412cee                crm114__svm_classify_example
                0x000000000041248d                crm114__svm_solve
 *fill*         0x000000000041324a        0x2 90909090
 .text          0x000000000041324c     0x310d libcrm114.a(crm114_svm_quad_prog.o)
                0x0000000000413de4                crm114__run_qp
 *fill*         0x0000000000416359        0x3 90909090
 .text          0x000000000041635c     0x1a5c libcrm114.a(crm114_fast_substring_compression.o)
                0x000000000041635c                crm114__init_block_fscm
                0x00000000004177e6                crm114__fscm_learned_write_text_fp
                0x00000000004163b1                crm114_learn_features_fscm
                0x00000000004179ef                crm114__fscm_learned_read_text_fp
                0x00000000004171f0                crm114_classify_features_fscm
 .text          0x0000000000417db8     0x3c93 libcrm114.a(crm114_pca.o)
                0x0000000000419a6b                crm114__pca_learned_write_text_fp
                0x0000000000419bdc                crm114__pca_learned_read_text_fp
                0x000000000041aeba                crm114_learn_features_pca
                0x0000000000419e65                crm114__init_block_pca
                0x000000000041b47c                crm114_classify_features_pca
 *fill*         0x000000000041ba4b        0x1 90909090
 .text          0x000000000041ba4c     0x1023 libcrm114.a(crm114_pca_lib_fncts.o)
                0x000000000041c15a                run_pca
                0x000000000041c5c3                pca_preprocess
                0x000000000041c628                crm114__pca_solve
                0x000000000041ca3c                crm114__pca_free_solution
                0x000000000041c9cb                pca_classify
 *fill*         0x000000000041ca6f        0x1 90909090
 .text          0x000000000041ca70     0xbc35 libcrm114.a(crm114_matrix.o)
                0x0000000000426279                crm114__vector_free
                0x000000000042685a                crm114__vectorit_zero_elt
                0x0000000000426981                crm114__vectorit_set_col
                0x0000000000423f72                crm114__vector_add_ncols
                0x0000000000424e62                crm114__vector_write_ns
                0x00000000004260a2                crm114__vector_size
                0x0000000000420cc0                crm114__matr_write_bin_fp
                0x000000000042158e                crm114__vector_make_size
                0x0000000000423210                crm114__vector_equals
                0x000000000041eef7                crm114__matr_remove_zero_cols
                0x0000000000420212                crm114__matr_transpose
                0x000000000041e52d                crm114__matr_add_col
                0x0000000000424756                crm114__vector_dist2
                0x000000000041dd35                crm114__matr_shallow_row_copy
                0x00000000004242cf                crm114__vector_remove_col
                0x000000000042498a                crm114__vector_convert_nonsparse_to_sparray
                0x00000000004252ad                crm114__vector_write_bin
                0x000000000041da17                crm114__matr_make
                0x000000000042105b                crm114__matr_read_bin_fp
                0x0000000000420050                crm114__matr_vector_seq
                0x00000000004251a3                crm114__vector_write_text_fp
                0x00000000004214df                crm114__matr_free
                0x0000000000420c37                crm114__matr_write_bin
                0x000000000042064c                crm114__matr_print
                0x0000000000424ee1                crm114__vector_write_ns_fp
                0x0000000000422b23                crm114__vector_add_multiple
                0x000000000041fdf8                crm114__matr_vector
                0x0000000000425751                crm114__vector_read_bin_fp
                0x0000000000425336                crm114__vector_write_bin_fp
                0x0000000000420b5b                crm114__matr_write_text_fp
                0x0000000000420fdd                crm114__matr_read_bin
                0x000000000042721f                crm114__vectorit_insert
                0x0000000000423c52                crm114__vector_add_col
                0x000000000041dc4a                crm114__matr_set_row
                0x000000000041ede7                crm114__matr_remove_zero_rows
                0x0000000000421e03                crm114__vector_zero
                0x000000000041fc3a                crm114__matr_append_matr
                0x000000000041e6be                crm114__matr_add_ncols
                0x0000000000420488                crm114__matr_iszero
                0x0000000000428526                crm114__matr_multiply
                0x0000000000425a4b                crm114__vector_map
                0x000000000041da4e                crm114__matr_make_size
                0x000000000042307a                crm114__vector_iszero
                0x00000000004212f3                crm114__matr_map
                0x0000000000425040                crm114__vector_write_sp
                0x000000000041e2af                crm114__matr_add_row
                0x0000000000425d83                crm114__vector_memmove
                0x000000000041e3dc                crm114__matr_add_nrows
                0x0000000000421aa9                crm114__vector_set
                0x000000000041e85f                crm114__matr_remove_row
                0x00000000004276ad                crm114__vectorit_find
                0x0000000000420797                crm114__matr_write_fp
                0x00000000004218c2                crm114__vector_copy
                0x0000000000421c4a                crm114__vector_get
                0x0000000000420718                crm114__matr_write
                0x0000000000420523                crm114__matr_convert_nonsparse_to_sparray
                0x0000000000422551                crm114__vector_multiply
                0x0000000000420e18                crm114__matr_read_text_fp
                0x00000000004250bf                crm114__vector_write_sp_fp
                0x000000000041eb9d                crm114__matr_remove_col
                0x0000000000425526                crm114__vector_read_text_fp
                0x0000000000420d9a                crm114__matr_size
                0x000000000042155e                crm114__vector_make
                0x0000000000422011                crm114__vector_add
                0x000000000041e886                crm114__matr_erase_row
                0x0000000000424ccf                crm114__vector_print
                0x000000000041df67                crm114__matr_set_col
                0x00000000004256d3                crm114__vector_read_bin
                0x0000000000422869                crm114__dot
 *fill*         0x00000000004286a5        0x3 90909090
 .text          0x00000000004286a8     0x37db libcrm114.a(crm114_matrix_util.o)
                0x00000000004291ee                crm114__expanding_array_get
                0x000000000042afe4                crm114__list_write
                0x0000000000428918                crm114__make_expanding_array
                0x0000000000429879                crm114__expanding_array_insert_before
                0x000000000042a715                crm114__list_insert_before
                0x000000000042a923                crm114__list_insert_after
                0x0000000000429ada                crm114__expanding_array_remove_elt
                0x000000000042b38d                crm114__list_map
                0x0000000000428a3e                crm114__expanding_array_insert
                0x000000000042ab32                crm114__list_clear
                0x000000000042a4cc                crm114__list_search
                0x0000000000428b8c                crm114__expanding_array_set
                0x0000000000429176                crm114__expanding_array_trim
                0x000000000042a3af                crm114__expanding_array_free
                0x0000000000429bf7                crm114__expanding_array_clear
                0x000000000042bd76                crm114__compact_expanding_type_int_compare
                0x000000000042b0f5                crm114__list_read
                0x000000000042afa6                crm114__list_is_empty
                0x000000000042a3fc                crm114__make_list
                0x00000000004292cb                crm114__expanding_array_search
                0x000000000042be32                crm114__precise_sparse_element_col_compare
                0x000000000042bdc7                crm114__precise_sparse_element_val_compare
                0x000000000042a346                crm114__expanding_array_free_data
                0x000000000042b685                crm114__list_memmove
                0x0000000000429aad                crm114__expanding_array_insert_after
                0x000000000042ad39                crm114__list_remove_elt
                0x0000000000429c7a                crm114__expanding_array_write
                0x000000000042a0c8                crm114__expanding_array_map
                0x0000000000429dda                crm114__expanding_array_read
 *fill*         0x000000000042be83        0x1 90909090
 .text          0x000000000042be84     0x1501 libcrm114.a(crm114_datalib.o)
                0x000000000042ccf5                crm114__db_expanding_array_read
                0x000000000042d0f4                crm114__db_list_read
                0x000000000042c139                crm114__dbeof
                0x000000000042bfec                crm114__dbclose
                0x000000000042cfe3                crm114__db_list_write
                0x000000000042bf94                crm114__dbopen
                0x000000000042c5a4                crm114__db_vector_write_bin_dsp
                0x000000000042c2fa                crm114__dbwrite_zeroes
                0x000000000042cb95                crm114__db_expanding_array_write
                0x000000000042c029                crm114__dbtell
                0x000000000042c9b4                crm114__db_vector_read_bin_dsp
                0x000000000042c14a                crm114__dbread
                0x000000000042c3cf                crm114__db_vector_write_bin
                0x000000000042c222                crm114__dbwrite
                0x000000000042c03b                crm114__dbseek
                0x000000000042c6c8                crm114__db_vector_read_bin
 *fill*         0x000000000042d385        0x3 90909090
 .text          0x000000000042d388      0x6b5 libcrm114.a(crm114_vector_tokenize.o)
                0x000000000042d3e2                crm114_feature_sort_unique
                0x000000000042d4b5                crm114_vector_tokenize
 *fill*         0x000000000042da3d        0x3 90909090
 .text          0x000000000042da40       0x9b libcrm114.a(crm114_strnhash.o)
                0x000000000042da40                crm114_strnhash
 *fill*         0x000000000042dadb        0x1 90909090
 .text          0x000000000042dadc      0xbb1 libcrm114.a(crm114_util.o)
                0x000000000042e1de                crm114_show_result_class
                0x000000000042db4b                crm114__tf_read_text_fp
                0x000000000042dd2c                crm114__clear_copy_result
                0x000000000042e66c                crm114_free
                0x000000000042dee2                crm114__result_pR_outcome
                0x000000000042e157                crm114__result_do_common
                0x000000000042dc6c                crm114( &*)
                0x000000000042dadc                crm114__strn1cpy
                0x000000000042e5e3                crm114_show_result
 *fill*         0x000000000042e68d        0x3 90909090
 .text          0x000000000042e690       0xdb libcrm114.a(crm114_regex_tre.o)
                0x000000000042e6c9                crm114__regnexec
                0x000000000042e690                crm114__regncomp
                0x000000000042e751                crm114__regfree
                0x000000000042e719                crm114__regerror
 *fill*         0x000000000042e76b        0x5 90909090
 .text          0x000000000042e770       0x99 /usr/lib64/libc_nonshared.a(elf-init.oS)
                0x000000000042e770                __libc_csu_fini
                0x000000000042e780                __libc_csu_init
 *fill*         0x000000000042e809        0x7 90909090
 .text          0x000000000042e810       0x36 /usr/lib/gcc/x86_64-redhat-linux/4.4.4/crtend.o
 *fill*         0x000000000042e846        0x2 90909090
 .text          0x000000000042e848        0x0 /usr/lib/gcc/x86_64-redhat-linux/4.4.4/../../../../lib64/crtn.o
 *(.gnu.warning)

.fini           0x000000000042e848        0xe
 *(.fini)
 .fini          0x000000000042e848        0x4 /usr/lib/gcc/x86_64-redhat-linux/4.4.4/../../../../lib64/crti.o
                0x000000000042e848                _fini
 .fini          0x000000000042e84c        0x5 /usr/lib/gcc/x86_64-redhat-linux/4.4.4/crtbegin.o
 .fini          0x000000000042e851        0x5 /usr/lib/gcc/x86_64-redhat-linux/4.4.4/../../../../lib64/crtn.o
                0x000000000042e856                PROVIDE (__etext, .)
                0x000000000042e856                PROVIDE (_etext, .)
                0x000000000042e856                PROVIDE (etext, .)

.rodata         0x000000000042e860    0x30ce0
 *(.rodata .rodata.* .gnu.linkonce.r.*)
 .rodata.cst4   0x000000000042e860        0x4 /usr/lib/gcc/x86_64-redhat-linux/4.4.4/../../../../lib64/crt1.o
                0x000000000042e860                _IO_stdin_used
 *fill*         0x000000000042e864        0x4 00
 .rodata        0x000000000042e868        0x8 /usr/lib/gcc/x86_64-redhat-linux/4.4.4/crtbegin.o
                0x000000000042e868                __dso_handle
 *fill*         0x000000000042e870       0x10 00
 .rodata        0x000000000042e880    0x20f3d test.o
 *fill*         0x000000000044f7bd        0x3 00
 .rodata        0x000000000044f7c0     0xa452 libcrm114.a(crm114_base.o)
 *fill*         0x0000000000459c12        0x6 00
 .rodata        0x0000000000459c18      0x230 libcrm114.a(crm114_markov.o)
 .rodata        0x0000000000459e48       0x50 libcrm114.a(crm114_markov_microgroom.o)
 *fill*         0x0000000000459e98        0x8 00
 .rodata        0x0000000000459ea0      0xb50 libcrm114.a(crm114_bit_entropy.o)
 .rodata        0x000000000045a9f0      0x1d8 libcrm114.a(crm114_hyperspace.o)
 *fill*         0x000000000045abc8        0x8 00
 .rodata        0x000000000045abd0      0x4a0 libcrm114.a(crm114_svm.o)
 .rodata        0x000000000045b070      0x7b8 libcrm114.a(crm114_svm_lib_fncts.o)
 *fill*         0x000000000045b828        0x8 00
 .rodata        0x000000000045b830      0x428 libcrm114.a(crm114_svm_quad_prog.o)
 .rodata        0x000000000045bc58      0x638 libcrm114.a(crm114_fast_substring_compression.o)
 .rodata        0x000000000045c290      0x458 libcrm114.a(crm114_pca.o)
 *fill*         0x000000000045c6e8        0x8 00
 .rodata        0x000000000045c6f0      0x2a8 libcrm114.a(crm114_pca_lib_fncts.o)
 *fill*         0x000000000045c998        0x8 00
 .rodata        0x000000000045c9a0     0x1ee0 libcrm114.a(crm114_matrix.o)
 .rodata        0x000000000045e880      0x738 libcrm114.a(crm114_matrix_util.o)
 .rodata        0x000000000045efb8      0x3b9 libcrm114.a(crm114_datalib.o)
 *fill*         0x000000000045f371        0x7 00
 .rodata        0x000000000045f378       0x93 libcrm114.a(crm114_vector_tokenize.o)
 *fill*         0x000000000045f40b        0x5 00
 .rodata        0x000000000045f410      0x130 libcrm114.a(crm114_util.o)

.rodata1
 *(.rodata1)

.eh_frame_hdr   0x000000000045f540      0xc2c
 *(.eh_frame_hdr)
 .eh_frame_hdr  0x000000000045f540      0xc2c test.o

.eh_frame       0x0000000000460170     0x34c4
 *(.eh_frame)
 .eh_frame      0x0000000000460170       0xf8 test.o
                                         0xe8 (size before relaxing)
 .eh_frame      0x0000000000460268      0x468 libcrm114.a(crm114_base.o)
                                        0x460 (size before relaxing)
 .eh_frame      0x00000000004606d0       0xa0 libcrm114.a(crm114_markov.o)
                                         0xa8 (size before relaxing)
 .eh_frame      0x0000000000460770       0x98 libcrm114.a(crm114_markov_microgroom.o)
                                         0xa8 (size before relaxing)
 .eh_frame      0x0000000000460808      0x308 libcrm114.a(crm114_bit_entropy.o)
                                        0x2f0 (size before relaxing)
 .eh_frame      0x0000000000460b10       0xa0 libcrm114.a(crm114_hyperspace.o)
                                         0xa8 (size before relaxing)
 .eh_frame      0x0000000000460bb0      0x448 libcrm114.a(crm114_svm.o)
                                        0x440 (size before relaxing)
 .eh_frame      0x0000000000460ff8      0x280 libcrm114.a(crm114_svm_lib_fncts.o)
                                        0x288 (size before relaxing)
 .eh_frame      0x0000000000461278      0x290 libcrm114.a(crm114_svm_quad_prog.o)
                                        0x298 (size before relaxing)
 .eh_frame      0x0000000000461508      0x160 libcrm114.a(crm114_fast_substring_compression.o)
                                        0x158 (size before relaxing)
 .eh_frame      0x0000000000461668      0x488 libcrm114.a(crm114_pca.o)
                                        0x480 (size before relaxing)
 .eh_frame      0x0000000000461af0      0x188 libcrm114.a(crm114_pca_lib_fncts.o)
                                        0x1a0 (size before relaxing)
 .eh_frame      0x0000000000461c78      0xe98 libcrm114.a(crm114_matrix.o)
                                        0xe40 (size before relaxing)
 .eh_frame      0x0000000000462b10      0x560 libcrm114.a(crm114_matrix_util.o)
                                        0x538 (size before relaxing)
 .eh_frame      0x0000000000463070      0x310 libcrm114.a(crm114_datalib.o)
 .eh_frame      0x0000000000463380       0x70 libcrm114.a(crm114_vector_tokenize.o)
                                         0x80 (size before relaxing)
 .eh_frame      0x00000000004633f0       0x20 libcrm114.a(crm114_strnhash.o)
                                         0x38 (size before relaxing)
 .eh_frame      0x0000000000463410      0x160 libcrm114.a(crm114_util.o)
                                        0x168 (size before relaxing)
 .eh_frame      0x0000000000463570       0x80 libcrm114.a(crm114_regex_tre.o)
                                         0x98 (size before relaxing)
 .eh_frame      0x00000000004635f0       0x40 /usr/lib64/libc_nonshared.a(elf-init.oS)
                                         0x58 (size before relaxing)
 .eh_frame      0x0000000000463630        0x4 /usr/lib/gcc/x86_64-redhat-linux/4.4.4/crtend.o

.gcc_except_table
 *(.gcc_except_table .gcc_except_table.*)
                0x0000000000463634                . = (ALIGN (0x200000) - ((0x200000 - .) & 0x1fffff))
                0x0000000000663634                . = (0x200000 DATA_SEGMENT_ALIGN 0x1000)

.eh_frame
 *(.eh_frame)

.gcc_except_table
 *(.gcc_except_table .gcc_except_table.*)

.tdata
 *(.tdata .tdata.* .gnu.linkonce.td.*)

.tbss
 *(.tbss .tbss.* .gnu.linkonce.tb.*)
 *(.tcommon)

.preinit_array  0x0000000000663634        0x0
                0x0000000000663634                PROVIDE (__preinit_array_start, .)
 *(.preinit_array)
                0x0000000000663634                PROVIDE (__preinit_array_end, .)

.init_array     0x0000000000663634        0x0
                0x0000000000663634                PROVIDE (__init_array_start, .)
 *(SORT(.init_array.*))
 *(.init_array)
                0x0000000000663634                PROVIDE (__init_array_end, .)

.fini_array     0x0000000000663634        0x0
                0x0000000000663634                PROVIDE (__fini_array_start, .)
 *(.fini_array)
 *(SORT(.fini_array.*))
                0x0000000000663634                PROVIDE (__fini_array_end, .)

.ctors          0x0000000000663638       0x10
 *crtbegin.o(.ctors)
 .ctors         0x0000000000663638        0x8 /usr/lib/gcc/x86_64-redhat-linux/4.4.4/crtbegin.o
 *crtbegin?.o(.ctors)
 *(EXCLUDE_FILE(*crtend?.o *crtend.o) .ctors)
 *(SORT(.ctors.*))
 *(.ctors)
 .ctors         0x0000000000663640        0x8 /usr/lib/gcc/x86_64-redhat-linux/4.4.4/crtend.o

.dtors          0x0000000000663648       0x10
 *crtbegin.o(.dtors)
 .dtors         0x0000000000663648        0x8 /usr/lib/gcc/x86_64-redhat-linux/4.4.4/crtbegin.o
 *crtbegin?.o(.dtors)
 *(EXCLUDE_FILE(*crtend?.o *crtend.o) .dtors)
 *(SORT(.dtors.*))
 *(.dtors)
 .dtors         0x0000000000663650        0x8 /usr/lib/gcc/x86_64-redhat-linux/4.4.4/crtend.o
                0x0000000000663650                __DTOR_END__

.jcr            0x0000000000663658        0x8
 *(.jcr)
 .jcr           0x0000000000663658        0x0 /usr/lib/gcc/x86_64-redhat-linux/4.4.4/crtbegin.o
 .jcr           0x0000000000663658        0x8 /usr/lib/gcc/x86_64-redhat-linux/4.4.4/crtend.o

.data.rel.ro
 *(.data.rel.ro.local* .gnu.linkonce.d.rel.ro.local.*)
 *(.data.rel.ro* .gnu.linkonce.d.rel.ro.*)

.dynamic        0x0000000000663660      0x1b0
 *(.dynamic)
 .dynamic       0x0000000000663660      0x1b0 /usr/lib/gcc/x86_64-redhat-linux/4.4.4/../../../../lib64/crt1.o
                0x0000000000663660                _DYNAMIC

.got            0x0000000000663810        0x8
 *(.got)
 .got           0x0000000000663810        0x8 /usr/lib/gcc/x86_64-redhat-linux/4.4.4/../../../../lib64/crt1.o
 *(.igot)
                0x0000000000663818                . = (. DATA_SEGMENT_RELRO_END 0x18)

.got.plt        0x0000000000663818      0x168
 *(.got.plt)
 .got.plt       0x0000000000663818      0x168 /usr/lib/gcc/x86_64-redhat-linux/4.4.4/../../../../lib64/crt1.o
                0x0000000000663818                _GLOBAL_OFFSET_TABLE_
 *(.igot.plt)
 .igot.plt      0x0000000000000000        0x0 /usr/lib/gcc/x86_64-redhat-linux/4.4.4/../../../../lib64/crt1.o

.data           0x0000000000663980       0x4c
 *(.data .data.* .gnu.linkonce.d.*)
 .data          0x0000000000663980        0x4 /usr/lib/gcc/x86_64-redhat-linux/4.4.4/../../../../lib64/crt1.o
                0x0000000000663980                data_start
                0x0000000000663980                __data_start
 .data          0x0000000000663984        0x0 /usr/lib/gcc/x86_64-redhat-linux/4.4.4/../../../../lib64/crti.o
 .data          0x0000000000663984        0x0 /usr/lib/gcc/x86_64-redhat-linux/4.4.4/crtbegin.o
 .data          0x0000000000663984        0x0 test.o
 .data          0x0000000000663984        0x0 libcrm114.a(crm114_base.o)
 *fill*         0x0000000000663984        0xc 00
 .data          0x0000000000663990       0x3c libcrm114.a(crm114_markov.o)
 .data          0x00000000006639cc        0x0 libcrm114.a(crm114_markov_microgroom.o)
 .data          0x00000000006639cc        0x0 libcrm114.a(crm114_bit_entropy.o)
 .data          0x00000000006639cc        0x0 libcrm114.a(crm114_hyperspace.o)
 .data          0x00000000006639cc        0x0 libcrm114.a(crm114_svm.o)
 .data          0x00000000006639cc        0x0 libcrm114.a(crm114_svm_lib_fncts.o)
 .data          0x00000000006639cc        0x0 libcrm114.a(crm114_svm_quad_prog.o)
 .data          0x00000000006639cc        0x0 libcrm114.a(crm114_fast_substring_compression.o)
 .data          0x00000000006639cc        0x0 libcrm114.a(crm114_pca.o)
 .data          0x00000000006639cc        0x0 libcrm114.a(crm114_pca_lib_fncts.o)
 .data          0x00000000006639cc        0x0 libcrm114.a(crm114_matrix.o)
 .data          0x00000000006639cc        0x0 libcrm114.a(crm114_matrix_util.o)
 .data          0x00000000006639cc        0x0 libcrm114.a(crm114_datalib.o)
 .data          0x00000000006639cc        0x0 libcrm114.a(crm114_vector_tokenize.o)
 .data          0x00000000006639cc        0x0 libcrm114.a(crm114_strnhash.o)
 .data          0x00000000006639cc        0x0 libcrm114.a(crm114_util.o)
 .data          0x00000000006639cc        0x0 libcrm114.a(crm114_regex_tre.o)
 .data          0x00000000006639cc        0x0 /usr/lib64/libc_nonshared.a(elf-init.oS)
 .data          0x00000000006639cc        0x0 /usr/lib/gcc/x86_64-redhat-linux/4.4.4/crtend.o
 .data          0x00000000006639cc        0x0 /usr/lib/gcc/x86_64-redhat-linux/4.4.4/../../../../lib64/crtn.o

.data1
 *(.data1)

.sharable_data  0x0000000000800000        0x0
                0x0000000000800000                PROVIDE (__sharable_data_start, .)
 *(.sharable_data .sharable_data.* .gnu.linkonce.shrd.*)
                0x0000000000800000                . = ALIGN ((. != 0x0)?0x200000:0x1)
                0x0000000000800000                PROVIDE (__sharable_data_end, .)
                0x0000000000800000                _edata = .
                0x0000000000800000                PROVIDE (edata, .)
                0x0000000000800000                __bss_start = .

.bss            0x00000000006639e0    0x80078
 *(.dynbss)
 .dynbss        0x00000000006639e0        0x8 /usr/lib/gcc/x86_64-redhat-linux/4.4.4/../../../../lib64/crt1.o
                0x00000000006639e0                stderr@@GLIBC_2.2.5
 *(.bss .bss.* .gnu.linkonce.b.*)
 .bss           0x00000000006639e8        0x0 /usr/lib/gcc/x86_64-redhat-linux/4.4.4/../../../../lib64/crt1.o
 .bss           0x00000000006639e8        0x0 /usr/lib/gcc/x86_64-redhat-linux/4.4.4/../../../../lib64/crti.o
 .bss           0x00000000006639e8       0x10 /usr/lib/gcc/x86_64-redhat-linux/4.4.4/crtbegin.o
 .bss           0x00000000006639f8        0x0 test.o
 .bss           0x00000000006639f8        0x0 libcrm114.a(crm114_base.o)
 .bss           0x00000000006639f8        0x0 libcrm114.a(crm114_markov.o)
 .bss           0x00000000006639f8        0x4 libcrm114.a(crm114_markov_microgroom.o)
 *fill*         0x00000000006639fc        0x4 00
 .bss           0x0000000000663a00    0x80020 libcrm114.a(crm114_bit_entropy.o)
 .bss           0x00000000006e3a20        0x0 libcrm114.a(crm114_hyperspace.o)
 .bss           0x00000000006e3a20        0x8 libcrm114.a(crm114_svm.o)
 .bss           0x00000000006e3a28        0x0 libcrm114.a(crm114_svm_lib_fncts.o)
 .bss           0x00000000006e3a28        0x4 libcrm114.a(crm114_svm_quad_prog.o)
 *fill*         0x00000000006e3a2c        0x4 00
 .bss           0x00000000006e3a30        0xc libcrm114.a(crm114_fast_substring_compression.o)
 .bss           0x00000000006e3a3c        0x4 libcrm114.a(crm114_pca.o)
 .bss           0x00000000006e3a40        0x0 libcrm114.a(crm114_pca_lib_fncts.o)
 .bss           0x00000000006e3a40        0x0 libcrm114.a(crm114_matrix.o)
 .bss           0x00000000006e3a40        0x0 libcrm114.a(crm114_matrix_util.o)
 .bss           0x00000000006e3a40        0x0 libcrm114.a(crm114_datalib.o)
 .bss           0x00000000006e3a40        0x0 libcrm114.a(crm114_vector_tokenize.o)
 .bss           0x00000000006e3a40        0x0 libcrm114.a(crm114_strnhash.o)
 .bss           0x00000000006e3a40        0x0 libcrm114.a(crm114_util.o)
 .bss           0x00000000006e3a40        0x0 libcrm114.a(crm114_regex_tre.o)
 .bss           0x00000000006e3a40        0x0 /usr/lib64/libc_nonshared.a(elf-init.oS)
 .bss           0x00000000006e3a40        0x0 /usr/lib/gcc/x86_64-redhat-linux/4.4.4/crtend.o
 .bss           0x00000000006e3a40        0x0 /usr/lib/gcc/x86_64-redhat-linux/4.4.4/../../../../lib64/crtn.o
 *(COMMON)
 COMMON         0x00000000006e3a40        0x8 test.o
                0x00000000006e3a40                crm114__internal_trace
                0x00000000006e3a44                crm114__user_trace
 COMMON         0x00000000006e3a48        0x8 libcrm114.a(crm114_svm.o)
                0x00000000006e3a48                CRM114__MATR_DEBUG_MODE
                0x00000000006e3a4c                CRM114__SVM_DEBUG_MODE
 COMMON         0x00000000006e3a50        0x4 libcrm114.a(crm114_pca.o)
                0x00000000006e3a50                CRM114__PCA_DEBUG_MODE
                0x00000000006e3a58                . = ALIGN ((. != 0x0)?0x8:0x1)
 *fill*         0x00000000006e3a54        0x4 00

.lbss
 *(.dynlbss)
 *(.lbss .lbss.* .gnu.linkonce.lb.*)
 *(LARGE_COMMON)

.sharable_bss   0x0000000000800000        0x0
                0x0000000000800000                PROVIDE (__sharable_bss_start, .)
 *(.dynsharablebss)
 .dynsharablebss
                0x0000000000000000        0x0 /usr/lib/gcc/x86_64-redhat-linux/4.4.4/../../../../lib64/crt1.o
 *(.sharable_bss .sharable_bss.* .gnu.linkonce.shrb.*)
 *(SHARABLE_COMMON)
                0x0000000000800000                . = ALIGN ((. != 0x0)?0x200000:0x1)
                0x0000000000800000                PROVIDE (__sharable_bss_end, .)
                0x0000000000800000                . = ALIGN (0x8)

.lrodata
 *(.lrodata .lrodata.* .gnu.linkonce.lr.*)

.ldata          0x0000000000ae3a58        0x0
 *(.ldata .ldata.* .gnu.linkonce.l.*)
                0x0000000000ae3a58                . = ALIGN ((. != 0x0)?0x8:0x1)
                0x0000000000ae3a58                . = ALIGN (0x8)
                0x0000000000ae3a58                _end = .
                0x0000000000ae3a58                PROVIDE (end, .)
                0x0000000000ae3a58                . = DATA_SEGMENT_END (.)

.stab
 *(.stab)

.stabstr
 *(.stabstr)

.stab.excl
 *(.stab.excl)

.stab.exclstr
 *(.stab.exclstr)

.stab.index
 *(.stab.index)

.stab.indexstr
 *(.stab.indexstr)

.comment        0x0000000000000000      0x47a
 *(.comment)
 .comment       0x0000000000000000       0x2d /usr/lib/gcc/x86_64-redhat-linux/4.4.4/../../../../lib64/crt1.o
 .comment       0x000000000000002d       0x2d /usr/lib/gcc/x86_64-redhat-linux/4.4.4/../../../../lib64/crti.o
 .comment       0x000000000000005a       0x2e /usr/lib/gcc/x86_64-redhat-linux/4.4.4/crtbegin.o
 .comment       0x0000000000000088       0x2e test.o
 .comment       0x00000000000000b6       0x2e libcrm114.a(crm114_base.o)
 .comment       0x00000000000000e4       0x2e libcrm114.a(crm114_markov.o)
 .comment       0x0000000000000112       0x2e libcrm114.a(crm114_markov_microgroom.o)
 .comment       0x0000000000000140       0x2e libcrm114.a(crm114_bit_entropy.o)
 .comment       0x000000000000016e       0x2e libcrm114.a(crm114_hyperspace.o)
 .comment       0x000000000000019c       0x2e libcrm114.a(crm114_svm.o)
 .comment       0x00000000000001ca       0x2e libcrm114.a(crm114_svm_lib_fncts.o)
 .comment       0x00000000000001f8       0x2e libcrm114.a(crm114_svm_quad_prog.o)
 .comment       0x0000000000000226       0x2e libcrm114.a(crm114_fast_substring_compression.o)
 .comment       0x0000000000000254       0x2e libcrm114.a(crm114_pca.o)
 .comment       0x0000000000000282       0x2e libcrm114.a(crm114_pca_lib_fncts.o)
 .comment       0x00000000000002b0       0x2e libcrm114.a(crm114_matrix.o)
 .comment       0x00000000000002de       0x2e libcrm114.a(crm114_matrix_util.o)
 .comment       0x000000000000030c       0x2e libcrm114.a(crm114_datalib.o)
 .comment       0x000000000000033a       0x2e libcrm114.a(crm114_vector_tokenize.o)
 .comment       0x0000000000000368       0x2e libcrm114.a(crm114_strnhash.o)
 .comment       0x0000000000000396       0x2e libcrm114.a(crm114_util.o)
 .comment       0x00000000000003c4       0x2e libcrm114.a(crm114_regex_tre.o)
 .comment       0x00000000000003f2       0x2d /usr/lib64/libc_nonshared.a(elf-init.oS)
 .comment       0x000000000000041f       0x2e /usr/lib/gcc/x86_64-redhat-linux/4.4.4/crtend.o
 .comment       0x000000000000044d       0x2d /usr/lib/gcc/x86_64-redhat-linux/4.4.4/../../../../lib64/crtn.o

.debug
 *(.debug)

.line
 *(.line)

.debug_srcinfo
 *(.debug_srcinfo)

.debug_sfnames
 *(.debug_sfnames)

.debug_aranges  0x0000000000000000      0x390
 *(.debug_aranges)
 .debug_aranges
                0x0000000000000000       0x30 test.o
 .debug_aranges
                0x0000000000000030       0x30 libcrm114.a(crm114_base.o)
 .debug_aranges
                0x0000000000000060       0x30 libcrm114.a(crm114_markov.o)
 .debug_aranges
                0x0000000000000090       0x30 libcrm114.a(crm114_markov_microgroom.o)
 .debug_aranges
                0x00000000000000c0       0x30 libcrm114.a(crm114_bit_entropy.o)
 .debug_aranges
                0x00000000000000f0       0x30 libcrm114.a(crm114_hyperspace.o)
 .debug_aranges
                0x0000000000000120       0x30 libcrm114.a(crm114_svm.o)
 .debug_aranges
                0x0000000000000150       0x30 libcrm114.a(crm114_svm_lib_fncts.o)
 .debug_aranges
                0x0000000000000180       0x30 libcrm114.a(crm114_svm_quad_prog.o)
 .debug_aranges
                0x00000000000001b0       0x30 libcrm114.a(crm114_fast_substring_compression.o)
 .debug_aranges
                0x00000000000001e0       0x30 libcrm114.a(crm114_pca.o)
 .debug_aranges
                0x0000000000000210       0x30 libcrm114.a(crm114_pca_lib_fncts.o)
 .debug_aranges
                0x0000000000000240       0x30 libcrm114.a(crm114_matrix.o)
 .debug_aranges
                0x0000000000000270       0x30 libcrm114.a(crm114_matrix_util.o)
 .debug_aranges
                0x00000000000002a0       0x30 libcrm114.a(crm114_datalib.o)
 .debug_aranges
                0x00000000000002d0       0x30 libcrm114.a(crm114_vector_tokenize.o)
 .debug_aranges
                0x0000000000000300       0x30 libcrm114.a(crm114_strnhash.o)
 .debug_aranges
                0x0000000000000330       0x30 libcrm114.a(crm114_util.o)
 .debug_aranges
                0x0000000000000360       0x30 libcrm114.a(crm114_regex_tre.o)

.debug_pubnames
                0x0000000000000000     0x1b75
 *(.debug_pubnames)
 .debug_pubnames
                0x0000000000000000       0x4d test.o
 .debug_pubnames
                0x000000000000004d      0x289 libcrm114.a(crm114_base.o)
 .debug_pubnames
                0x00000000000002d6       0xda libcrm114.a(crm114_markov.o)
 .debug_pubnames
                0x00000000000003b0       0x62 libcrm114.a(crm114_markov_microgroom.o)
 .debug_pubnames
                0x0000000000000412      0x134 libcrm114.a(crm114_bit_entropy.o)
 .debug_pubnames
                0x0000000000000546       0xea libcrm114.a(crm114_hyperspace.o)
 .debug_pubnames
                0x0000000000000630      0x120 libcrm114.a(crm114_svm.o)
 .debug_pubnames
                0x0000000000000750      0x16d libcrm114.a(crm114_svm_lib_fncts.o)
 .debug_pubnames
                0x00000000000008bd       0x41 libcrm114.a(crm114_svm_quad_prog.o)
 .debug_pubnames
                0x00000000000008fe       0xee libcrm114.a(crm114_fast_substring_compression.o)
 .debug_pubnames
                0x00000000000009ec      0x120 libcrm114.a(crm114_pca.o)
 .debug_pubnames
                0x0000000000000b0c       0xad libcrm114.a(crm114_pca_lib_fncts.o)
 .debug_pubnames
                0x0000000000000bb9      0x798 libcrm114.a(crm114_matrix.o)
 .debug_pubnames
                0x0000000000001351      0x3dc libcrm114.a(crm114_matrix_util.o)
 .debug_pubnames
                0x000000000000172d      0x21e libcrm114.a(crm114_datalib.o)
 .debug_pubnames
                0x000000000000194b       0x7e libcrm114.a(crm114_vector_tokenize.o)
 .debug_pubnames
                0x00000000000019c9       0x26 libcrm114.a(crm114_strnhash.o)
 .debug_pubnames
                0x00000000000019ef      0x121 libcrm114.a(crm114_util.o)
 .debug_pubnames
                0x0000000000001b10       0x65 libcrm114.a(crm114_regex_tre.o)

.debug_info     0x0000000000000000    0x147ee
 *(.debug_info .gnu.linkonce.wi.*)
 .debug_info    0x0000000000000000     0x1211 test.o
 .debug_info    0x0000000000001211     0x17b1 libcrm114.a(crm114_base.o)
 .debug_info    0x00000000000029c2      0xe38 libcrm114.a(crm114_markov.o)
 .debug_info    0x00000000000037fa      0x5a0 libcrm114.a(crm114_markov_microgroom.o)
 .debug_info    0x0000000000003d9a     0x1bd2 libcrm114.a(crm114_bit_entropy.o)
 .debug_info    0x000000000000596c      0xbb7 libcrm114.a(crm114_hyperspace.o)
 .debug_info    0x0000000000006523     0x1d3e libcrm114.a(crm114_svm.o)
 .debug_info    0x0000000000008261      0xf1c libcrm114.a(crm114_svm_lib_fncts.o)
 .debug_info    0x000000000000917d     0x1187 libcrm114.a(crm114_svm_quad_prog.o)
 .debug_info    0x000000000000a304     0x10b1 libcrm114.a(crm114_fast_substring_compression.o)
 .debug_info    0x000000000000b3b5     0x1d80 libcrm114.a(crm114_pca.o)
 .debug_info    0x000000000000d135      0xb65 libcrm114.a(crm114_pca_lib_fncts.o)
 .debug_info    0x000000000000dc9a     0x2fa1 libcrm114.a(crm114_matrix.o)
 .debug_info    0x0000000000010c3b     0x1279 libcrm114.a(crm114_matrix_util.o)
 .debug_info    0x0000000000011eb4     0x1118 libcrm114.a(crm114_datalib.o)
 .debug_info    0x0000000000012fcc      0x9ed libcrm114.a(crm114_vector_tokenize.o)
 .debug_info    0x00000000000139b9       0xfc libcrm114.a(crm114_strnhash.o)
 .debug_info    0x0000000000013ab5      0xad8 libcrm114.a(crm114_util.o)
 .debug_info    0x000000000001458d      0x261 libcrm114.a(crm114_regex_tre.o)

.debug_abbrev   0x0000000000000000     0x2558
 *(.debug_abbrev)
 .debug_abbrev  0x0000000000000000      0x1e6 test.o
 .debug_abbrev  0x00000000000001e6      0x2b8 libcrm114.a(crm114_base.o)
 .debug_abbrev  0x000000000000049e      0x224 libcrm114.a(crm114_markov.o)
 .debug_abbrev  0x00000000000006c2      0x18c libcrm114.a(crm114_markov_microgroom.o)
 .debug_abbrev  0x000000000000084e      0x221 libcrm114.a(crm114_bit_entropy.o)
 .debug_abbrev  0x0000000000000a6f      0x219 libcrm114.a(crm114_hyperspace.o)
 .debug_abbrev  0x0000000000000c88      0x283 libcrm114.a(crm114_svm.o)
 .debug_abbrev  0x0000000000000f0b      0x1d9 libcrm114.a(crm114_svm_lib_fncts.o)
 .debug_abbrev  0x00000000000010e4      0x1de libcrm114.a(crm114_svm_quad_prog.o)
 .debug_abbrev  0x00000000000012c2      0x1f5 libcrm114.a(crm114_fast_substring_compression.o)
 .debug_abbrev  0x00000000000014b7      0x283 libcrm114.a(crm114_pca.o)
 .debug_abbrev  0x000000000000173a      0x227 libcrm114.a(crm114_pca_lib_fncts.o)
 .debug_abbrev  0x0000000000001961      0x253 libcrm114.a(crm114_matrix.o)
 .debug_abbrev  0x0000000000001bb4      0x23a libcrm114.a(crm114_matrix_util.o)
 .debug_abbrev  0x0000000000001dee      0x26e libcrm114.a(crm114_datalib.o)
 .debug_abbrev  0x000000000000205c      0x1bc libcrm114.a(crm114_vector_tokenize.o)
 .debug_abbrev  0x0000000000002218       0x8b libcrm114.a(crm114_strnhash.o)
 .debug_abbrev  0x00000000000022a3      0x20e libcrm114.a(crm114_util.o)
 .debug_abbrev  0x00000000000024b1       0xa7 libcrm114.a(crm114_regex_tre.o)

.debug_line     0x0000000000000000     0x5742
 *(.debug_line)
 .debug_line    0x0000000000000000      0x1c7 test.o
 .debug_line    0x00000000000001c7      0x4bb libcrm114.a(crm114_base.o)
 .debug_line    0x0000000000000682      0x2c5 libcrm114.a(crm114_markov.o)
 .debug_line    0x0000000000000947      0x19b libcrm114.a(crm114_markov_microgroom.o)
 .debug_line    0x0000000000000ae2      0x7b4 libcrm114.a(crm114_bit_entropy.o)
 .debug_line    0x0000000000001296      0x228 libcrm114.a(crm114_hyperspace.o)
 .debug_line    0x00000000000014be      0x79e libcrm114.a(crm114_svm.o)
 .debug_line    0x0000000000001c5c      0x55c libcrm114.a(crm114_svm_lib_fncts.o)
 .debug_line    0x00000000000021b8      0x590 libcrm114.a(crm114_svm_quad_prog.o)
 .debug_line    0x0000000000002748      0x375 libcrm114.a(crm114_fast_substring_compression.o)
 .debug_line    0x0000000000002abd      0x6d0 libcrm114.a(crm114_pca.o)
 .debug_line    0x000000000000318d      0x2ea libcrm114.a(crm114_pca_lib_fncts.o)
 .debug_line    0x0000000000003477     0x148d libcrm114.a(crm114_matrix.o)
 .debug_line    0x0000000000004904      0x670 libcrm114.a(crm114_matrix_util.o)
 .debug_line    0x0000000000004f74      0x365 libcrm114.a(crm114_datalib.o)
 .debug_line    0x00000000000052d9      0x1a3 libcrm114.a(crm114_vector_tokenize.o)
 .debug_line    0x000000000000547c       0x72 libcrm114.a(crm114_strnhash.o)
 .debug_line    0x00000000000054ee      0x1a1 libcrm114.a(crm114_util.o)
 .debug_line    0x000000000000568f       0xb3 libcrm114.a(crm114_regex_tre.o)

.debug_frame
 *(.debug_frame)

.debug_str      0x0000000000000000     0x37ef
 *(.debug_str)
 .debug_str     0x0000000000000000      0x770 test.o
                                        0x888 (size before relaxing)
 .debug_str     0x0000000000000770      0x68d libcrm114.a(crm114_base.o)
                                        0xb92 (size before relaxing)
 .debug_str     0x0000000000000dfd      0x1bb libcrm114.a(crm114_markov.o)
                                        0x7fd (size before relaxing)
 .debug_str     0x0000000000000fb8       0xa0 libcrm114.a(crm114_markov_microgroom.o)
                                        0x352 (size before relaxing)
 .debug_str     0x0000000000001058      0x603 libcrm114.a(crm114_bit_entropy.o)
                                        0xca4 (size before relaxing)
 .debug_str     0x000000000000165b      0x113 libcrm114.a(crm114_hyperspace.o)
                                        0x76d (size before relaxing)
 .debug_str     0x000000000000176e      0x59b libcrm114.a(crm114_svm.o)
                                        0xc6c (size before relaxing)
 .debug_str     0x0000000000001d09      0x1ab libcrm114.a(crm114_svm_lib_fncts.o)
                                        0x704 (size before relaxing)
 .debug_str     0x0000000000001eb4      0x15e libcrm114.a(crm114_svm_quad_prog.o)
                                        0x650 (size before relaxing)
 .debug_str     0x0000000000002012      0x2fa libcrm114.a(crm114_fast_substring_compression.o)
                                        0x97f (size before relaxing)
 .debug_str     0x000000000000230c      0x227 libcrm114.a(crm114_pca.o)
                                        0xc4f (size before relaxing)
 .debug_str     0x0000000000002533       0x92 libcrm114.a(crm114_pca_lib_fncts.o)
                                        0x589 (size before relaxing)
 .debug_str     0x00000000000025c5      0x968 libcrm114.a(crm114_matrix.o)
                                        0xf0f (size before relaxing)
 .debug_str     0x0000000000002f2d      0x397 libcrm114.a(crm114_matrix_util.o)
                                        0x7fb (size before relaxing)
 .debug_str     0x00000000000032c4      0x1dd libcrm114.a(crm114_datalib.o)
                                        0x8c7 (size before relaxing)
 .debug_str     0x00000000000034a1      0x1a7 libcrm114.a(crm114_vector_tokenize.o)
                                        0x79f (size before relaxing)
 .debug_str     0x0000000000003648       0x30 libcrm114.a(crm114_strnhash.o)
                                         0xfc (size before relaxing)
 .debug_str     0x0000000000003678       0xe1 libcrm114.a(crm114_util.o)
                                        0x634 (size before relaxing)
 .debug_str     0x0000000000003759       0x96 libcrm114.a(crm114_regex_tre.o)
                                        0x1a2 (size before relaxing)

.debug_loc
 *(.debug_loc)

.debug_macinfo
 *(.debug_macinfo)

.debug_weaknames
 *(.debug_weaknames)

.debug_funcnames
 *(.debug_funcnames)

.debug_typenames
 *(.debug_typenames)

.debug_varnames
 *(.debug_varnames)

.debug_pubtypes
                0x0000000000000000     0x1959
 *(.debug_pubtypes)
 .debug_pubtypes
                0x0000000000000000       0xea test.o
 .debug_pubtypes
                0x00000000000000ea       0xff libcrm114.a(crm114_base.o)
 .debug_pubtypes
                0x00000000000001e9      0x10d libcrm114.a(crm114_markov.o)
 .debug_pubtypes
                0x00000000000002f6       0x7b libcrm114.a(crm114_markov_microgroom.o)
 .debug_pubtypes
                0x0000000000000371      0x168 libcrm114.a(crm114_bit_entropy.o)
 .debug_pubtypes
                0x00000000000004d9      0x12e libcrm114.a(crm114_hyperspace.o)
 .debug_pubtypes
                0x0000000000000607      0x293 libcrm114.a(crm114_svm.o)
 .debug_pubtypes
                0x000000000000089a      0x1dc libcrm114.a(crm114_svm_lib_fncts.o)
 .debug_pubtypes
                0x0000000000000a76      0x1c2 libcrm114.a(crm114_svm_quad_prog.o)
 .debug_pubtypes
                0x0000000000000c38      0x128 libcrm114.a(crm114_fast_substring_compression.o)
 .debug_pubtypes
                0x0000000000000d60      0x293 libcrm114.a(crm114_pca.o)
 .debug_pubtypes
                0x0000000000000ff3      0x1d3 libcrm114.a(crm114_pca_lib_fncts.o)
 .debug_pubtypes
                0x00000000000011c6      0x1f3 libcrm114.a(crm114_matrix.o)
 .debug_pubtypes
                0x00000000000013b9      0x18b libcrm114.a(crm114_matrix_util.o)
 .debug_pubtypes
                0x0000000000001544      0x1ff libcrm114.a(crm114_datalib.o)
 .debug_pubtypes
                0x0000000000001743       0xf9 libcrm114.a(crm114_vector_tokenize.o)
 .debug_pubtypes
                0x000000000000183c       0x1f libcrm114.a(crm114_strnhash.o)
 .debug_pubtypes
                0x000000000000185b       0xb9 libcrm114.a(crm114_util.o)
 .debug_pubtypes
                0x0000000000001914       0x45 libcrm114.a(crm114_regex_tre.o)

.debug_ranges   0x0000000000000000       0x30
 *(.debug_ranges)
 .debug_ranges  0x0000000000000000       0x30 libcrm114.a(crm114_matrix.o)

.gnu.attributes
 *(.gnu.attributes)

/DISCARD/
 *(.note.GNU-stack)
 *(.gnu_debuglink)
OUTPUT(test elf64-x86-64)

Cross Reference Table

Symbol                                            File
CRM114__MATR_DEBUG_MODE                           libcrm114.a(crm114_datalib.o)
                                                  libcrm114.a(crm114_matrix_util.o)
                                                  libcrm114.a(crm114_matrix.o)
                                                  libcrm114.a(crm114_pca_lib_fncts.o)
                                                  libcrm114.a(crm114_pca.o)
                                                  libcrm114.a(crm114_svm_quad_prog.o)
                                                  libcrm114.a(crm114_svm_lib_fncts.o)
                                                  libcrm114.a(crm114_svm.o)
CRM114__PCA_DEBUG_MODE                            libcrm114.a(crm114_pca_lib_fncts.o)
                                                  libcrm114.a(crm114_pca.o)
CRM114__SVM_DEBUG_MODE                            libcrm114.a(crm114_datalib.o)
                                                  libcrm114.a(crm114_svm_lib_fncts.o)
                                                  libcrm114.a(crm114_svm.o)
GLIBC_2.10                                        /lib64/libc.so.6
GLIBC_2.11                                        /lib64/libc.so.6
GLIBC_2.2.5                                       /usr/lib/gcc/x86_64-redhat-linux/4.4.4/../../../../lib64/libm.so
                                                  /lib64/ld-linux-x86-64.so.2
                                                  /lib64/libc.so.6
GLIBC_2.2.6                                       /lib64/libc.so.6
GLIBC_2.3                                         /lib64/libc.so.6
                                                  /lib64/ld-linux-x86-64.so.2
GLIBC_2.3.2                                       /lib64/libc.so.6
GLIBC_2.3.3                                       /lib64/libc.so.6
GLIBC_2.3.4                                       /lib64/libc.so.6
GLIBC_2.4                                         /usr/lib/gcc/x86_64-redhat-linux/4.4.4/../../../../lib64/libm.so
                                                  /lib64/ld-linux-x86-64.so.2
                                                  /lib64/libc.so.6
GLIBC_2.5                                         /lib64/libc.so.6
GLIBC_2.6                                         /lib64/libc.so.6
GLIBC_2.7                                         /lib64/libc.so.6
GLIBC_2.8                                         /lib64/libc.so.6
GLIBC_2.9                                         /lib64/libc.so.6
GLIBC_PRIVATE                                     /lib64/libc.so.6
                                                  /lib64/ld-linux-x86-64.so.2
_DYNAMIC                                          /usr/lib/gcc/x86_64-redhat-linux/4.4.4/../../../../lib64/crt1.o
_Exit                                             /lib64/libc.so.6
_Exit@@GLIBC_2.2.5                                /lib64/libc.so.6
_Exit@GLIBC_2.2.5                                 /lib64/libc.so.6
_GLOBAL_OFFSET_TABLE_                             /usr/lib/gcc/x86_64-redhat-linux/4.4.4/../../../../lib64/crt1.o
                                                  /usr/lib64/libc_nonshared.a(elf-init.oS)
                                                  /usr/lib/gcc/x86_64-redhat-linux/4.4.4/../../../../lib64/crti.o
_IO_fprintf                                       /lib64/libc.so.6
_IO_fprintf@@GLIBC_2.2.5                          /lib64/libc.so.6
_IO_fprintf@GLIBC_2.2.5                           /lib64/libc.so.6
_IO_getc                                          /lib64/libc.so.6
                                                  libcrm114.a(crm114_base.o)
_IO_getc@@GLIBC_2.2.5                             /lib64/libc.so.6
_IO_getc@GLIBC_2.2.5                              /lib64/libc.so.6
_IO_putc                                          /lib64/libc.so.6
                                                  libcrm114.a(crm114_base.o)
_IO_putc@@GLIBC_2.2.5                             /lib64/libc.so.6
_IO_putc@GLIBC_2.2.5                              /lib64/libc.so.6
_IO_stdin_used                                    /usr/lib/gcc/x86_64-redhat-linux/4.4.4/../../../../lib64/crt1.o
_Jv_RegisterClasses                               /usr/lib/gcc/x86_64-redhat-linux/4.4.4/../../../../lib64/libm.so
                                                  /usr/local/lib/libtre.so
                                                  /usr/lib/gcc/x86_64-redhat-linux/4.4.4/crtbegin.o
__DTOR_END__                                      /usr/lib/gcc/x86_64-redhat-linux/4.4.4/crtend.o
                                                  /usr/lib/gcc/x86_64-redhat-linux/4.4.4/crtbegin.o
__after_morecore_hook                             /lib64/libc.so.6
__after_morecore_hook@@GLIBC_2.2.5                /lib64/libc.so.6
__after_morecore_hook@GLIBC_2.2.5                 /lib64/libc.so.6
__bss_start                                       /usr/local/lib/libtre.so
__close                                           /lib64/libc.so.6
__close@@GLIBC_2.2.5                              /lib64/libc.so.6
__close@GLIBC_2.2.5                               /lib64/libc.so.6
__connect                                         /lib64/libc.so.6
__connect@@GLIBC_2.2.5                            /lib64/libc.so.6
__connect@GLIBC_2.2.5                             /lib64/libc.so.6
__ctype_b_loc                                     /lib64/libc.so.6
                                                  libcrm114.a(crm114_vector_tokenize.o)
                                                  libcrm114.a(crm114_base.o)
__ctype_b_loc@@GLIBC_2.3                          /lib64/libc.so.6
__ctype_b_loc@GLIBC_2.3                           /lib64/libc.so.6
__ctype_get_mb_cur_max                            /lib64/libc.so.6
__ctype_get_mb_cur_max@@GLIBC_2.2.5               /lib64/libc.so.6
__ctype_get_mb_cur_max@GLIBC_2.2.5                /lib64/libc.so.6
                                                  /usr/local/lib/libtre.so
__data_start                                      /usr/lib/gcc/x86_64-redhat-linux/4.4.4/../../../../lib64/crt1.o
__dso_handle                                      /usr/lib/gcc/x86_64-redhat-linux/4.4.4/crtbegin.o
__fcntl                                           /lib64/libc.so.6
__fcntl@@GLIBC_2.2.5                              /lib64/libc.so.6
__fcntl@GLIBC_2.2.5                               /lib64/libc.so.6
__free_hook                                       /lib64/libc.so.6
__free_hook@@GLIBC_2.2.5                          /lib64/libc.so.6
__free_hook@GLIBC_2.2.5                           /lib64/libc.so.6
__getdelim                                        /lib64/libc.so.6
__getdelim@@GLIBC_2.2.5                           /lib64/libc.so.6
__getdelim@GLIBC_2.2.5                            /lib64/libc.so.6
__gmon_start__                                    /usr/lib/gcc/x86_64-redhat-linux/4.4.4/../../../../lib64/libm.so
                                                  /usr/local/lib/libtre.so
                                                  /usr/lib/gcc/x86_64-redhat-linux/4.4.4/../../../../lib64/crti.o
__init_array_end                                  /usr/lib64/libc_nonshared.a(elf-init.oS)
__init_array_start                                /usr/lib64/libc_nonshared.a(elf-init.oS)
__isascii_l                                       /lib64/libc.so.6
__isascii_l@@GLIBC_2.2.5                          /lib64/libc.so.6
__isascii_l@GLIBC_2.2.5                           /lib64/libc.so.6
__isinf                                           /lib64/libc.so.6
                                                  libcrm114.a(crm114_util.o)
__isinf@@GLIBC_2.2.5                              /lib64/libc.so.6
__isinf@GLIBC_2.2.5                               /lib64/libc.so.6
__isoc99_fscanf                                   /lib64/libc.so.6
                                                  libcrm114.a(crm114_util.o)
                                                  libcrm114.a(crm114_matrix.o)
                                                  libcrm114.a(crm114_pca.o)
                                                  libcrm114.a(crm114_fast_substring_compression.o)
                                                  libcrm114.a(crm114_svm.o)
                                                  libcrm114.a(crm114_hyperspace.o)
                                                  libcrm114.a(crm114_bit_entropy.o)
                                                  libcrm114.a(crm114_markov.o)
                                                  libcrm114.a(crm114_base.o)
__isoc99_fscanf@@GLIBC_2.7                        /lib64/libc.so.6
__isoc99_fscanf@GLIBC_2.7                         /lib64/libc.so.6
__isoc99_sscanf                                   /lib64/libc.so.6
                                                  libcrm114.a(crm114_fast_substring_compression.o)
                                                  libcrm114.a(crm114_markov.o)
__isoc99_sscanf@@GLIBC_2.7                        /lib64/libc.so.6
__isoc99_sscanf@GLIBC_2.7                         /lib64/libc.so.6
__libc_csu_fini                                   /usr/lib64/libc_nonshared.a(elf-init.oS)
                                                  /usr/lib/gcc/x86_64-redhat-linux/4.4.4/../../../../lib64/crt1.o
__libc_csu_init                                   /usr/lib64/libc_nonshared.a(elf-init.oS)
                                                  /usr/lib/gcc/x86_64-redhat-linux/4.4.4/../../../../lib64/crt1.o
__libc_start_main                                 /lib64/libc.so.6
                                                  /usr/lib/gcc/x86_64-redhat-linux/4.4.4/../../../../lib64/crt1.o
__libc_start_main@@GLIBC_2.2.5                    /lib64/libc.so.6
__libc_start_main@GLIBC_2.2.5                     /lib64/libc.so.6
__lseek                                           /lib64/libc.so.6
__lseek@@GLIBC_2.2.5                              /lib64/libc.so.6
__lseek@GLIBC_2.2.5                               /lib64/libc.so.6
__malloc_hook                                     /lib64/libc.so.6
__malloc_hook@@GLIBC_2.2.5                        /lib64/libc.so.6
__malloc_hook@GLIBC_2.2.5                         /lib64/libc.so.6
__malloc_initialize_hook                          /lib64/libc.so.6
__malloc_initialize_hook@@GLIBC_2.2.5             /lib64/libc.so.6
__malloc_initialize_hook@GLIBC_2.2.5              /lib64/libc.so.6
__memalign_hook                                   /lib64/libc.so.6
__memalign_hook@@GLIBC_2.2.5                      /lib64/libc.so.6
__memalign_hook@GLIBC_2.2.5                       /lib64/libc.so.6
__memset_zero_constant_len_parameter              /lib64/libc.so.6
__nanosleep                                       /lib64/libc.so.6
__nanosleep@@GLIBC_2.2.6                          /lib64/libc.so.6
__nanosleep@GLIBC_2.2.6                           /lib64/libc.so.6
__open                                            /lib64/libc.so.6
__open64                                          /lib64/libc.so.6
__open64@@GLIBC_2.2.5                             /lib64/libc.so.6
__open64@GLIBC_2.2.5                              /lib64/libc.so.6
__open@@GLIBC_2.2.5                               /lib64/libc.so.6
__open@GLIBC_2.2.5                                /lib64/libc.so.6
__openat64_2                                      /lib64/libc.so.6
__openat64_2@@GLIBC_2.7                           /lib64/libc.so.6
__openat64_2@GLIBC_2.7                            /lib64/libc.so.6
__pread64                                         /lib64/libc.so.6
__pread64@@GLIBC_2.2.5                            /lib64/libc.so.6
__pread64@GLIBC_2.2.5                             /lib64/libc.so.6
__pwrite64                                        /lib64/libc.so.6
__pwrite64@@GLIBC_2.2.5                           /lib64/libc.so.6
__pwrite64@GLIBC_2.2.5                            /lib64/libc.so.6
__read                                            /lib64/libc.so.6
__read@@GLIBC_2.2.5                               /lib64/libc.so.6
__read@GLIBC_2.2.5                                /lib64/libc.so.6
__realloc_hook                                    /lib64/libc.so.6
__realloc_hook@@GLIBC_2.2.5                       /lib64/libc.so.6
__realloc_hook@GLIBC_2.2.5                        /lib64/libc.so.6
__send                                            /lib64/libc.so.6
__send@@GLIBC_2.2.5                               /lib64/libc.so.6
__send@GLIBC_2.2.5                                /lib64/libc.so.6
__sigaction                                       /lib64/libc.so.6
__sigaction@@GLIBC_2.2.5                          /lib64/libc.so.6
__sigaction@GLIBC_2.2.5                           /lib64/libc.so.6
__signbit                                         /usr/lib/gcc/x86_64-redhat-linux/4.4.4/../../../../lib64/libm.so
                                                  libcrm114.a(crm114_util.o)
__signbit@@GLIBC_2.2.5                            /usr/lib/gcc/x86_64-redhat-linux/4.4.4/../../../../lib64/libm.so
                                                  /lib64/libc.so.6
__signbit@GLIBC_2.2.5                             /usr/lib/gcc/x86_64-redhat-linux/4.4.4/../../../../lib64/libm.so
__strtoll_l                                       /lib64/libc.so.6
__strtoll_l@@GLIBC_2.2.5                          /lib64/libc.so.6
__strtoll_l@GLIBC_2.2.5                           /lib64/libc.so.6
__strtoull_l                                      /lib64/libc.so.6
__strtoull_l@@GLIBC_2.2.5                         /lib64/libc.so.6
__strtoull_l@GLIBC_2.2.5                          /lib64/libc.so.6
__toascii_l                                       /lib64/libc.so.6
__toascii_l@@GLIBC_2.2.5                          /lib64/libc.so.6
__toascii_l@GLIBC_2.2.5                           /lib64/libc.so.6
__vsnprintf                                       /lib64/libc.so.6
__vsnprintf@@GLIBC_2.2.5                          /lib64/libc.so.6
__vsnprintf@GLIBC_2.2.5                           /lib64/libc.so.6
__vsscanf                                         /lib64/libc.so.6
__vsscanf@@GLIBC_2.2.5                            /lib64/libc.so.6
__vsscanf@GLIBC_2.2.5                             /lib64/libc.so.6
__wait                                            /lib64/libc.so.6
__wait@@GLIBC_2.2.5                               /lib64/libc.so.6
__wait@GLIBC_2.2.5                                /lib64/libc.so.6
__waitpid                                         /lib64/libc.so.6
__waitpid@@GLIBC_2.2.5                            /lib64/libc.so.6
__waitpid@GLIBC_2.2.5                             /lib64/libc.so.6
__wcstoll_l                                       /lib64/libc.so.6
__wcstoll_l@@GLIBC_2.2.5                          /lib64/libc.so.6
__wcstoll_l@GLIBC_2.2.5                           /lib64/libc.so.6
__wcstoull_l                                      /lib64/libc.so.6
__wcstoull_l@@GLIBC_2.2.5                         /lib64/libc.so.6
__wcstoull_l@GLIBC_2.2.5                          /lib64/libc.so.6
__write                                           /lib64/libc.so.6
__write@@GLIBC_2.2.5                              /lib64/libc.so.6
__write@GLIBC_2.2.5                               /lib64/libc.so.6
__xpg_sigpause                                    /lib64/libc.so.6
__xpg_sigpause@@GLIBC_2.2.5                       /lib64/libc.so.6
__xpg_sigpause@GLIBC_2.2.5                        /lib64/libc.so.6
_dl_starting_up                                   /lib64/libc.so.6
_edata                                            /usr/local/lib/libtre.so
_end                                              /usr/local/lib/libtre.so
_environ                                          /lib64/libc.so.6
_environ@@GLIBC_2.2.5                             /lib64/libc.so.6
_environ@GLIBC_2.2.5                              /lib64/libc.so.6
_fini                                             /usr/lib/gcc/x86_64-redhat-linux/4.4.4/../../../../lib64/crti.o
                                                  /usr/local/lib/libtre.so
_flushlbf                                         /lib64/libc.so.6
_flushlbf@@GLIBC_2.2.5                            /lib64/libc.so.6
_flushlbf@GLIBC_2.2.5                             /lib64/libc.so.6
_init                                             /usr/lib/gcc/x86_64-redhat-linux/4.4.4/../../../../lib64/crti.o
                                                  /usr/lib64/libc_nonshared.a(elf-init.oS)
                                                  /usr/local/lib/libtre.so
_longjmp                                          /lib64/libc.so.6
_longjmp@@GLIBC_2.2.5                             /lib64/libc.so.6
_longjmp@GLIBC_2.2.5                              /lib64/libc.so.6
_start                                            /usr/lib/gcc/x86_64-redhat-linux/4.4.4/../../../../lib64/crt1.o
accept                                            /lib64/libc.so.6
accept@@GLIBC_2.2.5                               /lib64/libc.so.6
accept@GLIBC_2.2.5                                /lib64/libc.so.6
access                                            /lib64/libc.so.6
access@@GLIBC_2.2.5                               /lib64/libc.so.6
access@GLIBC_2.2.5                                /lib64/libc.so.6
acos                                              /usr/lib/gcc/x86_64-redhat-linux/4.4.4/../../../../lib64/libm.so
acos@@GLIBC_2.2.5                                 /usr/lib/gcc/x86_64-redhat-linux/4.4.4/../../../../lib64/libm.so
acos@GLIBC_2.2.5                                  /usr/lib/gcc/x86_64-redhat-linux/4.4.4/../../../../lib64/libm.so
acosf                                             /usr/lib/gcc/x86_64-redhat-linux/4.4.4/../../../../lib64/libm.so
acosf@@GLIBC_2.2.5                                /usr/lib/gcc/x86_64-redhat-linux/4.4.4/../../../../lib64/libm.so
acosf@GLIBC_2.2.5                                 /usr/lib/gcc/x86_64-redhat-linux/4.4.4/../../../../lib64/libm.so
acosh                                             /usr/lib/gcc/x86_64-redhat-linux/4.4.4/../../../../lib64/libm.so
acosh@@GLIBC_2.2.5                                /usr/lib/gcc/x86_64-redhat-linux/4.4.4/../../../../lib64/libm.so
acosh@GLIBC_2.2.5                                 /usr/lib/gcc/x86_64-redhat-linux/4.4.4/../../../../lib64/libm.so
acoshf                                            /usr/lib/gcc/x86_64-redhat-linux/4.4.4/../../../../lib64/libm.so
acoshf@@GLIBC_2.2.5                               /usr/lib/gcc/x86_64-redhat-linux/4.4.4/../../../../lib64/libm.so
acoshf@GLIBC_2.2.5                                /usr/lib/gcc/x86_64-redhat-linux/4.4.4/../../../../lib64/libm.so
acoshl                                            /usr/lib/gcc/x86_64-redhat-linux/4.4.4/../../../../lib64/libm.so
acoshl@@GLIBC_2.2.5                               /usr/lib/gcc/x86_64-redhat-linux/4.4.4/../../../../lib64/libm.so
acoshl@GLIBC_2.2.5                                /usr/lib/gcc/x86_64-redhat-linux/4.4.4/../../../../lib64/libm.so
acosl                                             /usr/lib/gcc/x86_64-redhat-linux/4.4.4/../../../../lib64/libm.so
acosl@@GLIBC_2.2.5                                /usr/lib/gcc/x86_64-redhat-linux/4.4.4/../../../../lib64/libm.so
acosl@GLIBC_2.2.5                                 /usr/lib/gcc/x86_64-redhat-linux/4.4.4/../../../../lib64/libm.so
addmntent                                         /lib64/libc.so.6
addmntent@@GLIBC_2.2.5                            /lib64/libc.so.6
addmntent@GLIBC_2.2.5                             /lib64/libc.so.6
adjtime                                           /lib64/libc.so.6
adjtime@@GLIBC_2.2.5                              /lib64/libc.so.6
adjtime@GLIBC_2.2.5                               /lib64/libc.so.6
adjtimex                                          /lib64/libc.so.6
adjtimex@@GLIBC_2.2.5                             /lib64/libc.so.6
adjtimex@GLIBC_2.2.5                              /lib64/libc.so.6
advance                                           /lib64/libc.so.6
advance@@GLIBC_2.2.5                              /lib64/libc.so.6
advance@GLIBC_2.2.5                               /lib64/libc.so.6
alphasort64                                       /lib64/libc.so.6
alphasort64@@GLIBC_2.2.5                          /lib64/libc.so.6
alphasort64@GLIBC_2.2.5                           /lib64/libc.so.6
arch_prctl                                        /lib64/libc.so.6
arch_prctl@@GLIBC_2.2.5                           /lib64/libc.so.6
arch_prctl@GLIBC_2.2.5                            /lib64/libc.so.6
argp_error                                        /lib64/libc.so.6
argp_error@@GLIBC_2.2.5                           /lib64/libc.so.6
argp_error@GLIBC_2.2.5                            /lib64/libc.so.6
argp_failure                                      /lib64/libc.so.6
argp_failure@@GLIBC_2.2.5                         /lib64/libc.so.6
argp_failure@GLIBC_2.2.5                          /lib64/libc.so.6
argp_help                                         /lib64/libc.so.6
argp_help@@GLIBC_2.2.5                            /lib64/libc.so.6
argp_help@GLIBC_2.2.5                             /lib64/libc.so.6
argp_parse                                        /lib64/libc.so.6
argp_parse@@GLIBC_2.2.5                           /lib64/libc.so.6
argp_parse@GLIBC_2.2.5                            /lib64/libc.so.6
argp_state_help                                   /lib64/libc.so.6
argp_state_help@@GLIBC_2.2.5                      /lib64/libc.so.6
argp_state_help@GLIBC_2.2.5                       /lib64/libc.so.6
argp_usage                                        /lib64/libc.so.6
argp_usage@@GLIBC_2.2.5                           /lib64/libc.so.6
argp_usage@GLIBC_2.2.5                            /lib64/libc.so.6
argz_add                                          /lib64/libc.so.6
argz_add@@GLIBC_2.2.5                             /lib64/libc.so.6
argz_add@GLIBC_2.2.5                              /lib64/libc.so.6
argz_add_sep                                      /lib64/libc.so.6
argz_add_sep@@GLIBC_2.2.5                         /lib64/libc.so.6
argz_add_sep@GLIBC_2.2.5                          /lib64/libc.so.6
argz_append                                       /lib64/libc.so.6
argz_append@@GLIBC_2.2.5                          /lib64/libc.so.6
argz_append@GLIBC_2.2.5                           /lib64/libc.so.6
argz_count                                        /lib64/libc.so.6
argz_count@@GLIBC_2.2.5                           /lib64/libc.so.6
argz_count@GLIBC_2.2.5                            /lib64/libc.so.6
argz_create                                       /lib64/libc.so.6
argz_create@@GLIBC_2.2.5                          /lib64/libc.so.6
argz_create@GLIBC_2.2.5                           /lib64/libc.so.6
argz_create_sep                                   /lib64/libc.so.6
argz_create_sep@@GLIBC_2.2.5                      /lib64/libc.so.6
argz_create_sep@GLIBC_2.2.5                       /lib64/libc.so.6
argz_extract                                      /lib64/libc.so.6
argz_extract@@GLIBC_2.2.5                         /lib64/libc.so.6
argz_extract@GLIBC_2.2.5                          /lib64/libc.so.6
argz_insert                                       /lib64/libc.so.6
argz_insert@@GLIBC_2.2.5                          /lib64/libc.so.6
argz_insert@GLIBC_2.2.5                           /lib64/libc.so.6
argz_next                                         /lib64/libc.so.6
argz_next@@GLIBC_2.2.5                            /lib64/libc.so.6
argz_next@GLIBC_2.2.5                             /lib64/libc.so.6
argz_replace                                      /lib64/libc.so.6
argz_replace@@GLIBC_2.2.5                         /lib64/libc.so.6
argz_replace@GLIBC_2.2.5                          /lib64/libc.so.6
argz_stringify                                    /lib64/libc.so.6
argz_stringify@@GLIBC_2.2.5                       /lib64/libc.so.6
argz_stringify@GLIBC_2.2.5                        /lib64/libc.so.6
asctime_r                                         /lib64/libc.so.6
asctime_r@@GLIBC_2.2.5                            /lib64/libc.so.6
asctime_r@GLIBC_2.2.5                             /lib64/libc.so.6
asin                                              /usr/lib/gcc/x86_64-redhat-linux/4.4.4/../../../../lib64/libm.so
asin@@GLIBC_2.2.5                                 /usr/lib/gcc/x86_64-redhat-linux/4.4.4/../../../../lib64/libm.so
asin@GLIBC_2.2.5                                  /usr/lib/gcc/x86_64-redhat-linux/4.4.4/../../../../lib64/libm.so
asinf                                             /usr/lib/gcc/x86_64-redhat-linux/4.4.4/../../../../lib64/libm.so
asinf@@GLIBC_2.2.5                                /usr/lib/gcc/x86_64-redhat-linux/4.4.4/../../../../lib64/libm.so
asinf@GLIBC_2.2.5                                 /usr/lib/gcc/x86_64-redhat-linux/4.4.4/../../../../lib64/libm.so
asinh                                             /usr/lib/gcc/x86_64-redhat-linux/4.4.4/../../../../lib64/libm.so
asinh@@GLIBC_2.2.5                                /usr/lib/gcc/x86_64-redhat-linux/4.4.4/../../../../lib64/libm.so
asinh@GLIBC_2.2.5                                 /usr/lib/gcc/x86_64-redhat-linux/4.4.4/../../../../lib64/libm.so
asinhf                                            /usr/lib/gcc/x86_64-redhat-linux/4.4.4/../../../../lib64/libm.so
asinhf@@GLIBC_2.2.5                               /usr/lib/gcc/x86_64-redhat-linux/4.4.4/../../../../lib64/libm.so
asinhf@GLIBC_2.2.5                                /usr/lib/gcc/x86_64-redhat-linux/4.4.4/../../../../lib64/libm.so
asinhl                                            /usr/lib/gcc/x86_64-redhat-linux/4.4.4/../../../../lib64/libm.so
asinhl@@GLIBC_2.2.5                               /usr/lib/gcc/x86_64-redhat-linux/4.4.4/../../../../lib64/libm.so
asinhl@GLIBC_2.2.5                                /usr/lib/gcc/x86_64-redhat-linux/4.4.4/../../../../lib64/libm.so
asinl                                             /usr/lib/gcc/x86_64-redhat-linux/4.4.4/../../../../lib64/libm.so
asinl@@GLIBC_2.2.5                                /usr/lib/gcc/x86_64-redhat-linux/4.4.4/../../../../lib64/libm.so
asinl@GLIBC_2.2.5                                 /usr/lib/gcc/x86_64-redhat-linux/4.4.4/../../../../lib64/libm.so
asprintf                                          /lib64/libc.so.6
asprintf@@GLIBC_2.2.5                             /lib64/libc.so.6
asprintf@GLIBC_2.2.5                              /lib64/libc.so.6
atan2                                             /usr/lib/gcc/x86_64-redhat-linux/4.4.4/../../../../lib64/libm.so
atan2@@GLIBC_2.2.5                                /usr/lib/gcc/x86_64-redhat-linux/4.4.4/../../../../lib64/libm.so
atan2@GLIBC_2.2.5                                 /usr/lib/gcc/x86_64-redhat-linux/4.4.4/../../../../lib64/libm.so
atan2f                                            /usr/lib/gcc/x86_64-redhat-linux/4.4.4/../../../../lib64/libm.so
atan2f@@GLIBC_2.2.5                               /usr/lib/gcc/x86_64-redhat-linux/4.4.4/../../../../lib64/libm.so
atan2f@GLIBC_2.2.5                                /usr/lib/gcc/x86_64-redhat-linux/4.4.4/../../../../lib64/libm.so
atan2l                                            /usr/lib/gcc/x86_64-redhat-linux/4.4.4/../../../../lib64/libm.so
atan2l@@GLIBC_2.2.5                               /usr/lib/gcc/x86_64-redhat-linux/4.4.4/../../../../lib64/libm.so
atan2l@GLIBC_2.2.5                                /usr/lib/gcc/x86_64-redhat-linux/4.4.4/../../../../lib64/libm.so
atanf                                             /usr/lib/gcc/x86_64-redhat-linux/4.4.4/../../../../lib64/libm.so
atanf@@GLIBC_2.2.5                                /usr/lib/gcc/x86_64-redhat-linux/4.4.4/../../../../lib64/libm.so
atanf@GLIBC_2.2.5                                 /usr/lib/gcc/x86_64-redhat-linux/4.4.4/../../../../lib64/libm.so
atanh                                             /usr/lib/gcc/x86_64-redhat-linux/4.4.4/../../../../lib64/libm.so
atanh@@GLIBC_2.2.5                                /usr/lib/gcc/x86_64-redhat-linux/4.4.4/../../../../lib64/libm.so
atanh@GLIBC_2.2.5                                 /usr/lib/gcc/x86_64-redhat-linux/4.4.4/../../../../lib64/libm.so
atanhf                                            /usr/lib/gcc/x86_64-redhat-linux/4.4.4/../../../../lib64/libm.so
atanhf@@GLIBC_2.2.5                               /usr/lib/gcc/x86_64-redhat-linux/4.4.4/../../../../lib64/libm.so
atanhf@GLIBC_2.2.5                                /usr/lib/gcc/x86_64-redhat-linux/4.4.4/../../../../lib64/libm.so
atanhl                                            /usr/lib/gcc/x86_64-redhat-linux/4.4.4/../../../../lib64/libm.so
atanhl@@GLIBC_2.2.5                               /usr/lib/gcc/x86_64-redhat-linux/4.4.4/../../../../lib64/libm.so
atanhl@GLIBC_2.2.5                                /usr/lib/gcc/x86_64-redhat-linux/4.4.4/../../../../lib64/libm.so
atanl                                             /usr/lib/gcc/x86_64-redhat-linux/4.4.4/../../../../lib64/libm.so
atanl@@GLIBC_2.2.5                                /usr/lib/gcc/x86_64-redhat-linux/4.4.4/../../../../lib64/libm.so
atanl@GLIBC_2.2.5                                 /usr/lib/gcc/x86_64-redhat-linux/4.4.4/../../../../lib64/libm.so
backtrace                                         /lib64/libc.so.6
backtrace@@GLIBC_2.2.5                            /lib64/libc.so.6
backtrace@GLIBC_2.2.5                             /lib64/libc.so.6
backtrace_symbols                                 /lib64/libc.so.6
backtrace_symbols@@GLIBC_2.2.5                    /lib64/libc.so.6
backtrace_symbols@GLIBC_2.2.5                     /lib64/libc.so.6
backtrace_symbols_fd                              /lib64/libc.so.6
backtrace_symbols_fd@@GLIBC_2.2.5                 /lib64/libc.so.6
backtrace_symbols_fd@GLIBC_2.2.5                  /lib64/libc.so.6
bcmp                                              /lib64/libc.so.6
bcmp@@GLIBC_2.2.5                                 /lib64/libc.so.6
bcmp@GLIBC_2.2.5                                  /lib64/libc.so.6
bdflush                                           /lib64/libc.so.6
bdflush@@GLIBC_2.2.5                              /lib64/libc.so.6
bdflush@GLIBC_2.2.5                               /lib64/libc.so.6
bind                                              /lib64/libc.so.6
bind@@GLIBC_2.2.5                                 /lib64/libc.so.6
bind@GLIBC_2.2.5                                  /lib64/libc.so.6
bind_textdomain_codeset                           /lib64/libc.so.6
bind_textdomain_codeset@@GLIBC_2.2.5              /lib64/libc.so.6
bind_textdomain_codeset@GLIBC_2.2.5               /lib64/libc.so.6
bindtextdomain                                    /lib64/libc.so.6
bindtextdomain@@GLIBC_2.2.5                       /lib64/libc.so.6
bindtextdomain@GLIBC_2.2.5                        /lib64/libc.so.6
brk                                               /lib64/libc.so.6
brk@@GLIBC_2.2.5                                  /lib64/libc.so.6
brk@GLIBC_2.2.5                                   /lib64/libc.so.6
bsd_signal                                        /lib64/libc.so.6
bsd_signal@@GLIBC_2.2.5                           /lib64/libc.so.6
bsd_signal@GLIBC_2.2.5                            /lib64/libc.so.6
btowc                                             /lib64/libc.so.6
btowc@@GLIBC_2.2.5                                /lib64/libc.so.6
btowc@GLIBC_2.2.5                                 /lib64/libc.so.6
bzero                                             /lib64/libc.so.6
bzero@@GLIBC_2.2.5                                /lib64/libc.so.6
bzero@GLIBC_2.2.5                                 /lib64/libc.so.6
cabs                                              /usr/lib/gcc/x86_64-redhat-linux/4.4.4/../../../../lib64/libm.so
cabs@@GLIBC_2.2.5                                 /usr/lib/gcc/x86_64-redhat-linux/4.4.4/../../../../lib64/libm.so
cabs@GLIBC_2.2.5                                  /usr/lib/gcc/x86_64-redhat-linux/4.4.4/../../../../lib64/libm.so
cabsf                                             /usr/lib/gcc/x86_64-redhat-linux/4.4.4/../../../../lib64/libm.so
cabsf@@GLIBC_2.2.5                                /usr/lib/gcc/x86_64-redhat-linux/4.4.4/../../../../lib64/libm.so
cabsf@GLIBC_2.2.5                                 /usr/lib/gcc/x86_64-redhat-linux/4.4.4/../../../../lib64/libm.so
cabsl                                             /usr/lib/gcc/x86_64-redhat-linux/4.4.4/../../../../lib64/libm.so
cabsl@@GLIBC_2.2.5                                /usr/lib/gcc/x86_64-redhat-linux/4.4.4/../../../../lib64/libm.so
cabsl@GLIBC_2.2.5                                 /usr/lib/gcc/x86_64-redhat-linux/4.4.4/../../../../lib64/libm.so
cacos                                             /usr/lib/gcc/x86_64-redhat-linux/4.4.4/../../../../lib64/libm.so
cacos@@GLIBC_2.2.5                                /usr/lib/gcc/x86_64-redhat-linux/4.4.4/../../../../lib64/libm.so
cacos@GLIBC_2.2.5                                 /usr/lib/gcc/x86_64-redhat-linux/4.4.4/../../../../lib64/libm.so
cacosf                                            /usr/lib/gcc/x86_64-redhat-linux/4.4.4/../../../../lib64/libm.so
cacosf@@GLIBC_2.2.5                               /usr/lib/gcc/x86_64-redhat-linux/4.4.4/../../../../lib64/libm.so
cacosf@GLIBC_2.2.5                                /usr/lib/gcc/x86_64-redhat-linux/4.4.4/../../../../lib64/libm.so
cacosh                                            /usr/lib/gcc/x86_64-redhat-linux/4.4.4/../../../../lib64/libm.so
cacosh@@GLIBC_2.2.5                               /usr/lib/gcc/x86_64-redhat-linux/4.4.4/../../../../lib64/libm.so
cacosh@GLIBC_2.2.5                                /usr/lib/gcc/x86_64-redhat-linux/4.4.4/../../../../lib64/libm.so
cacoshf                                           /usr/lib/gcc/x86_64-redhat-linux/4.4.4/../../../../lib64/libm.so
cacoshf@@GLIBC_2.2.5                              /usr/lib/gcc/x86_64-redhat-linux/4.4.4/../../../../lib64/libm.so
cacoshf@GLIBC_2.2.5                               /usr/lib/gcc/x86_64-redhat-linux/4.4.4/../../../../lib64/libm.so
cacoshl                                           /usr/lib/gcc/x86_64-redhat-linux/4.4.4/../../../../lib64/libm.so
cacoshl@@GLIBC_2.2.5                              /usr/lib/gcc/x86_64-redhat-linux/4.4.4/../../../../lib64/libm.so
cacoshl@GLIBC_2.2.5                               /usr/lib/gcc/x86_64-redhat-linux/4.4.4/../../../../lib64/libm.so
cacosl                                            /usr/lib/gcc/x86_64-redhat-linux/4.4.4/../../../../lib64/libm.so
cacosl@@GLIBC_2.2.5                               /usr/lib/gcc/x86_64-redhat-linux/4.4.4/../../../../lib64/libm.so
cacosl@GLIBC_2.2.5                                /usr/lib/gcc/x86_64-redhat-linux/4.4.4/../../../../lib64/libm.so
calloc                                            /lib64/libc.so.6
                                                  libcrm114.a(crm114_matrix.o)
                                                  libcrm114.a(crm114_fast_substring_compression.o)
                                                  libcrm114.a(crm114_base.o)
calloc@@GLIBC_2.2.5                               /lib64/libc.so.6
                                                  /lib64/ld-linux-x86-64.so.2
calloc@GLIBC_2.2.5                                /lib64/libc.so.6
                                                  /usr/local/lib/libtre.so
canonicalize_file_name                            /lib64/libc.so.6
canonicalize_file_name@@GLIBC_2.2.5               /lib64/libc.so.6
canonicalize_file_name@GLIBC_2.2.5                /lib64/libc.so.6
carg                                              /usr/lib/gcc/x86_64-redhat-linux/4.4.4/../../../../lib64/libm.so
carg@@GLIBC_2.2.5                                 /usr/lib/gcc/x86_64-redhat-linux/4.4.4/../../../../lib64/libm.so
carg@GLIBC_2.2.5                                  /usr/lib/gcc/x86_64-redhat-linux/4.4.4/../../../../lib64/libm.so
cargf                                             /usr/lib/gcc/x86_64-redhat-linux/4.4.4/../../../../lib64/libm.so